 zlibwapi

 Timestamp is 65b0cbe8 (Wed Jan 24 16:35:52 2024)

 Preferred load address is 0000000180000000

 Start         Length     Name                   Class
 0001:00000000 000122a0H .text$mn                CODE
 0001:000122a0 00000036H .text$mn$00             CODE
 0001:000122d6 00000092H .text$x                 CODE
 0002:00000000 00000250H .idata$5                DATA
 0002:00000250 00000038H .00cfg                  DATA
 0002:00000288 00000008H .CRT$XCA                DATA
 0002:00000290 00000008H .CRT$XCZ                DATA
 0002:00000298 00000008H .CRT$XIA                DATA
 0002:000002a0 00000008H .CRT$XIZ                DATA
 0002:000002a8 00000008H .CRT$XPA                DATA
 0002:000002b0 00000008H .CRT$XPZ                DATA
 0002:000002b8 00000008H .CRT$XTA                DATA
 0002:000002c0 00000010H .CRT$XTZ                DATA
 0002:000002c8 00000000H .gehcont$y              DATA
 0002:000002c8 00000000H .gfids$y                DATA
 0002:000002d0 00004d30H .rdata                  DATA
 0002:00005000 00000080H .rdata$CastGuardVftablesA DATA
 0002:00005080 00000080H .rdata$CastGuardVftablesC DATA
 0002:00005100 0000007cH .rdata$voltmd           DATA
 0002:0000517c 00000324H .rdata$zzzdbg           DATA
 0002:000054a0 00000008H .rtc$IAA                DATA
 0002:000054a8 00000008H .rtc$IZZ                DATA
 0002:000054b0 00000008H .rtc$TAA                DATA
 0002:000054b8 00000008H .rtc$TZZ                DATA
 0002:000054c0 00001860H .xdata                  DATA
 0002:00006d20 00000d50H .edata                  DATA
 0002:00007a70 000000a0H .idata$2                DATA
 0002:00007b10 00000018H .idata$3                DATA
 0002:00007b28 00000250H .idata$4                DATA
 0002:00007d78 0000052cH .idata$6                DATA
 0003:00000000 000000b0H .data                   DATA
 0003:000000b0 000000a8H .bss                    DATA
 0004:00000000 000011c4H .pdata                  DATA
 0005:00000000 00000060H .rsrc$01                DATA
 0005:00000060 00000338H .rsrc$02                DATA

  Address         Publics by Value              Rva+Base               Lib:Object

 0000:00000000       __AbsoluteZero             0000000000000000     <absolute>
 0000:00000000       ___safe_se_handler_count   0000000000000000     <absolute>
 0000:00000000       ___safe_se_handler_table   0000000000000000     <absolute>
 0000:00000000       __arm64x_extra_rfe_table   0000000000000000     <absolute>
 0000:00000000       __arm64x_extra_rfe_table_size 0000000000000000     <absolute>
 0000:00000000       __arm64x_native_entrypoint 0000000000000000     <absolute>
 0000:00000000       __arm64x_redirection_metadata 0000000000000000     <absolute>
 0000:00000000       __arm64x_redirection_metadata_count 0000000000000000     <absolute>
 0000:00000000       __dynamic_value_reloc_table 0000000000000000     <absolute>
 0000:00000000       __enclave_config           0000000000000000     <absolute>
 0000:00000000       __guard_check_icall_a64n_fptr 0000000000000000     <absolute>
 0000:00000000       __guard_eh_cont_count      0000000000000000     <absolute>
 0000:00000000       __guard_eh_cont_table      0000000000000000     <absolute>
 0000:00000000       __guard_fids_count         0000000000000000     <absolute>
 0000:00000000       __guard_fids_table         0000000000000000     <absolute>
 0000:00000000       __guard_iat_count          0000000000000000     <absolute>
 0000:00000000       __guard_iat_table          0000000000000000     <absolute>
 0000:00000000       __guard_longjmp_count      0000000000000000     <absolute>
 0000:00000000       __guard_longjmp_table      0000000000000000     <absolute>
 0000:00000000       __hybrid_auxiliary_delayload_iat 0000000000000000     <absolute>
 0000:00000000       __hybrid_auxiliary_delayload_iat_copy 0000000000000000     <absolute>
 0000:00000000       __hybrid_auxiliary_iat     0000000000000000     <absolute>
 0000:00000000       __hybrid_auxiliary_iat_copy 0000000000000000     <absolute>
 0000:00000000       __hybrid_code_map          0000000000000000     <absolute>
 0000:00000000       __hybrid_code_map_count    0000000000000000     <absolute>
 0000:00000000       __hybrid_image_info_bitfield 0000000000000000     <absolute>
 0000:00000000       __x64_code_ranges_to_entry_points 0000000000000000     <absolute>
 0000:00000000       __x64_code_ranges_to_entry_points_count 0000000000000000     <absolute>
 0000:00000100       __guard_flags              0000000000000100     <absolute>
 0000:00000000       __ImageBase                0000000180000000     <linker-defined>
 0001:00000000       adler32_z                  0000000180001000 f   adler32.obj
 0001:000002e0       adler32                    00000001800012e0 f   adler32.obj
 0001:000003d0       adler32_combine            00000001800013d0 f   adler32.obj
 0001:000003e0       compress2                  00000001800013e0 f   compress.obj
 0001:000004e0       compress                   00000001800014e0 f   compress.obj
 0001:00000500       compressBound              0000000180001500 f   compress.obj
 0001:000005c0       get_crc_table              00000001800015c0 f   crc32.obj
 0001:00000650       crc32_z                    0000000180001650 f   crc32.obj
 0001:00000a10       crc32                      0000000180001a10 f   crc32.obj
 0001:00000a20       crc32_combine64            0000000180001a20 f   crc32.obj
 0001:00000a50       crc32_combine              0000000180001a50 f   crc32.obj
 0001:00000a60       crc32_combine_gen64        0000000180001a60 f   crc32.obj
 0001:00000a70       crc32_combine_gen          0000000180001a70 f   crc32.obj
 0001:00000a80       crc32_combine_op           0000000180001a80 f   crc32.obj
 0001:00000df0       deflateInit_               0000000180001df0 f   deflate.obj
 0001:00000e30       deflateInit2_              0000000180001e30 f   deflate.obj
 0001:00001120       deflateSetDictionary       0000000180002120 f   deflate.obj
 0001:00001320       deflateGetDictionary       0000000180002320 f   deflate.obj
 0001:000013a0       deflateResetKeep           00000001800023a0 f   deflate.obj
 0001:000014f0       deflateReset               00000001800024f0 f   deflate.obj
 0001:00001520       deflateSetHeader           0000000180002520 f   deflate.obj
 0001:00001560       deflatePending             0000000180002560 f   deflate.obj
 0001:000015b0       deflatePrime               00000001800025b0 f   deflate.obj
 0001:00001670       deflateParams              0000000180002670 f   deflate.obj
 0001:000017f0       deflateTune                00000001800027f0 f   deflate.obj
 0001:00001840       deflateBound               0000000180002840 f   deflate.obj
 0001:00001a40       deflate                    0000000180002a40 f   deflate.obj
 0001:000023e0       deflateEnd                 00000001800033e0 f   deflate.obj
 0001:000024c0       deflateCopy                00000001800034c0 f   deflate.obj
 0001:00003bf0       gzclose                    0000000180004bf0 f   gzclose.obj
 0001:00003c10       __local_stdio_printf_options 0000000180004c10 f i gzlib.obj
 0001:00003c20       vsnprintf                  0000000180004c20 f i gzlib.obj
 0001:00003c90       snprintf                   0000000180004c90 f i gzlib.obj
 0001:00004070       gzopen                     0000000180005070 f   gzlib.obj
 0001:00004080       gzdopen                    0000000180005080 f   gzlib.obj
 0001:00004110       gzopen_w                   0000000180005110 f   gzlib.obj
 0001:00004120       gzbuffer                   0000000180005120 f   gzlib.obj
 0001:00004160       gzrewind                   0000000180005160 f   gzlib.obj
 0001:000041c0       gzseek64                   00000001800051c0 f   gzlib.obj
 0001:00004310       gzseek                     0000000180005310 f   gzlib.obj
 0001:00004340       gztell64                   0000000180005340 f   gzlib.obj
 0001:00004380       gztell                     0000000180005380 f   gzlib.obj
 0001:000043a0       gzoffset64                 00000001800053a0 f   gzlib.obj
 0001:00004400       gzoffset                   0000000180005400 f   gzlib.obj
 0001:00004420       gzeof                      0000000180005420 f   gzlib.obj
 0001:00004440       gzerror                    0000000180005440 f   gzlib.obj
 0001:00004490       gzclearerr                 0000000180005490 f   gzlib.obj
 0001:000044d0       gz_error                   00000001800054d0 f   gzlib.obj
 0001:00004c70       gzread                     0000000180005c70 f   gzread.obj
 0001:00004ce0       gzfread                    0000000180005ce0 f   gzread.obj
 0001:00004d60       gzgetc                     0000000180005d60 f   gzread.obj
 0001:00004de0       gzgetc_                    0000000180005de0 f   gzread.obj
 0001:00004df0       gzungetc                   0000000180005df0 f   gzread.obj
 0001:00004f30       gzgets                     0000000180005f30 f   gzread.obj
 0001:00005060       gzdirect                   0000000180006060 f   gzread.obj
 0001:000050a0       gzclose_r                  00000001800060a0 f   gzread.obj
 0001:00005620       gzwrite                    0000000180006620 f   gzwrite.obj
 0001:00005670       gzfwrite                   0000000180006670 f   gzwrite.obj
 0001:000056f0       gzputc                     00000001800066f0 f   gzwrite.obj
 0001:000057c0       gzputs                     00000001800067c0 f   gzwrite.obj
 0001:00005850       gzvprintf                  0000000180006850 f   gzwrite.obj
 0001:000059e0       gzprintf                   00000001800069e0 f   gzwrite.obj
 0001:00005a10       gzflush                    0000000180006a10 f   gzwrite.obj
 0001:00005a80       gzsetparams                0000000180006a80 f   gzwrite.obj
 0001:00005b90       gzclose_w                  0000000180006b90 f   gzwrite.obj
 0001:00005c60       inflateBackInit_           0000000180006c60 f   infback.obj
 0001:00005db0       inflateBack                0000000180006db0 f   infback.obj
 0001:00006cb0       inflateBackEnd             0000000180007cb0 f   infback.obj
 0001:00006d00       inflate_fast               0000000180007d00 f   inffast.obj
 0001:00007230       inflateResetKeep           0000000180008230 f   inflate.obj
 0001:000072d0       inflateReset               00000001800082d0 f   inflate.obj
 0001:00007300       inflateReset2              0000000180008300 f   inflate.obj
 0001:000073a0       inflateInit2_              00000001800083a0 f   inflate.obj
 0001:000074a0       inflateInit_               00000001800084a0 f   inflate.obj
 0001:000074b0       inflatePrime               00000001800084b0 f   inflate.obj
 0001:00007660       inflate                    0000000180008660 f   inflate.obj
 0001:00008ea0       inflateEnd                 0000000180009ea0 f   inflate.obj
 0001:00008f00       inflateGetDictionary       0000000180009f00 f   inflate.obj
 0001:00008f90       inflateSetDictionary       0000000180009f90 f   inflate.obj
 0001:00009050       inflateGetHeader           000000018000a050 f   inflate.obj
 0001:00009100       inflateSync                000000018000a100 f   inflate.obj
 0001:00009250       inflateSyncPoint           000000018000a250 f   inflate.obj
 0001:00009290       inflateCopy                000000018000a290 f   inflate.obj
 0001:00009440       inflateUndermine           000000018000a440 f   inflate.obj
 0001:00009470       inflateValidate            000000018000a470 f   inflate.obj
 0001:000094b0       inflateMark                000000018000a4b0 f   inflate.obj
 0001:00009520       inflateCodesUsed           000000018000a520 f   inflate.obj
 0001:00009560       inflate_table              000000018000a560 f   inftrees.obj
 0001:00009b20       call_zopen64               000000018000ab20 f   ioapi.obj
 0001:00009b40       call_zseek64               000000018000ab40 f   ioapi.obj
 0001:00009b70       call_ztell64               000000018000ab70 f   ioapi.obj
 0001:00009bb0       fill_zlib_filefunc64_32_def_from_filefunc32 000000018000abb0 f   ioapi.obj
 0001:00009dc0       fill_fopen64_filefunc      000000018000adc0 f   ioapi.obj
 0001:00009ef0       win32_open64_file_func     000000018000aef0 f   iowin32.obj
 0001:00009f70       win32_open64_file_funcA    000000018000af70 f   iowin32.obj
 0001:00009ff0       win32_open64_file_funcW    000000018000aff0 f   iowin32.obj
 0001:0000a070       win32_open_file_func       000000018000b070 f   iowin32.obj
 0001:0000a0f0       win32_read_file_func       000000018000b0f0 f   iowin32.obj
 0001:0000a160       win32_write_file_func      000000018000b160 f   iowin32.obj
 0001:0000a240       win32_tell_file_func       000000018000b240 f   iowin32.obj
 0001:0000a2a0       win32_tell64_file_func     000000018000b2a0 f   iowin32.obj
 0001:0000a300       win32_seek_file_func       000000018000b300 f   iowin32.obj
 0001:0000a380       win32_seek64_file_func     000000018000b380 f   iowin32.obj
 0001:0000a400       win32_close_file_func      000000018000b400 f   iowin32.obj
 0001:0000a440       win32_error_file_func      000000018000b440 f   iowin32.obj
 0001:0000a450       fill_win32_filefunc        000000018000b450 f   iowin32.obj
 0001:0000a4b0       fill_win32_filefunc64      000000018000b4b0 f   iowin32.obj
 0001:0000a510       fill_win32_filefunc64A     000000018000b510 f   iowin32.obj
 0001:0000a570       fill_win32_filefunc64W     000000018000b570 f   iowin32.obj
 0001:0000a9d0       _tr_init                   000000018000b9d0 f   trees.obj
 0001:0000b8d0       _tr_stored_block           000000018000c8d0 f   trees.obj
 0001:0000b9e0       _tr_flush_bits             000000018000c9e0 f   trees.obj
 0001:0000b9f0       _tr_align                  000000018000c9f0 f   trees.obj
 0001:0000bfd0       _tr_flush_block            000000018000cfd0 f   trees.obj
 0001:0000c200       uncompress2                000000018000d200 f   uncompr.obj
 0001:0000c360       uncompress                 000000018000d360 f   uncompr.obj
 0001:0000c5d0       unzStringFileNameCompare   000000018000d5d0 f   unzip.obj
 0001:0000cdf0       unzOpen2                   000000018000ddf0 f   unzip.obj
 0001:0000ce40       unzOpen2_64                000000018000de40 f   unzip.obj
 0001:0000cea0       unzOpen                    000000018000dea0 f   unzip.obj
 0001:0000ceb0       unzOpen64                  000000018000deb0 f   unzip.obj
 0001:0000cec0       unzClose                   000000018000dec0 f   unzip.obj
 0001:0000cf10       unzGetGlobalInfo64         000000018000df10 f   unzip.obj
 0001:0000cf30       unzGetGlobalInfo           000000018000df30 f   unzip.obj
 0001:0000d540       unzGetCurrentFileInfo64    000000018000e540 f   unzip.obj
 0001:0000d590       unzGetCurrentFileInfo      000000018000e590 f   unzip.obj
 0001:0000d690       unzGoToFirstFile           000000018000e690 f   unzip.obj
 0001:0000d710       unzGoToNextFile            000000018000e710 f   unzip.obj
 0001:0000d7d0       unzLocateFile              000000018000e7d0 f   unzip.obj
 0001:0000d9c0       unzGetFilePos64            000000018000e9c0 f   unzip.obj
 0001:0000da00       unzGetFilePos              000000018000ea00 f   unzip.obj
 0001:0000da30       unzGoToFilePos64           000000018000ea30 f   unzip.obj
 0001:0000dab0       unzGoToFilePos             000000018000eab0 f   unzip.obj
 0001:0000dd10       unzOpenCurrentFile3        000000018000ed10 f   unzip.obj
 0001:0000dfb0       unzOpenCurrentFile         000000018000efb0 f   unzip.obj
 0001:0000dfd0       unzOpenCurrentFilePassword 000000018000efd0 f   unzip.obj
 0001:0000dff0       unzOpenCurrentFile2        000000018000eff0 f   unzip.obj
 0001:0000e010       unzGetCurrentFileZStreamPos64 000000018000f010 f   unzip.obj
 0001:0000e030       unzReadCurrentFile         000000018000f030 f   unzip.obj
 0001:0000e300       unztell                    000000018000f300 f   unzip.obj
 0001:0000e320       unztell64                  000000018000f320 f   unzip.obj
 0001:0000e350       unzeof                     000000018000f350 f   unzip.obj
 0001:0000e380       unzGetLocalExtrafield      000000018000f380 f   unzip.obj
 0001:0000e470       unzCloseCurrentFile        000000018000f470 f   unzip.obj
 0001:0000e520       unzGetGlobalComment        000000018000f520 f   unzip.obj
 0001:0000f520       zipOpen3                   0000000180010520 f   zip.obj
 0001:0000f6c0       zipOpen2                   00000001800106c0 f   zip.obj
 0001:0000f710       zipOpen2_64                0000000180010710 f   zip.obj
 0001:0000f770       zipOpen                    0000000180010770 f   zip.obj
 0001:0000f780       zipOpen64                  0000000180010780 f   zip.obj
 0001:0000f9f0       zipOpenNewFileInZip4_64    00000001800109f0 f   zip.obj
 0001:0000fff0       zipOpenNewFileInZip3       0000000180010ff0 f   zip.obj
 0001:000100a0       zipOpenNewFileInZip3_64    00000001800110a0 f   zip.obj
 0001:00010160       zipOpenNewFileInZip2       0000000180011160 f   zip.obj
 0001:000101f0       zipOpenNewFileInZip2_64    00000001800111f0 f   zip.obj
 0001:00010290       zipOpenNewFileInZip64      0000000180011290 f   zip.obj
 0001:00010320       zipOpenNewFileInZip        0000000180011320 f   zip.obj
 0001:00010490       zipWriteInFileInZip        0000000180011490 f   zip.obj
 0001:00010600       zipCloseFileInZipRaw       0000000180011600 f   zip.obj
 0001:00010610       zipCloseFileInZipRaw64     0000000180011610 f   zip.obj
 0001:00010b00       zipCloseFileInZip          0000000180011b00 f   zip.obj
 0001:00010e80       zipClose                   0000000180011e80 f   zip.obj
 0001:00010ff0       zlibVersion                0000000180011ff0 f   zutil.obj
 0001:00011000       zlibCompileFlags           0000000180012000 f   zutil.obj
 0001:00011010       zError                     0000000180012010 f   zutil.obj
 0001:00011040       zcalloc                    0000000180012040 f   zutil.obj
 0001:00011050       zcfree                     0000000180012050 f   zutil.obj
 0001:0001105a       ReadFile                   000000018001205a f   kernel32:KERNEL32.dll
 0001:00011060       WriteFile                  0000000180012060 f   kernel32:KERNEL32.dll
 0001:00011066       SetFilePointer             0000000180012066 f   kernel32:KERNEL32.dll
 0001:0001106c       CreateFileW                000000018001206c f   kernel32:KERNEL32.dll
 0001:00011072       GetLastError               0000000180012072 f   kernel32:KERNEL32.dll
 0001:00011078       CreateFileA                0000000180012078 f   kernel32:KERNEL32.dll
 0001:0001107e       CloseHandle                000000018001207e f   kernel32:KERNEL32.dll
 0001:000113bc       _CRT_INIT                  00000001800123bc f   MSVCRT:dll_dllmain.obj
 0001:000113c4       _DllMainCRTStartup         00000001800123c4 f   MSVCRT:dll_dllmain.obj
 0001:00011470       __security_init_cookie     0000000180012470 f   MSVCRT:gs_support.obj
 0001:0001151c       DllMain                    000000018001251c f   MSVCRT:dll_dllmain_stub.obj
 0001:00011540       ?__scrt_initialize_type_info@@YAXXZ 0000000180012540 f   MSVCRT:tncleanup.obj
 0001:00011550       ?__scrt_uninitialize_type_info@@YAXXZ 0000000180012550 f   MSVCRT:tncleanup.obj
 0001:0001155c       __local_stdio_scanf_options 000000018001255c f i MSVCRT:default_local_stdio_options.obj
 0001:00011564       __scrt_initialize_default_local_stdio_options 0000000180012564 f   MSVCRT:default_local_stdio_options.obj
 0001:00011580       ?configure_argv@__scrt_narrow_argv_policy@@SAHXZ 0000000180012580 f i MSVCRT:utility.obj
 0001:000115e0       ?initialize_environment@__scrt_narrow_environment_policy@@SAHXZ 00000001800125e0 f i MSVCRT:utility.obj
 0001:00011618       NtCurrentTeb               0000000180012618 f i MSVCRT:utility.obj
 0001:00011624       __scrt_acquire_startup_lock 0000000180012624 f   MSVCRT:utility.obj
 0001:00011660       __scrt_dllmain_after_initialize_c 0000000180012660 f   MSVCRT:utility.obj
 0001:00011694       __scrt_dllmain_before_initialize_c 0000000180012694 f   MSVCRT:utility.obj
 0001:000116ac       __scrt_dllmain_crt_thread_attach 00000001800126ac f   MSVCRT:utility.obj
 0001:000116d4       __scrt_dllmain_crt_thread_detach 00000001800126d4 f   MSVCRT:utility.obj
 0001:000116ec       __scrt_dllmain_exception_filter 00000001800126ec f   MSVCRT:utility.obj
 0001:0001174c       __scrt_dllmain_uninitialize_c 000000018001274c f   MSVCRT:utility.obj
 0001:0001177c       __scrt_dllmain_uninitialize_critical 000000018001277c f   MSVCRT:utility.obj
 0001:00011790       __scrt_initialize_crt      0000000180012790 f   MSVCRT:utility.obj
 0001:000117cc       __scrt_initialize_onexit_tables 00000001800127cc f   MSVCRT:utility.obj
 0001:00011858       __scrt_is_nonwritable_in_current_image 0000000180012858 f   MSVCRT:utility.obj
 0001:000118f0       __scrt_release_startup_lock 00000001800128f0 f   MSVCRT:utility.obj
 0001:00011914       __scrt_uninitialize_crt    0000000180012914 f   MSVCRT:utility.obj
 0001:00011940       _onexit                    0000000180012940 f   MSVCRT:utility.obj
 0001:0001197c       at_quick_exit              000000018001297c f   MSVCRT:utility.obj
 0001:0001199c       atexit                     000000018001299c f   MSVCRT:utility.obj
 0001:000119b4       __scrt_get_dyn_tls_init_callback 00000001800129b4 f   MSVCRT:dyn_tls_init.obj
 0001:000119bc       __crt_debugger_hook        00000001800129bc f   MSVCRT:utility_desktop.obj
 0001:000119c4       __scrt_fastfail            00000001800129c4 f   MSVCRT:utility_desktop.obj
 0001:00011b0c       __scrt_get_show_window_mode 0000000180012b0c f   MSVCRT:utility_desktop.obj
 0001:00011b48       __scrt_initialize_mta      0000000180012b48 f   MSVCRT:utility_desktop.obj
 0001:00011b50       __scrt_initialize_winrt    0000000180012b50 f   MSVCRT:utility_desktop.obj
 0001:00011b54       __scrt_is_managed_app      0000000180012b54 f   MSVCRT:utility_desktop.obj
 0001:00011ba8       __scrt_set_unhandled_exception_filter 0000000180012ba8 f   MSVCRT:utility_desktop.obj
 0001:00011bb8       __scrt_exe_initialize_mta  0000000180012bb8 f   MSVCRT:utility_desktop.obj
 0001:00011bb8       __scrt_stub_for_initialize_mta 0000000180012bb8 f   MSVCRT:utility_desktop.obj
 0001:00011bbc       __scrt_unhandled_exception_filter 0000000180012bbc f   MSVCRT:utility_desktop.obj
 0001:00011c18       _RTC_Initialize            0000000180012c18 f   MSVCRT:initsect.obj
 0001:00011c54       _RTC_Terminate             0000000180012c54 f   MSVCRT:initsect.obj
 0001:00011c90       _guard_check_icall_nop     0000000180012c90 f i MSVCRT:guard_support.obj
 0001:00011c94       ReadNoFence64              0000000180012c94 f i MSVCRT:guard_support.obj
 0001:00011c98       ReadPointerNoFence         0000000180012c98 f i MSVCRT:guard_support.obj
 0001:00011c9c       __castguard_check_failure_debugbreak 0000000180012c9c f i MSVCRT:guard_support.obj
 0001:00011cb8       __castguard_check_failure_fastfail 0000000180012cb8 f i MSVCRT:guard_support.obj
 0001:00011cdc       __castguard_check_failure_nop 0000000180012cdc f i MSVCRT:guard_support.obj
 0001:00011ce0       __castguard_check_failure_os_handled 0000000180012ce0 f i MSVCRT:guard_support.obj
 0001:00011d2c       __castguard_check_failure_user_handled 0000000180012d2c f i MSVCRT:guard_support.obj
 0001:00011da0       __castguard_set_user_handler 0000000180012da0 f i MSVCRT:guard_support.obj
 0001:00011dac       __castguard_slow_path_check_debugbreak 0000000180012dac f i MSVCRT:guard_support.obj
 0001:00011de0       __castguard_slow_path_check_fastfail 0000000180012de0 f i MSVCRT:guard_support.obj
 0001:00011e1c       __castguard_slow_path_check_nop 0000000180012e1c f i MSVCRT:guard_support.obj
 0001:00011e20       __castguard_slow_path_check_os_handled 0000000180012e20 f i MSVCRT:guard_support.obj
 0001:00011e6c       __castguard_slow_path_check_user_handled 0000000180012e6c f i MSVCRT:guard_support.obj
 0001:00011ed8       _guard_icall_checks_enforced 0000000180012ed8 f i MSVCRT:guard_support.obj
 0001:00011ef0       _guard_rf_checks_enforced  0000000180012ef0 f i MSVCRT:guard_support.obj
 0001:00011ef4       __isa_available_init       0000000180012ef4 f   MSVCRT:cpu_disp.obj
 0001:000120a0       _get_startup_argv_mode     00000001800130a0 f   MSVCRT:argv_mode.obj
 0001:000120a8       __scrt_is_ucrt_dll_in_use  00000001800130a8 f   MSVCRT:ucrt_detection.obj
 0001:000120c0       __C_specific_handler       00000001800130c0 f   vcruntime:VCRUNTIME140.dll
 0001:000120c6       __std_type_info_destroy_list 00000001800130c6 f   vcruntime:VCRUNTIME140.dll
 0001:000120cc       __current_exception        00000001800130cc f   vcruntime:VCRUNTIME140.dll
 0001:000120d2       __current_exception_context 00000001800130d2 f   vcruntime:VCRUNTIME140.dll
 0001:000120d8       memset                     00000001800130d8 f   vcruntime:VCRUNTIME140.dll
 0001:000120de       _lseeki64                  00000001800130de f   ucrt:api-ms-win-crt-stdio-l1-1-0.dll
 0001:000120e4       _wopen                     00000001800130e4 f   ucrt:api-ms-win-crt-stdio-l1-1-0.dll
 0001:000120ea       _open                      00000001800130ea f   ucrt:api-ms-win-crt-stdio-l1-1-0.dll
 0001:000120f0       wcstombs                   00000001800130f0 f   ucrt:api-ms-win-crt-convert-l1-1-0.dll
 0001:000120f6       __stdio_common_vsprintf    00000001800130f6 f   ucrt:api-ms-win-crt-stdio-l1-1-0.dll
 0001:000120fc       free                       00000001800130fc f   ucrt:api-ms-win-crt-heap-l1-1-0.dll
 0001:00012102       malloc                     0000000180013102 f   ucrt:api-ms-win-crt-heap-l1-1-0.dll
 0001:00012108       _read                      0000000180013108 f   ucrt:api-ms-win-crt-stdio-l1-1-0.dll
 0001:0001210e       _close                     000000018001310e f   ucrt:api-ms-win-crt-stdio-l1-1-0.dll
 0001:00012114       _errno                     0000000180013114 f   ucrt:api-ms-win-crt-runtime-l1-1-0.dll
 0001:0001211a       strerror                   000000018001311a f   ucrt:api-ms-win-crt-runtime-l1-1-0.dll
 0001:00012120       _write                     0000000180013120 f   ucrt:api-ms-win-crt-stdio-l1-1-0.dll
 0001:00012126       ftell                      0000000180013126 f   ucrt:api-ms-win-crt-stdio-l1-1-0.dll
 0001:0001212c       ferror                     000000018001312c f   ucrt:api-ms-win-crt-stdio-l1-1-0.dll
 0001:00012132       fopen                      0000000180013132 f   ucrt:api-ms-win-crt-stdio-l1-1-0.dll
 0001:00012138       fclose                     0000000180013138 f   ucrt:api-ms-win-crt-stdio-l1-1-0.dll
 0001:0001213e       fseek                      000000018001313e f   ucrt:api-ms-win-crt-stdio-l1-1-0.dll
 0001:00012144       fwrite                     0000000180013144 f   ucrt:api-ms-win-crt-stdio-l1-1-0.dll
 0001:0001214a       _ftelli64                  000000018001314a f   ucrt:api-ms-win-crt-stdio-l1-1-0.dll
 0001:00012150       fread                      0000000180013150 f   ucrt:api-ms-win-crt-stdio-l1-1-0.dll
 0001:00012156       _fseeki64                  0000000180013156 f   ucrt:api-ms-win-crt-stdio-l1-1-0.dll
 0001:0001215c       srand                      000000018001315c f   ucrt:api-ms-win-crt-utility-l1-1-0.dll
 0001:00012162       rand                       0000000180013162 f   ucrt:api-ms-win-crt-utility-l1-1-0.dll
 0001:00012168       _time64                    0000000180013168 f   ucrt:api-ms-win-crt-time-l1-1-0.dll
 0001:0001216e       _initterm                  000000018001316e f   ucrt:api-ms-win-crt-runtime-l1-1-0.dll
 0001:00012174       _initterm_e                0000000180013174 f   ucrt:api-ms-win-crt-runtime-l1-1-0.dll
 0001:0001217a       _seh_filter_dll            000000018001317a f   ucrt:api-ms-win-crt-runtime-l1-1-0.dll
 0001:00012180       _configure_narrow_argv     0000000180013180 f   ucrt:api-ms-win-crt-runtime-l1-1-0.dll
 0001:00012186       _initialize_narrow_environment 0000000180013186 f   ucrt:api-ms-win-crt-runtime-l1-1-0.dll
 0001:0001218c       _initialize_onexit_table   000000018001318c f   ucrt:api-ms-win-crt-runtime-l1-1-0.dll
 0001:00012192       _register_onexit_function  0000000180013192 f   ucrt:api-ms-win-crt-runtime-l1-1-0.dll
 0001:00012198       _execute_onexit_table      0000000180013198 f   ucrt:api-ms-win-crt-runtime-l1-1-0.dll
 0001:0001219e       _crt_atexit                000000018001319e f   ucrt:api-ms-win-crt-runtime-l1-1-0.dll
 0001:000121a4       _crt_at_quick_exit         00000001800131a4 f   ucrt:api-ms-win-crt-runtime-l1-1-0.dll
 0001:000121aa       _cexit                     00000001800131aa f   ucrt:api-ms-win-crt-runtime-l1-1-0.dll
 0001:000121b0       terminate                  00000001800131b0 f   ucrt:api-ms-win-crt-runtime-l1-1-0.dll
 0001:000121b6       QueryPerformanceCounter    00000001800131b6 f   kernel32:KERNEL32.dll
 0001:000121bc       GetCurrentProcessId        00000001800131bc f   kernel32:KERNEL32.dll
 0001:000121c2       GetCurrentThreadId         00000001800131c2 f   kernel32:KERNEL32.dll
 0001:000121c8       GetSystemTimeAsFileTime    00000001800131c8 f   kernel32:KERNEL32.dll
 0001:000121ce       DisableThreadLibraryCalls  00000001800131ce f   kernel32:KERNEL32.dll
 0001:000121d4       InitializeSListHead        00000001800131d4 f   kernel32:KERNEL32.dll
 0001:000121da       RtlCaptureContext          00000001800131da f   kernel32:KERNEL32.dll
 0001:000121e0       RtlLookupFunctionEntry     00000001800131e0 f   kernel32:KERNEL32.dll
 0001:000121e6       RtlVirtualUnwind           00000001800131e6 f   kernel32:KERNEL32.dll
 0001:000121ec       IsDebuggerPresent          00000001800131ec f   kernel32:KERNEL32.dll
 0001:000121f2       UnhandledExceptionFilter   00000001800131f2 f   kernel32:KERNEL32.dll
 0001:000121f8       SetUnhandledExceptionFilter 00000001800131f8 f   kernel32:KERNEL32.dll
 0001:000121fe       GetStartupInfoW            00000001800131fe f   kernel32:KERNEL32.dll
 0001:00012204       IsProcessorFeaturePresent  0000000180013204 f   kernel32:KERNEL32.dll
 0001:0001220a       GetModuleHandleW           000000018001320a f   kernel32:KERNEL32.dll
 0001:00012210       __acrt_initialize          0000000180013210 f   MSVCRT:ucrt_stubs.obj
 0001:00012210       __scrt_stub_for_acrt_initialize 0000000180013210 f   MSVCRT:ucrt_stubs.obj
 0001:00012210       __vcrt_initialize          0000000180013210 f   MSVCRT:ucrt_stubs.obj
 0001:00012214       __acrt_thread_attach       0000000180013214 f   MSVCRT:ucrt_stubs.obj
 0001:00012214       __scrt_stub_for_acrt_thread_attach 0000000180013214 f   MSVCRT:ucrt_stubs.obj
 0001:00012214       __vcrt_thread_attach       0000000180013214 f   MSVCRT:ucrt_stubs.obj
 0001:00012218       __acrt_thread_detach       0000000180013218 f   MSVCRT:ucrt_stubs.obj
 0001:00012218       __scrt_stub_for_acrt_thread_detach 0000000180013218 f   MSVCRT:ucrt_stubs.obj
 0001:00012218       __vcrt_thread_detach       0000000180013218 f   MSVCRT:ucrt_stubs.obj
 0001:0001221c       __acrt_uninitialize        000000018001321c f   MSVCRT:ucrt_stubs.obj
 0001:0001221c       __scrt_stub_for_acrt_uninitialize 000000018001321c f   MSVCRT:ucrt_stubs.obj
 0001:0001221c       __vcrt_uninitialize        000000018001321c f   MSVCRT:ucrt_stubs.obj
 0001:00012220       __acrt_uninitialize_critical 0000000180013220 f   MSVCRT:ucrt_stubs.obj
 0001:00012220       __scrt_stub_for_acrt_uninitialize_critical 0000000180013220 f   MSVCRT:ucrt_stubs.obj
 0001:00012220       __vcrt_uninitialize_critical 0000000180013220 f   MSVCRT:ucrt_stubs.obj
 0001:00012224       __scrt_stub_for_is_c_termination_complete 0000000180013224 f   MSVCRT:ucrt_stubs.obj
 0001:00012224       _is_c_termination_complete 0000000180013224 f   MSVCRT:ucrt_stubs.obj
 0001:00012240       __chkstk                   0000000180013240 f   MSVCRT:chkstk.obj
 0001:00012240       _alloca_probe              0000000180013240 f   MSVCRT:chkstk.obj
 0001:0001228e       memchr                     000000018001328e f   vcruntime:VCRUNTIME140.dll
 0001:00012294       memcpy                     0000000180013294 f   vcruntime:VCRUNTIME140.dll
 0001:0001229a       memmove                    000000018001329a f   vcruntime:VCRUNTIME140.dll
 0001:000122b0       _guard_dispatch_icall_nop  00000001800132b0 f   MSVCRT:guard_dispatch.obj
 0001:000122d0       _guard_xfg_dispatch_icall_nop 00000001800132d0 f   MSVCRT:guard_xfg_dispatch.obj
 0002:00000000       __imp_ReadFile             0000000180014000     kernel32:KERNEL32.dll
 0002:00000008       __imp_WriteFile            0000000180014008     kernel32:KERNEL32.dll
 0002:00000010       __imp_SetFilePointer       0000000180014010     kernel32:KERNEL32.dll
 0002:00000018       __imp_CreateFileW          0000000180014018     kernel32:KERNEL32.dll
 0002:00000020       __imp_GetLastError         0000000180014020     kernel32:KERNEL32.dll
 0002:00000028       __imp_CreateFileA          0000000180014028     kernel32:KERNEL32.dll
 0002:00000030       __imp_CloseHandle          0000000180014030     kernel32:KERNEL32.dll
 0002:00000038       __imp_GetCurrentProcessId  0000000180014038     kernel32:KERNEL32.dll
 0002:00000040       __imp_GetCurrentThreadId   0000000180014040     kernel32:KERNEL32.dll
 0002:00000048       __imp_GetSystemTimeAsFileTime 0000000180014048     kernel32:KERNEL32.dll
 0002:00000050       __imp_DisableThreadLibraryCalls 0000000180014050     kernel32:KERNEL32.dll
 0002:00000058       __imp_InitializeSListHead  0000000180014058     kernel32:KERNEL32.dll
 0002:00000060       __imp_RtlCaptureContext    0000000180014060     kernel32:KERNEL32.dll
 0002:00000068       __imp_RtlLookupFunctionEntry 0000000180014068     kernel32:KERNEL32.dll
 0002:00000070       __imp_RtlVirtualUnwind     0000000180014070     kernel32:KERNEL32.dll
 0002:00000078       __imp_GetModuleHandleW     0000000180014078     kernel32:KERNEL32.dll
 0002:00000080       __imp_IsProcessorFeaturePresent 0000000180014080     kernel32:KERNEL32.dll
 0002:00000088       __imp_GetStartupInfoW      0000000180014088     kernel32:KERNEL32.dll
 0002:00000090       __imp_SetUnhandledExceptionFilter 0000000180014090     kernel32:KERNEL32.dll
 0002:00000098       __imp_UnhandledExceptionFilter 0000000180014098     kernel32:KERNEL32.dll
 0002:000000a0       __imp_IsDebuggerPresent    00000001800140a0     kernel32:KERNEL32.dll
 0002:000000a8       __imp_QueryPerformanceCounter 00000001800140a8     kernel32:KERNEL32.dll
 0002:000000b0       \177KERNEL32_NULL_THUNK_DATA 00000001800140b0     kernel32:KERNEL32.dll
 0002:000000b8       __imp___current_exception_context 00000001800140b8     vcruntime:VCRUNTIME140.dll
 0002:000000c0       __imp___current_exception  00000001800140c0     vcruntime:VCRUNTIME140.dll
 0002:000000c8       __imp___std_type_info_destroy_list 00000001800140c8     vcruntime:VCRUNTIME140.dll
 0002:000000d0       __imp___C_specific_handler 00000001800140d0     vcruntime:VCRUNTIME140.dll
 0002:000000d8       __imp_memset               00000001800140d8     vcruntime:VCRUNTIME140.dll
 0002:000000e0       __imp_memcpy               00000001800140e0     vcruntime:VCRUNTIME140.dll
 0002:000000e8       __imp_memchr               00000001800140e8     vcruntime:VCRUNTIME140.dll
 0002:000000f0       __imp_memmove              00000001800140f0     vcruntime:VCRUNTIME140.dll
 0002:000000f8       \177VCRUNTIME140_NULL_THUNK_DATA 00000001800140f8     vcruntime:VCRUNTIME140.dll
 0002:00000100       __imp_wcstombs             0000000180014100     ucrt:api-ms-win-crt-convert-l1-1-0.dll
 0002:00000108       \177api-ms-win-crt-convert-l1-1-0_NULL_THUNK_DATA 0000000180014108     ucrt:api-ms-win-crt-convert-l1-1-0.dll
 0002:00000110       __imp_malloc               0000000180014110     ucrt:api-ms-win-crt-heap-l1-1-0.dll
 0002:00000118       __imp_free                 0000000180014118     ucrt:api-ms-win-crt-heap-l1-1-0.dll
 0002:00000120       \177api-ms-win-crt-heap-l1-1-0_NULL_THUNK_DATA 0000000180014120     ucrt:api-ms-win-crt-heap-l1-1-0.dll
 0002:00000128       __imp_terminate            0000000180014128     ucrt:api-ms-win-crt-runtime-l1-1-0.dll
 0002:00000130       __imp__initterm            0000000180014130     ucrt:api-ms-win-crt-runtime-l1-1-0.dll
 0002:00000138       __imp__initterm_e          0000000180014138     ucrt:api-ms-win-crt-runtime-l1-1-0.dll
 0002:00000140       __imp__seh_filter_dll      0000000180014140     ucrt:api-ms-win-crt-runtime-l1-1-0.dll
 0002:00000148       __imp__configure_narrow_argv 0000000180014148     ucrt:api-ms-win-crt-runtime-l1-1-0.dll
 0002:00000150       __imp__initialize_narrow_environment 0000000180014150     ucrt:api-ms-win-crt-runtime-l1-1-0.dll
 0002:00000158       __imp__initialize_onexit_table 0000000180014158     ucrt:api-ms-win-crt-runtime-l1-1-0.dll
 0002:00000160       __imp__register_onexit_function 0000000180014160     ucrt:api-ms-win-crt-runtime-l1-1-0.dll
 0002:00000168       __imp__execute_onexit_table 0000000180014168     ucrt:api-ms-win-crt-runtime-l1-1-0.dll
 0002:00000170       __imp__crt_atexit          0000000180014170     ucrt:api-ms-win-crt-runtime-l1-1-0.dll
 0002:00000178       __imp__crt_at_quick_exit   0000000180014178     ucrt:api-ms-win-crt-runtime-l1-1-0.dll
 0002:00000180       __imp__cexit               0000000180014180     ucrt:api-ms-win-crt-runtime-l1-1-0.dll
 0002:00000188       __imp_strerror             0000000180014188     ucrt:api-ms-win-crt-runtime-l1-1-0.dll
 0002:00000190       __imp__errno               0000000180014190     ucrt:api-ms-win-crt-runtime-l1-1-0.dll
 0002:00000198       \177api-ms-win-crt-runtime-l1-1-0_NULL_THUNK_DATA 0000000180014198     ucrt:api-ms-win-crt-runtime-l1-1-0.dll
 0002:000001a0       __imp_fwrite               00000001800141a0     ucrt:api-ms-win-crt-stdio-l1-1-0.dll
 0002:000001a8       __imp__fseeki64            00000001800141a8     ucrt:api-ms-win-crt-stdio-l1-1-0.dll
 0002:000001b0       __imp__open                00000001800141b0     ucrt:api-ms-win-crt-stdio-l1-1-0.dll
 0002:000001b8       __imp_fread                00000001800141b8     ucrt:api-ms-win-crt-stdio-l1-1-0.dll
 0002:000001c0       __imp_fclose               00000001800141c0     ucrt:api-ms-win-crt-stdio-l1-1-0.dll
 0002:000001c8       __imp_fopen                00000001800141c8     ucrt:api-ms-win-crt-stdio-l1-1-0.dll
 0002:000001d0       __imp_ferror               00000001800141d0     ucrt:api-ms-win-crt-stdio-l1-1-0.dll
 0002:000001d8       __imp_ftell                00000001800141d8     ucrt:api-ms-win-crt-stdio-l1-1-0.dll
 0002:000001e0       __imp__write               00000001800141e0     ucrt:api-ms-win-crt-stdio-l1-1-0.dll
 0002:000001e8       __imp__lseeki64            00000001800141e8     ucrt:api-ms-win-crt-stdio-l1-1-0.dll
 0002:000001f0       __imp__wopen               00000001800141f0     ucrt:api-ms-win-crt-stdio-l1-1-0.dll
 0002:000001f8       __imp__close               00000001800141f8     ucrt:api-ms-win-crt-stdio-l1-1-0.dll
 0002:00000200       __imp__read                0000000180014200     ucrt:api-ms-win-crt-stdio-l1-1-0.dll
 0002:00000208       __imp__ftelli64            0000000180014208     ucrt:api-ms-win-crt-stdio-l1-1-0.dll
 0002:00000210       __imp_fseek                0000000180014210     ucrt:api-ms-win-crt-stdio-l1-1-0.dll
 0002:00000218       __imp___stdio_common_vsprintf 0000000180014218     ucrt:api-ms-win-crt-stdio-l1-1-0.dll
 0002:00000220       \177api-ms-win-crt-stdio-l1-1-0_NULL_THUNK_DATA 0000000180014220     ucrt:api-ms-win-crt-stdio-l1-1-0.dll
 0002:00000228       __imp__time64              0000000180014228     ucrt:api-ms-win-crt-time-l1-1-0.dll
 0002:00000230       \177api-ms-win-crt-time-l1-1-0_NULL_THUNK_DATA 0000000180014230     ucrt:api-ms-win-crt-time-l1-1-0.dll
 0002:00000238       __imp_srand                0000000180014238     ucrt:api-ms-win-crt-utility-l1-1-0.dll
 0002:00000240       __imp_rand                 0000000180014240     ucrt:api-ms-win-crt-utility-l1-1-0.dll
 0002:00000248       \177api-ms-win-crt-utility-l1-1-0_NULL_THUNK_DATA 0000000180014248     ucrt:api-ms-win-crt-utility-l1-1-0.dll
 0002:00000250       __guard_check_icall_fptr   0000000180014250     MSVCRT:guard_support.obj
 0002:00000258       __guard_xfg_check_icall_fptr 0000000180014258     MSVCRT:guard_support.obj
 0002:00000260       __guard_dispatch_icall_fptr 0000000180014260     MSVCRT:guard_support.obj
 0002:00000268       __guard_xfg_dispatch_icall_fptr 0000000180014268     MSVCRT:guard_support.obj
 0002:00000270       __guard_xfg_table_dispatch_icall_fptr 0000000180014270     MSVCRT:guard_support.obj
 0002:00000278       __castguard_check_failure_os_handled_fptr 0000000180014278     MSVCRT:guard_support.obj
 0002:00000280       __guard_memcpy_fptr        0000000180014280     vcruntime:softmemtag.obj
 0002:00000288       __xc_a                     0000000180014288     MSVCRT:initializers.obj
 0002:00000290       __xc_z                     0000000180014290     MSVCRT:initializers.obj
 0002:00000298       __xi_a                     0000000180014298     MSVCRT:initializers.obj
 0002:000002a0       __xi_z                     00000001800142a0     MSVCRT:initializers.obj
 0002:000002a8       __xp_a                     00000001800142a8     MSVCRT:initializers.obj
 0002:000002b0       __xp_z                     00000001800142b0     MSVCRT:initializers.obj
 0002:000002b8       __xt_a                     00000001800142b8     MSVCRT:initializers.obj
 0002:000002c0       __xt_z                     00000001800142c0     MSVCRT:initializers.obj
 0002:000002d0       _pDefaultRawDllMain        00000001800142d0     MSVCRT:dll_dllmain.obj
 0002:000002d0       _pRawDllMain               00000001800142d0     MSVCRT:dll_dllmain.obj
 0002:000002e0       __xmm@ffffffffffffffffffffffffffffffff 00000001800142e0     MSVCRT:utility.obj
 0002:000002f0       ??_C@_0P@CNPFHDLN@1?43?41?41?9motley@ 00000001800142f0     compress.obj
 0002:00003e90       _length_code               0000000180017e90     trees.obj
 0002:00003f90       _dist_code                 0000000180017f90     trees.obj
 0002:00004960       unz_copyright              0000000180018960     unzip.obj
 0002:000049c0       z_errmsg                   00000001800189c0     zutil.obj
 0002:00004a10       ??_C@_02DKCKIIND@?$CFs@    0000000180018a10     gzlib.obj
 0002:00004a18       ??_C@_07EBNKNFJN@?$DMfd?3?$CFd?$DO@ 0000000180018a18     gzlib.obj
 0002:00004a20       ??_C@_0O@BNNCBLEN@out?5of?5memory@ 0000000180018a20     gzlib.obj
 0002:00004a2e       ??_C@_00CNPNBAHC@@         0000000180018a2e     gzlib.obj
 0002:00004a30       ??_C@_02LMMGGCAJ@?3?5@     0000000180018a30     gzlib.obj
 0002:00004a34       ??_C@_06DIJPEION@?$CFs?$CFs?$CFs@ 0000000180018a34     gzlib.obj
 0002:00004a40       ??_C@_0BH@CFIIDOJD@unexpected?5end?5of?5file@ 0000000180018a40     gzread.obj
 0002:00004a58       ??_C@_0CH@CPOLIEKA@internal?5error?3?5inflate?5stream?5@ 0000000180018a58     gzread.obj
 0002:00004a80       ??_C@_0BG@HCKBMIHF@compressed?5data?5error@ 0000000180018a80     gzread.obj
 0002:00004a98       ??_C@_0BP@HLDABFKK@request?5does?5not?5fit?5in?5an?5int@ 0000000180018a98     gzread.obj
 0002:00004ab8       ??_C@_0CB@EGGJDMIK@request?5does?5not?5fit?5in?5a?5size_@ 0000000180018ab8     gzread.obj
 0002:00004ae0       ??_C@_0BP@IIKIGMCC@out?5of?5room?5to?5push?5characters@ 0000000180018ae0     gzread.obj
 0002:00004b00       ??_C@_0CH@DEEGAHIB@internal?5error?3?5deflate?5stream?5@ 0000000180018b00     gzwrite.obj
 0002:00004b28       ??_C@_0CF@MLPJFDMM@requested?5length?5does?5not?5fit?5i@ 0000000180018b28     gzwrite.obj
 0002:00004b50       ??_C@_0CC@ENDIFONJ@string?5length?5does?5not?5fit?5in?5i@ 0000000180018b50     gzwrite.obj
 0002:00004b78       ??_C@_0BD@PJCBIDD@invalid?5block?5type@ 0000000180018b78     infback.obj
 0002:00004b90       ??_C@_0BN@LGAADGOK@invalid?5stored?5block?5lengths@ 0000000180018b90     infback.obj
 0002:00004bb0       ??_C@_0CE@GMIGFPBB@too?5many?5length?5or?5distance?5sym@ 0000000180018bb0     infback.obj
 0002:00004bd8       ??_C@_0BJ@HDEPPGOH@invalid?5code?5lengths?5set@ 0000000180018bd8     infback.obj
 0002:00004bf8       ??_C@_0BK@BMMPFBBH@invalid?5bit?5length?5repeat@ 0000000180018bf8     infback.obj
 0002:00004c18       ??_C@_0CF@DGDMADCD@invalid?5code?5?9?9?5missing?5end?9of?9@ 0000000180018c18     infback.obj
 0002:00004c40       ??_C@_0BM@IIMGAINC@invalid?5literal?1lengths?5set@ 0000000180018c40     infback.obj
 0002:00004c60       ??_C@_0BG@GMDFCBGP@invalid?5distances?5set@ 0000000180018c60     infback.obj
 0002:00004c78       ??_C@_0BM@FFFLPBBC@invalid?5literal?1length?5code@ 0000000180018c78     infback.obj
 0002:00004c98       ??_C@_0BG@LBKINIKP@invalid?5distance?5code@ 0000000180018c98     infback.obj
 0002:00004cb0       ??_C@_0BO@ECPMAOGG@invalid?5distance?5too?5far?5back@ 0000000180018cb0     infback.obj
 0002:00004cd0       ??_C@_0BH@LIBMMIGA@incorrect?5header?5check@ 0000000180018cd0     inflate.obj
 0002:00004ce8       ??_C@_0BL@IHKGDAEE@unknown?5compression?5method@ 0000000180018ce8     inflate.obj
 0002:00004d08       ??_C@_0BE@EMOGCLGO@invalid?5window?5size@ 0000000180018d08     inflate.obj
 0002:00004d20       ??_C@_0BJ@BLBBCOMO@unknown?5header?5flags?5set@ 0000000180018d20     inflate.obj
 0002:00004d40       ??_C@_0BE@GONKLEPM@header?5crc?5mismatch@ 0000000180018d40     inflate.obj
 0002:00004d58       ??_C@_0BF@MEIGEHBE@incorrect?5data?5check@ 0000000180018d58     inflate.obj
 0002:00004d70       ??_C@_0BH@FGKKJGOC@incorrect?5length?5check@ 0000000180018d70     inflate.obj
 0002:00004d88       ??_C@_02JDPG@rb@           0000000180018d88     ioapi.obj
 0002:00004d8c       ??_C@_03HMFOOINA@r?$CLb@   0000000180018d8c     ioapi.obj
 0002:00004d90       ??_C@_02GMLFBBN@wb@        0000000180018d90     ioapi.obj
 0002:00004d94       ??_C@_01JOAMLHOP@?9@       0000000180018d94     zip.obj
 0002:00004d98       ??_C@_0BA@MOKMMFOD@need?5dictionary@ 0000000180018d98     zutil.obj
 0002:00004da8       ??_C@_0L@FNAOCBOG@stream?5end@ 0000000180018da8     zutil.obj
 0002:00004db8       ??_C@_0L@KIJFAKBJ@file?5error@ 0000000180018db8     zutil.obj
 0002:00004dc8       ??_C@_0N@MKKNPMJD@stream?5error@ 0000000180018dc8     zutil.obj
 0002:00004dd8       ??_C@_0L@HAHMBNLP@data?5error@ 0000000180018dd8     zutil.obj
 0002:00004de8       ??_C@_0BE@OGGJBMCE@insufficient?5memory@ 0000000180018de8     zutil.obj
 0002:00004e00       ??_C@_0N@DFPGLBGC@buffer?5error@ 0000000180018e00     zutil.obj
 0002:00004e10       ??_C@_0BF@CJFPCCEG@incompatible?5version@ 0000000180018e10     zutil.obj
 0002:00004e30       _load_config_used          0000000180018e30     MSVCRT:loadcfg.obj
 0002:00005000       __CastGuardVftablesStart   0000000180019000     MSVCRT:guard_support.obj
 0002:00005080       __CastGuardVftablesEnd     0000000180019080     MSVCRT:guard_support.obj
 0002:00005100       __volatile_metadata        0000000180019100     <linker-defined>
 0002:000054a0       __rtc_iaa                  00000001800194a0     MSVCRT:initsect.obj
 0002:000054a8       __rtc_izz                  00000001800194a8     MSVCRT:initsect.obj
 0002:000054b0       __rtc_taa                  00000001800194b0     MSVCRT:initsect.obj
 0002:000054b8       __rtc_tzz                  00000001800194b8     MSVCRT:initsect.obj
 0002:00007a70       __IMPORT_DESCRIPTOR_KERNEL32 000000018001ba70     kernel32:KERNEL32.dll
 0002:00007a84       __IMPORT_DESCRIPTOR_VCRUNTIME140 000000018001ba84     vcruntime:VCRUNTIME140.dll
 0002:00007a98       __IMPORT_DESCRIPTOR_api-ms-win-crt-stdio-l1-1-0 000000018001ba98     ucrt:api-ms-win-crt-stdio-l1-1-0.dll
 0002:00007aac       __IMPORT_DESCRIPTOR_api-ms-win-crt-convert-l1-1-0 000000018001baac     ucrt:api-ms-win-crt-convert-l1-1-0.dll
 0002:00007ac0       __IMPORT_DESCRIPTOR_api-ms-win-crt-heap-l1-1-0 000000018001bac0     ucrt:api-ms-win-crt-heap-l1-1-0.dll
 0002:00007ad4       __IMPORT_DESCRIPTOR_api-ms-win-crt-runtime-l1-1-0 000000018001bad4     ucrt:api-ms-win-crt-runtime-l1-1-0.dll
 0002:00007ae8       __IMPORT_DESCRIPTOR_api-ms-win-crt-utility-l1-1-0 000000018001bae8     ucrt:api-ms-win-crt-utility-l1-1-0.dll
 0002:00007afc       __IMPORT_DESCRIPTOR_api-ms-win-crt-time-l1-1-0 000000018001bafc     ucrt:api-ms-win-crt-time-l1-1-0.dll
 0002:00007b10       __NULL_IMPORT_DESCRIPTOR   000000018001bb10     kernel32:KERNEL32.dll
 0003:00000000       __scrt_native_dllmain_reason 000000018001d000     MSVCRT:utility.obj
 0003:00000040       __security_cookie          000000018001d040     MSVCRT:gs_cookie.obj
 0003:00000080       __security_cookie_complement 000000018001d080     MSVCRT:gs_cookie.obj
 0003:00000088       __isa_available            000000018001d088     MSVCRT:cpu_disp.obj
 0003:0000008c       __isa_enabled              000000018001d08c     MSVCRT:cpu_disp.obj
 0003:00000090       __memset_fast_string_threshold 000000018001d090     MSVCRT:cpu_disp.obj
 0003:00000098       __memset_nt_threshold      000000018001d098     MSVCRT:cpu_disp.obj
 0003:000000a0       __scrt_ucrt_dll_is_in_use  000000018001d0a0     MSVCRT:ucrt_stubs.obj
 0003:000000c0       ?__type_info_root_node@@3U__type_info_node@@A 000000018001d0c0     MSVCRT:tncleanup.obj
 0003:000000d0       ?_OptionsStorage@?1??__local_stdio_printf_options@@9@4_KA 000000018001d0d0     MSVCRT:default_local_stdio_options.obj
 0003:000000d8       ?_OptionsStorage@?1??__local_stdio_scanf_options@@9@4_KA 000000018001d0d8     MSVCRT:default_local_stdio_options.obj
 0003:000000e0       __scrt_current_native_startup_state 000000018001d0e0     MSVCRT:utility.obj
 0003:000000e8       __scrt_native_startup_lock 000000018001d0e8     MSVCRT:utility.obj
 0003:00000128       __scrt_debugger_hook_flag  000000018001d128     MSVCRT:utility_desktop.obj
 0003:00000130       __castguard_check_failure_user_handled_fptr 000000018001d130     MSVCRT:guard_support.obj
 0003:00000138       __favor                    000000018001d138     MSVCRT:cpu_disp.obj
 0003:00000140       __dyn_tls_init_callback    000000018001d140     <common>
 0003:00000148       ?_OptionsStorage@?1??__local_stdio_printf_options@@9@9 000000018001d148     <common>
 0003:00000150       ?_OptionsStorage@?1??__local_stdio_scanf_options@@9@9 000000018001d150     <common>

 entry point at        0001:000113c4

 Static symbols

 0000:fffde000       .debug$S                   0000000180000000     zlibwapi.exp
 0000:fffde000       .debug$S                   0000000180000000     ucrt:api-ms-win-crt-convert-l1-1-0.dll
 0000:fffde000       .debug$S                   0000000180000000     ucrt:api-ms-win-crt-heap-l1-1-0.dll
 0000:fffde000       .debug$S                   0000000180000000     ucrt:api-ms-win-crt-heap-l1-1-0.dll
 0000:fffde000       .debug$S                   0000000180000000     ucrt:api-ms-win-crt-runtime-l1-1-0.dll
 0000:fffde000       .debug$S                   0000000180000000     ucrt:api-ms-win-crt-runtime-l1-1-0.dll
 0000:fffde000       .debug$S                   0000000180000000     ucrt:api-ms-win-crt-runtime-l1-1-0.dll
 0000:fffde000       .debug$S                   0000000180000000     ucrt:api-ms-win-crt-runtime-l1-1-0.dll
 0000:fffde000       .debug$S                   0000000180000000     ucrt:api-ms-win-crt-runtime-l1-1-0.dll
 0000:fffde000       .debug$S                   0000000180000000     ucrt:api-ms-win-crt-runtime-l1-1-0.dll
 0000:fffde000       .debug$S                   0000000180000000     ucrt:api-ms-win-crt-runtime-l1-1-0.dll
 0000:fffde000       .debug$S                   0000000180000000     ucrt:api-ms-win-crt-runtime-l1-1-0.dll
 0000:fffde000       .debug$S                   0000000180000000     ucrt:api-ms-win-crt-runtime-l1-1-0.dll
 0000:fffde000       .debug$S                   0000000180000000     ucrt:api-ms-win-crt-runtime-l1-1-0.dll
 0000:fffde000       .debug$S                   0000000180000000     ucrt:api-ms-win-crt-runtime-l1-1-0.dll
 0000:fffde000       .debug$S                   0000000180000000     ucrt:api-ms-win-crt-runtime-l1-1-0.dll
 0000:fffde000       .debug$S                   0000000180000000     ucrt:api-ms-win-crt-runtime-l1-1-0.dll
 0000:fffde000       .debug$S                   0000000180000000     ucrt:api-ms-win-crt-runtime-l1-1-0.dll
 0000:fffde000       .debug$S                   0000000180000000     ucrt:api-ms-win-crt-stdio-l1-1-0.dll
 0000:fffde000       .debug$S                   0000000180000000     ucrt:api-ms-win-crt-stdio-l1-1-0.dll
 0000:fffde000       .debug$S                   0000000180000000     ucrt:api-ms-win-crt-stdio-l1-1-0.dll
 0000:fffde000       .debug$S                   0000000180000000     ucrt:api-ms-win-crt-stdio-l1-1-0.dll
 0000:fffde000       .debug$S                   0000000180000000     ucrt:api-ms-win-crt-stdio-l1-1-0.dll
 0000:fffde000       .debug$S                   0000000180000000     ucrt:api-ms-win-crt-stdio-l1-1-0.dll
 0000:fffde000       .debug$S                   0000000180000000     ucrt:api-ms-win-crt-stdio-l1-1-0.dll
 0000:fffde000       .debug$S                   0000000180000000     ucrt:api-ms-win-crt-stdio-l1-1-0.dll
 0000:fffde000       .debug$S                   0000000180000000     ucrt:api-ms-win-crt-stdio-l1-1-0.dll
 0000:fffde000       .debug$S                   0000000180000000     ucrt:api-ms-win-crt-stdio-l1-1-0.dll
 0000:fffde000       .debug$S                   0000000180000000     ucrt:api-ms-win-crt-stdio-l1-1-0.dll
 0000:fffde000       .debug$S                   0000000180000000     ucrt:api-ms-win-crt-stdio-l1-1-0.dll
 0000:fffde000       .debug$S                   0000000180000000     ucrt:api-ms-win-crt-stdio-l1-1-0.dll
 0000:fffde000       .debug$S                   0000000180000000     ucrt:api-ms-win-crt-stdio-l1-1-0.dll
 0000:fffde000       .debug$S                   0000000180000000     ucrt:api-ms-win-crt-stdio-l1-1-0.dll
 0000:fffde000       .debug$S                   0000000180000000     ucrt:api-ms-win-crt-stdio-l1-1-0.dll
 0000:fffde000       .debug$S                   0000000180000000     ucrt:api-ms-win-crt-time-l1-1-0.dll
 0000:fffde000       .debug$S                   0000000180000000     ucrt:api-ms-win-crt-utility-l1-1-0.dll
 0000:fffde000       .debug$S                   0000000180000000     ucrt:api-ms-win-crt-utility-l1-1-0.dll
 0000:fffde000       .debug$S                   0000000180000000     kernel32:KERNEL32.dll
 0000:fffde000       .debug$S                   0000000180000000     kernel32:KERNEL32.dll
 0000:fffde000       .debug$S                   0000000180000000     kernel32:KERNEL32.dll
 0000:fffde000       .debug$S                   0000000180000000     kernel32:KERNEL32.dll
 0000:fffde000       .debug$S                   0000000180000000     kernel32:KERNEL32.dll
 0000:fffde000       .debug$S                   0000000180000000     kernel32:KERNEL32.dll
 0000:fffde000       .debug$S                   0000000180000000     kernel32:KERNEL32.dll
 0000:fffde000       .debug$S                   0000000180000000     kernel32:KERNEL32.dll
 0000:fffde000       .debug$S                   0000000180000000     kernel32:KERNEL32.dll
 0000:fffde000       .debug$S                   0000000180000000     kernel32:KERNEL32.dll
 0000:fffde000       .debug$S                   0000000180000000     kernel32:KERNEL32.dll
 0000:fffde000       .debug$S                   0000000180000000     kernel32:KERNEL32.dll
 0000:fffde000       .debug$S                   0000000180000000     kernel32:KERNEL32.dll
 0000:fffde000       .debug$S                   0000000180000000     kernel32:KERNEL32.dll
 0000:fffde000       .debug$S                   0000000180000000     kernel32:KERNEL32.dll
 0000:fffde000       .debug$S                   0000000180000000     kernel32:KERNEL32.dll
 0000:fffde000       .debug$S                   0000000180000000     kernel32:KERNEL32.dll
 0000:fffde000       .debug$S                   0000000180000000     kernel32:KERNEL32.dll
 0000:fffde000       .debug$S                   0000000180000000     kernel32:KERNEL32.dll
 0000:fffde000       .debug$S                   0000000180000000     kernel32:KERNEL32.dll
 0000:fffde000       .debug$S                   0000000180000000     kernel32:KERNEL32.dll
 0000:fffde000       .debug$S                   0000000180000000     kernel32:KERNEL32.dll
 0000:00000000       _volmd                     0000000180000000     MSVCRT:cpu_disp.obj
 0002:fffec000       __guard_ehcont_?dllmain_dispatch@@YAHQEAUHINSTANCE__@@KQEAX@Z 0000000180000000     MSVCRT:dll_dllmain.obj
 0002:fffec000       __guard_fids_?dllmain_dispatch@@YAHQEAUHINSTANCE__@@KQEAX@Z 0000000180000000     MSVCRT:dll_dllmain.obj
 0002:fffec000       __guard_fids__             0000000180000000     MSVCRT:guard_support.obj
 0002:fffec000       __guard_fids__             0000000180000000     MSVCRT:guard_support.obj
 0002:fffec000       __guard_fids__guard_icall_checks_enforced 0000000180000000     MSVCRT:guard_support.obj
 0000:00000000       _volmd                     0000000180000000     MSVCRT:guard_support.obj
 0000:00000000       _volmd                     0000000180000000     MSVCRT:guard_support.obj
 0000:00000000       _volmd                     0000000180000000     MSVCRT:guard_support.obj
 0000:00000000       _volmd                     0000000180000000     MSVCRT:guard_support.obj
 0000:00000000       _volmd                     0000000180000000     MSVCRT:guard_support.obj
 0000:00000000       _volmd                     0000000180000000     MSVCRT:guard_support.obj
 0000:00000000       _volmd                     0000000180000000     MSVCRT:guard_support.obj
 0000:00000000       _volmd                     0000000180000000     MSVCRT:guard_support.obj
 0000:00000000       _volmd                     0000000180000000     MSVCRT:guard_support.obj
 0000:00000000       _volmd                     0000000180000000     MSVCRT:guard_support.obj
 0002:fffec000       __guard_ehcont___scrt_is_nonwritable_in_current_image 0000000180000000     MSVCRT:utility.obj
 0000:00000000       _volmd                     0000000180000000     MSVCRT:utility.obj
 0000:00000000       _volmd                     0000000180000000     MSVCRT:utility.obj
 0000:00000000       _volmd                     0000000180000000     MSVCRT:utility.obj
 0002:fffec000       __guard_fids___scrt_set_unhandled_exception_filter 0000000180000000     MSVCRT:utility_desktop.obj
 0000:00000000       _volmd                     0000000180000000     MSVCRT:utility_desktop.obj
 0002:fffec000       __guard_fids__             0000000180000000     vcruntime:softmemtag.obj
 0000:fffde000       .debug$S                   0000000180000000     vcruntime:VCRUNTIME140.dll
 0000:fffde000       .debug$S                   0000000180000000     vcruntime:VCRUNTIME140.dll
 0000:fffde000       .debug$S                   0000000180000000     vcruntime:VCRUNTIME140.dll
 0000:fffde000       .debug$S                   0000000180000000     vcruntime:VCRUNTIME140.dll
 0000:fffde000       .debug$S                   0000000180000000     vcruntime:VCRUNTIME140.dll
 0000:fffde000       .debug$S                   0000000180000000     vcruntime:VCRUNTIME140.dll
 0000:fffde000       .debug$S                   0000000180000000     vcruntime:VCRUNTIME140.dll
 0000:fffde000       .debug$S                   0000000180000000     vcruntime:VCRUNTIME140.dll
 0001:000002f0       adler32_combine_           00000001800012f0 f   adler32.obj
 0001:00000520       byte_swap                  0000000180001520 f   crc32.obj
 0001:00000530       multmodp                   0000000180001530 f   crc32.obj
 0001:00000570       x2nmodp                    0000000180001570 f   crc32.obj
 0001:000005d0       crc_word                   00000001800015d0 f   crc32.obj
 0001:00000610       crc_word_big               0000000180001610 f   crc32.obj
 0001:00000aa0       slide_hash                 0000000180001aa0 f   deflate.obj
 0001:00000b20       read_buf                   0000000180001b20 f   deflate.obj
 0001:00000bc0       fill_window                0000000180001bc0 f   deflate.obj
 0001:000010c0       deflateStateCheck          00000001800020c0 f   deflate.obj
 0001:00001440       lm_init                    0000000180002440 f   deflate.obj
 0001:00001990       putShortMSB                0000000180002990 f   deflate.obj
 0001:000019c0       flush_pending              00000001800029c0 f   deflate.obj
 0001:000026c0       longest_match              00000001800036c0 f   deflate.obj
 0001:00002880       deflate_stored             0000000180003880 f   deflate.obj
 0001:00002cc0       deflate_fast               0000000180003cc0 f   deflate.obj
 0001:00003120       deflate_slow               0000000180004120 f   deflate.obj
 0001:000036a0       deflate_rle                00000001800046a0 f   deflate.obj
 0001:00003a00       deflate_huff               0000000180004a00 f   deflate.obj
 0001:00003cf0       gz_reset                   0000000180004cf0 f   gzlib.obj
 0001:00003d40       gz_open                    0000000180004d40 f   gzlib.obj
 0001:00003ff0       $LN55                      0000000180004ff0     gzlib.obj
 0001:0000401c       $LN54                      000000018000501c     gzlib.obj
 0001:000045e0       gz_load                    00000001800055e0 f   gzread.obj
 0001:00004690       gz_avail                   0000000180005690 f   gzread.obj
 0001:00004720       gz_look                    0000000180005720 f   gzread.obj
 0001:000048b0       gz_decomp                  00000001800058b0 f   gzread.obj
 0001:000049d0       gz_fetch                   00000001800059d0 f   gzread.obj
 0001:00004a80       gz_skip                    0000000180005a80 f   gzread.obj
 0001:00004b00       gz_read                    0000000180005b00 f   gzread.obj
 0001:00005150       gz_init                    0000000180006150 f   gzwrite.obj
 0001:00005270       gz_comp                    0000000180006270 f   gzwrite.obj
 0001:00005430       gz_zero                    0000000180006430 f   gzwrite.obj
 0001:000054e0       gz_write                   00000001800064e0 f   gzwrite.obj
 0001:00005d80       fixedtables                0000000180006d80 f   infback.obj
 0001:00006c64       $LN482                     0000000180007c64     infback.obj
 0001:000071f0       inflateStateCheck          00000001800081f0 f   inflate.obj
 0001:00007520       fixedtables                0000000180008520 f   inflate.obj
 0001:00007550       updatewindow               0000000180008550 f   inflate.obj
 0001:00008e18       $LN816                     0000000180009e18     inflate.obj
 0001:00009090       syncsearch                 000000018000a090 f   inflate.obj
 0001:00009c00       fopen_file_func            000000018000ac00 f   ioapi.obj
 0001:00009c50       fopen64_file_func          000000018000ac50 f   ioapi.obj
 0001:00009ca0       fread_file_func            000000018000aca0 f   ioapi.obj
 0001:00009cc0       fwrite_file_func           000000018000acc0 f   ioapi.obj
 0001:00009ce0       ftell_file_func            000000018000ace0 f   ioapi.obj
 0001:00009cf0       ftell64_file_func          000000018000acf0 f   ioapi.obj
 0001:00009d00       fseek_file_func            000000018000ad00 f   ioapi.obj
 0001:00009d50       fseek64_file_func          000000018000ad50 f   ioapi.obj
 0001:00009da0       fclose_file_func           000000018000ada0 f   ioapi.obj
 0001:00009db0       ferror_file_func           000000018000adb0 f   ioapi.obj
 0001:00009e20       win32_translate_open_mode  000000018000ae20 f   iowin32.obj
 0001:00009e80       win32_build_iowin          000000018000ae80 f   iowin32.obj
 0001:0000a1d0       MySetFilePointerEx         000000018000b1d0 f   iowin32.obj
 0001:0000a5d0       bi_reverse                 000000018000b5d0 f   trees.obj
 0001:0000a5f0       bi_flush                   000000018000b5f0 f   trees.obj
 0001:0000a670       bi_windup                  000000018000b670 f   trees.obj
 0001:0000a6d0       gen_codes                  000000018000b6d0 f   trees.obj
 0001:0000a7f0       tr_static_init             000000018000b7f0 f   trees.obj
 0001:0000a800       init_block                 000000018000b800 f   trees.obj
 0001:0000aa40       pqdownheap                 000000018000ba40 f   trees.obj
 0001:0000ab30       gen_bitlen                 000000018000bb30 f   trees.obj
 0001:0000ad40       build_tree                 000000018000bd40 f   trees.obj
 0001:0000af80       scan_tree                  000000018000bf80 f   trees.obj
 0001:0000b090       send_tree                  000000018000c090 f   trees.obj
 0001:0000b580       build_bl_tree              000000018000c580 f   trees.obj
 0001:0000b650       send_all_trees             000000018000c650 f   trees.obj
 0001:0000bae0       compress_block             000000018000cae0 f   trees.obj
 0001:0000bf50       detect_data_type           000000018000cf50 f   trees.obj
 0001:0000c380       unz64local_getShort        000000018000d380 f   unzip.obj
 0001:0000c400       unz64local_getLong         000000018000d400 f   unzip.obj
 0001:0000c490       unz64local_getLong64       000000018000d490 f   unzip.obj
 0001:0000c560       strcmpcasenosensitive_internal 000000018000d560 f   unzip.obj
 0001:0000c610       unz64local_SearchCentralDir 000000018000d610 f   unzip.obj
 0001:0000c770       unz64local_SearchCentralDir64 000000018000d770 f   unzip.obj
 0001:0000c990       unzOpenInternal            000000018000d990 f   unzip.obj
 0001:0000cf50       unz64local_DosDateToTmuDate 000000018000df50 f   unzip.obj
 0001:0000cfb0       unz64local_GetCurrentFileInfoInternal 000000018000dfb0 f   unzip.obj
 0001:0000daf0       unz64local_CheckCurrentFileCoherencyHeader 000000018000eaf0 f   unzip.obj
 0001:0000e5d0       time                       000000018000f5d0 f   zip.obj
 0001:0000e5e0       decrypt_byte               000000018000f5e0 f   zip.obj
 0001:0000e600       update_keys                000000018000f600 f   zip.obj
 0001:0000e660       init_keys                  000000018000f660 f   zip.obj
 0001:0000e6d0       crypthead                  000000018000f6d0 f   zip.obj
 0001:0000e820       allocate_new_datablock     000000018000f820 f   zip.obj
 0001:0000e850       free_datablock             000000018000f850 f   zip.obj
 0001:0000e880       init_linkedlist            000000018000f880 f   zip.obj
 0001:0000e890       free_linkedlist            000000018000f890 f   zip.obj
 0001:0000e8b0       add_data_in_datablock      000000018000f8b0 f   zip.obj
 0001:0000e990       zip64local_putValue        000000018000f990 f   zip.obj
 0001:0000ea10       zip64local_putValue_inmemory 000000018000fa10 f   zip.obj
 0001:0000ea50       zip64local_TmzDateToDosDate 000000018000fa50 f   zip.obj
 0001:0000eaa0       zip64local_getByte         000000018000faa0 f   zip.obj
 0001:0000eb10       zip64local_getShort        000000018000fb10 f   zip.obj
 0001:0000eb90       zip64local_getLong         000000018000fb90 f   zip.obj
 0001:0000ec60       zip64local_getLong64       000000018000fc60 f   zip.obj
 0001:0000ede0       zip64local_SearchCentralDir 000000018000fde0 f   zip.obj
 0001:0000ef50       zip64local_SearchCentralDir64 000000018000ff50 f   zip.obj
 0001:0000f170       LoadCentralDirectoryRecord 0000000180010170 f   zip.obj
 0001:0000f790       Write_LocalFileHeader      0000000180010790 f   zip.obj
 0001:000103b0       zip64FlushWriteBuffer      00000001800113b0 f   zip.obj
 0001:00010b10       Write_Zip64EndOfCentralDirectoryLocator 0000000180011b10 f   zip.obj
 0001:00010b90       Write_Zip64EndOfCentralDirectoryRecord 0000000180011b90 f   zip.obj
 0001:00010cc0       Write_EndOfCentralDirectoryRecord 0000000180011cc0 f   zip.obj
 0001:00010df0       Write_GlobalComment        0000000180011df0 f   zip.obj
 0001:00011084       ?dllmain_crt_dispatch@@YAHQEAUHINSTANCE__@@KQEAX@Z 0000000180012084 f   MSVCRT:dll_dllmain.obj
 0001:000110d4       ?dllmain_crt_process_attach@@YAHQEAUHINSTANCE__@@QEAX@Z 00000001800120d4 f   MSVCRT:dll_dllmain.obj
 0001:000111ec       ?dllmain_crt_process_detach@@YAH_N@Z 00000001800121ec f   MSVCRT:dll_dllmain.obj
 0001:0001126c       ?dllmain_dispatch@@YAHQEAUHINSTANCE__@@KQEAX@Z 000000018001226c f   MSVCRT:dll_dllmain.obj
 0001:000113a0       ?dllmain_raw@@YAHQEAUHINSTANCE__@@KQEAX@Z 00000001800123a0 f   MSVCRT:dll_dllmain.obj
 0001:00011404       __get_entropy              0000000180012404 f   MSVCRT:gs_support.obj
 0001:00011594       ?find_pe_section@@YAPEAU_IMAGE_SECTION_HEADER@@QEAE_K@Z 0000000180012594 f   MSVCRT:utility.obj
 0001:000115e8       ?is_potentially_valid_image_base@@YA_NQEAX@Z 00000001800125e8 f   MSVCRT:utility.obj
 0001:00011d14       __castguard_check_failure_os_handled_wrapper 0000000180012d14 f   MSVCRT:guard_support.obj
 0001:00011d64       __castguard_check_failure_user_handled_wrapper 0000000180012d64 f   MSVCRT:guard_support.obj
 0001:00011d80       __castguard_compat_check   0000000180012d80 f   MSVCRT:guard_support.obj
 0001:00011ebc       __castguard_slow_path_compat_check 0000000180012ebc f   MSVCRT:guard_support.obj
 0001:00012230       $$000000                   0000000180013230     MSVCRT:chkstk.obj
 0001:000122a0       $$000000                   00000001800132a0     MSVCRT:guard_dispatch.obj
 0001:000122c0       $$000000                   00000001800132c0     MSVCRT:guard_xfg_dispatch.obj
 0001:000122d6       ?fin$0@?0??dllmain_crt_process_attach@@YAHQEAUHINSTANCE__@@QEAX@Z@4HA 00000001800132d6 f   MSVCRT:dll_dllmain.obj
 0001:000122ed       ?fin$0@?0??dllmain_crt_process_detach@@YAH_N@Z@4HA 00000001800132ed f   MSVCRT:dll_dllmain.obj
 0001:00012306       ?fin$1@?0??dllmain_crt_process_detach@@YAH_N@Z@4HA 0000000180013306 f   MSVCRT:dll_dllmain.obj
 0001:0001231a       ?filt$0@?0??dllmain_dispatch@@YAHQEAUHINSTANCE__@@KQEAX@Z@4HA 000000018001331a f   MSVCRT:dll_dllmain.obj
 0001:00012350       __scrt_is_nonwritable_in_current_image$filt$0 0000000180013350 f   MSVCRT:utility.obj
 0002:00000300       crc_table                  0000000180014300     crc32.obj
 0002:00000700       crc_big_table              0000000180014700     crc32.obj
 0002:00000b00       crc_braid_table            0000000180014b00     crc32.obj
 0002:00001b00       crc_braid_big_table        0000000180015b00     crc32.obj
 0002:00002b00       x2n_table                  0000000180016b00     crc32.obj
 0002:00002b80       ?my_version@?1??deflateInit2_@@9@9 0000000180016b80     deflate.obj
 0002:00002b90       configuration_table        0000000180016b90     deflate.obj
 0002:00002c30       ?lenfix@?1??fixedtables@@9@9 0000000180016c30     infback.obj
 0002:00003430       ?distfix@?1??fixedtables@@9@9 0000000180017430     infback.obj
 0002:000034b0       ?order@?1??inflateBack@@9@9 00000001800174b0     infback.obj
 0002:000034e0       ?lenfix@?1??fixedtables@@9@9 00000001800174e0     inflate.obj
 0002:00003ce0       ?distfix@?1??fixedtables@@9@9 0000000180017ce0     inflate.obj
 0002:00003d60       ?order@?1??inflate@@9@9    0000000180017d60     inflate.obj
 0002:00003d90       ?dext@?1??inflate_table@@9@9 0000000180017d90     inftrees.obj
 0002:00003dd0       ?lext@?1??inflate_table@@9@9 0000000180017dd0     inftrees.obj
 0002:00003e10       ?lbase@?1??inflate_table@@9@9 0000000180017e10     inftrees.obj
 0002:00003e50       ?dbase@?1??inflate_table@@9@9 0000000180017e50     inftrees.obj
 0002:00004190       static_dtree               0000000180018190     trees.obj
 0002:00004210       extra_blbits               0000000180018210     trees.obj
 0002:00004260       extra_lbits                0000000180018260     trees.obj
 0002:000042e0       base_dist                  00000001800182e0     trees.obj
 0002:00004360       base_length                0000000180018360     trees.obj
 0002:000043d8       static_l_desc              00000001800183d8     trees.obj
 0002:000043f8       static_bl_desc             00000001800183f8     trees.obj
 0002:00004420       extra_dbits                0000000180018420     trees.obj
 0002:000044a0       static_ltree               00000001800184a0     trees.obj
 0002:00004920       static_d_desc              0000000180018920     trees.obj
 0002:00004940       bl_order                   0000000180018940     trees.obj
 0002:000054c0       $unwind$adler32_combine_   00000001800194c0     adler32.obj
 0002:000054c8       $unwind$compress2          00000001800194c8     compress.obj
 0002:000054e0       $unwind$compress           00000001800194e0     compress.obj
 0002:000054e8       $unwind$x2nmodp            00000001800194e8     crc32.obj
 0002:000054f0       $chain$0$x2nmodp           00000001800194f0     crc32.obj
 0002:00005504       $chain$1$x2nmodp           0000000180019504     crc32.obj
 0002:00005514       $unwind$crc32_z            0000000180019514     crc32.obj
 0002:00005520       $chain$3$crc32_z           0000000180019520     crc32.obj
 0002:00005540       $chain$5$crc32_z           0000000180019540     crc32.obj
 0002:00005558       $chain$6$crc32_z           0000000180019558     crc32.obj
 0002:00005568       $chain$7$crc32_z           0000000180019568     crc32.obj
 0002:00005578       $unwind$crc32_combine64    0000000180019578     crc32.obj
 0002:00005584       $unwind$crc32_combine_op   0000000180019584     crc32.obj
 0002:0000558c       $unwind$slide_hash         000000018001958c     deflate.obj
 0002:00005594       $unwind$read_buf           0000000180019594     deflate.obj
 0002:000055a8       $unwind$fill_window        00000001800195a8     deflate.obj
 0002:000055b8       $unwind$deflateInit_       00000001800195b8     deflate.obj
 0002:000055c0       $unwind$deflateInit2_      00000001800195c0     deflate.obj
 0002:000055d4       $chain$0$deflateInit2_     00000001800195d4     deflate.obj
 0002:000055e8       $chain$1$deflateInit2_     00000001800195e8     deflate.obj
 0002:000055fc       $chain$2$deflateInit2_     00000001800195fc     deflate.obj
 0002:0000560c       $chain$4$deflateInit2_     000000018001960c     deflate.obj
 0002:00005624       $chain$5$deflateInit2_     0000000180019624     deflate.obj
 0002:00005638       $chain$6$deflateInit2_     0000000180019638     deflate.obj
 0002:00005648       $unwind$deflateSetDictionary 0000000180019648     deflate.obj
 0002:00005658       $chain$2$deflateSetDictionary 0000000180019658     deflate.obj
 0002:00005674       $chain$3$deflateSetDictionary 0000000180019674     deflate.obj
 0002:00005684       $unwind$deflateGetDictionary 0000000180019684     deflate.obj
 0002:00005690       $unwind$deflateResetKeep   0000000180019690     deflate.obj
 0002:0000569c       $unwind$lm_init            000000018001969c     deflate.obj
 0002:000056a8       $unwind$deflateReset       00000001800196a8     deflate.obj
 0002:000056b4       $unwind$deflateSetHeader   00000001800196b4     deflate.obj
 0002:000056bc       $unwind$deflatePending     00000001800196bc     deflate.obj
 0002:000056c4       $unwind$deflatePrime       00000001800196c4     deflate.obj
 0002:000056d0       $unwind$deflateParams      00000001800196d0     deflate.obj
 0002:000056e8       $unwind$deflateTune        00000001800196e8     deflate.obj
 0002:000056f0       $unwind$deflateBound       00000001800196f0     deflate.obj
 0002:000056f8       $unwind$flush_pending      00000001800196f8     deflate.obj
 0002:00005708       $chain$0$flush_pending     0000000180019708     deflate.obj
 0002:0000571c       $chain$1$flush_pending     000000018001971c     deflate.obj
 0002:0000572c       $unwind$deflate            000000018001972c     deflate.obj
 0002:00005738       $chain$4$deflate           0000000180019738     deflate.obj
 0002:0000575c       $chain$6$deflate           000000018001975c     deflate.obj
 0002:00005780       $chain$7$deflate           0000000180019780     deflate.obj
 0002:00005794       $chain$8$deflate           0000000180019794     deflate.obj
 0002:000057a4       $unwind$deflateEnd         00000001800197a4     deflate.obj
 0002:000057b8       $chain$4$deflateEnd        00000001800197b8     deflate.obj
 0002:000057d0       $chain$5$deflateEnd        00000001800197d0     deflate.obj
 0002:000057e4       $unwind$deflateCopy        00000001800197e4     deflate.obj
 0002:000057ec       $chain$1$deflateCopy       00000001800197ec     deflate.obj
 0002:00005804       $chain$3$deflateCopy       0000000180019804     deflate.obj
 0002:0000581c       $chain$4$deflateCopy       000000018001981c     deflate.obj
 0002:0000582c       $unwind$longest_match      000000018001982c     deflate.obj
 0002:00005848       $unwind$deflate_stored     0000000180019848     deflate.obj
 0002:00005854       $chain$0$deflate_stored    0000000180019854     deflate.obj
 0002:00005868       $chain$4$deflate_stored    0000000180019868     deflate.obj
 0002:00005888       $chain$5$deflate_stored    0000000180019888     deflate.obj
 0002:000058a0       $chain$6$deflate_stored    00000001800198a0     deflate.obj
 0002:000058b8       $unwind$deflate_fast       00000001800198b8     deflate.obj
 0002:000058d4       $unwind$deflate_slow       00000001800198d4     deflate.obj
 0002:000058f0       $unwind$deflate_rle        00000001800198f0     deflate.obj
 0002:00005908       $unwind$deflate_huff       0000000180019908     deflate.obj
 0002:00005918       $unwind$vsnprintf          0000000180019918     gzlib.obj
 0002:0000592c       $unwind$snprintf           000000018001992c     gzlib.obj
 0002:0000593c       $unwind$gz_reset           000000018001993c     gzlib.obj
 0002:00005948       $unwind$gz_open            0000000180019948     gzlib.obj
 0002:00005960       $chain$0$gz_open           0000000180019960     gzlib.obj
 0002:00005974       $chain$1$gz_open           0000000180019974     gzlib.obj
 0002:00005984       $chain$2$gz_open           0000000180019984     gzlib.obj
 0002:00005998       $chain$3$gz_open           0000000180019998     gzlib.obj
 0002:000059a8       $unwind$gzdopen            00000001800199a8     gzlib.obj
 0002:000059b8       $unwind$gzrewind           00000001800199b8     gzlib.obj
 0002:000059c0       $unwind$gzseek64           00000001800199c0     gzlib.obj
 0002:000059d4       $unwind$gzseek             00000001800199d4     gzlib.obj
 0002:000059dc       $unwind$gztell             00000001800199dc     gzlib.obj
 0002:000059e4       $unwind$gzoffset64         00000001800199e4     gzlib.obj
 0002:000059ec       $unwind$gzoffset           00000001800199ec     gzlib.obj
 0002:000059f4       $unwind$gz_error           00000001800199f4     gzlib.obj
 0002:00005a08       $unwind$gz_load            0000000180019a08     gzread.obj
 0002:00005a20       $unwind$gz_avail           0000000180019a20     gzread.obj
 0002:00005a28       $unwind$gz_look            0000000180019a28     gzread.obj
 0002:00005a3c       $unwind$gz_decomp          0000000180019a3c     gzread.obj
 0002:00005a50       $unwind$gz_fetch           0000000180019a50     gzread.obj
 0002:00005a58       $unwind$gz_skip            0000000180019a58     gzread.obj
 0002:00005a64       $unwind$gz_read            0000000180019a64     gzread.obj
 0002:00005a80       $unwind$gzread             0000000180019a80     gzread.obj
 0002:00005a88       $unwind$gzfread            0000000180019a88     gzread.obj
 0002:00005a90       $unwind$gzgetc             0000000180019a90     gzread.obj
 0002:00005a98       $unwind$gzungetc           0000000180019a98     gzread.obj
 0002:00005aa4       $unwind$gzgets             0000000180019aa4     gzread.obj
 0002:00005ac0       $unwind$gzdirect           0000000180019ac0     gzread.obj
 0002:00005ac8       $unwind$gzclose_r          0000000180019ac8     gzread.obj
 0002:00005ad0       $chain$1$gzclose_r         0000000180019ad0     gzread.obj
 0002:00005ae8       $chain$2$gzclose_r         0000000180019ae8     gzread.obj
 0002:00005af8       $unwind$gz_init            0000000180019af8     gzwrite.obj
 0002:00005b0c       $unwind$gz_comp            0000000180019b0c     gzwrite.obj
 0002:00005b24       $unwind$gz_zero            0000000180019b24     gzwrite.obj
 0002:00005b38       $unwind$gz_write           0000000180019b38     gzwrite.obj
 0002:00005b50       $unwind$gzwrite            0000000180019b50     gzwrite.obj
 0002:00005b58       $unwind$gzfwrite           0000000180019b58     gzwrite.obj
[...]
 0002:000068cc       $unwind$zipOpenNewFileInZip64 000000018001a8cc     zip.obj
 0002:000068d4       $unwind$zipOpenNewFileInZip 000000018001a8d4     zip.obj
 0002:000068dc       $unwind$zip64FlushWriteBuffer 000000018001a8dc     zip.obj
 0002:000068e4       $chain$0$zip64FlushWriteBuffer 000000018001a8e4     zip.obj
 0002:000068f8       $chain$3$zip64FlushWriteBuffer 000000018001a8f8     zip.obj
 0002:00006914       $chain$4$zip64FlushWriteBuffer 000000018001a914     zip.obj
 0002:00006924       $chain$5$zip64FlushWriteBuffer 000000018001a924     zip.obj
 0002:00006934       $unwind$zipWriteInFileInZip 000000018001a934     zip.obj
 0002:00006948       $chain$0$zipWriteInFileInZip 000000018001a948     zip.obj
 0002:0000695c       $chain$2$zipWriteInFileInZip 000000018001a95c     zip.obj
 0002:00006970       $chain$3$zipWriteInFileInZip 000000018001a970     zip.obj
 0002:00006980       $unwind$zipCloseFileInZipRaw64 000000018001a980     zip.obj
 0002:00006990       $chain$2$zipCloseFileInZipRaw64 000000018001a990     zip.obj
 0002:000069ac       $chain$4$zipCloseFileInZipRaw64 000000018001a9ac     zip.obj
 0002:000069c8       $chain$5$zipCloseFileInZipRaw64 000000018001a9c8     zip.obj
 0002:000069d8       $unwind$Write_Zip64EndOfCentralDirectoryLocator 000000018001a9d8     zip.obj
 0002:000069e4       $unwind$Write_Zip64EndOfCentralDirectoryRecord 000000018001a9e4     zip.obj
 0002:000069f4       $unwind$Write_EndOfCentralDirectoryRecord 000000018001a9f4     zip.obj
 0002:00006a00       $chain$0$Write_EndOfCentralDirectoryRecord 000000018001aa00     zip.obj
 0002:00006a14       $chain$2$Write_EndOfCentralDirectoryRecord 000000018001aa14     zip.obj
 0002:00006a2c       $chain$3$Write_EndOfCentralDirectoryRecord 000000018001aa2c     zip.obj
 0002:00006a3c       $chain$4$Write_EndOfCentralDirectoryRecord 000000018001aa3c     zip.obj
 0002:00006a4c       $unwind$Write_GlobalComment 000000018001aa4c     zip.obj
 0002:00006a64       $unwind$zipClose           000000018001aa64     zip.obj
 0002:00006a78       $chain$1$zipClose          000000018001aa78     zip.obj
 0002:00006a8c       $chain$2$zipClose          000000018001aa8c     zip.obj
 0002:00006aa0       $chain$3$zipClose          000000018001aaa0     zip.obj
 0002:00006ab0       $chain$4$zipClose          000000018001aab0     zip.obj
 0002:00006ac0       $unwind$?dllmain_crt_process_attach@@YAHQEAUHINSTANCE__@@QEAX@Z 000000018001aac0     MSVCRT:dll_dllmain.obj
 0002:00006afc       $unwind$?fin$0@?0??dllmain_crt_process_attach@@YAHQEAUHINSTANCE__@@QEAX@Z@4HA 000000018001aafc     MSVCRT:dll_dllmain.obj
 0002:00006b04       $unwind$?dllmain_crt_process_detach@@YAH_N@Z 000000018001ab04     MSVCRT:dll_dllmain.obj
 0002:00006b58       $unwind$?fin$0@?0??dllmain_crt_process_detach@@YAH_N@Z@4HA 000000018001ab58     MSVCRT:dll_dllmain.obj
 0002:00006b60       $unwind$?fin$1@?0??dllmain_crt_process_detach@@YAH_N@Z@4HA 000000018001ab60     MSVCRT:dll_dllmain.obj
 0002:00006b68       $unwind$?dllmain_crt_dispatch@@YAHQEAUHINSTANCE__@@KQEAX@Z 000000018001ab68     MSVCRT:dll_dllmain.obj
 0002:00006b70       $unwind$?dllmain_dispatch@@YAHQEAUHINSTANCE__@@KQEAX@Z 000000018001ab70     MSVCRT:dll_dllmain.obj
 0002:00006b98       $unwind$?filt$0@?0??dllmain_dispatch@@YAHQEAUHINSTANCE__@@KQEAX@Z@4HA 000000018001ab98     MSVCRT:dll_dllmain.obj
 0002:00006ba0       $unwind$_DllMainCRTStartup 000000018001aba0     MSVCRT:dll_dllmain.obj
 0002:00006bb0       $unwind$__security_init_cookie 000000018001abb0     MSVCRT:gs_support.obj
 0002:00006bbc       $unwind$__get_entropy      000000018001abbc     MSVCRT:gs_support.obj
 0002:00006bc4       $unwind$DllMain            000000018001abc4     MSVCRT:dll_dllmain_stub.obj
 0002:00006bcc       $unwind$__scrt_initialize_default_local_stdio_options 000000018001abcc     MSVCRT:default_local_stdio_options.obj
 0002:00006bd4       $unwind$atexit             000000018001abd4     MSVCRT:utility.obj
 0002:00006bdc       $unwind$_onexit            000000018001abdc     MSVCRT:utility.obj
 0002:00006be4       $unwind$__scrt_is_nonwritable_in_current_image 000000018001abe4     MSVCRT:utility.obj
 0002:00006c04       $unwind$__scrt_is_nonwritable_in_current_image$filt$0 000000018001ac04     MSVCRT:utility.obj
 0002:00006c0c       $unwind$__scrt_acquire_startup_lock 000000018001ac0c     MSVCRT:utility.obj
 0002:00006c14       $unwind$__scrt_release_startup_lock 000000018001ac14     MSVCRT:utility.obj
 0002:00006c1c       $unwind$__scrt_initialize_crt 000000018001ac1c     MSVCRT:utility.obj
 0002:00006c24       $unwind$__scrt_uninitialize_crt 000000018001ac24     MSVCRT:utility.obj
 0002:00006c2c       $unwind$__scrt_initialize_onexit_tables 000000018001ac2c     MSVCRT:utility.obj
 0002:00006c34       $unwind$__scrt_dllmain_exception_filter 000000018001ac34     MSVCRT:utility.obj
 0002:00006c48       $unwind$__scrt_dllmain_before_initialize_c 000000018001ac48     MSVCRT:utility.obj
 0002:00006c50       $unwind$__scrt_dllmain_after_initialize_c 000000018001ac50     MSVCRT:utility.obj
 0002:00006c58       $unwind$__scrt_dllmain_uninitialize_c 000000018001ac58     MSVCRT:utility.obj
 0002:00006c60       $unwind$__scrt_dllmain_uninitialize_critical 000000018001ac60     MSVCRT:utility.obj
 0002:00006c68       $unwind$__scrt_dllmain_crt_thread_attach 000000018001ac68     MSVCRT:utility.obj
 0002:00006c70       $unwind$__scrt_dllmain_crt_thread_detach 000000018001ac70     MSVCRT:utility.obj
 0002:00006c78       $unwind$?configure_argv@__scrt_narrow_argv_policy@@SAHXZ 000000018001ac78     MSVCRT:utility.obj
 0002:00006c80       $unwind$__scrt_get_show_window_mode 000000018001ac80     MSVCRT:utility_desktop.obj
 0002:00006c88       $unwind$__scrt_is_managed_app 000000018001ac88     MSVCRT:utility_desktop.obj
 0002:00006c90       $unwind$__scrt_fastfail    000000018001ac90     MSVCRT:utility_desktop.obj
 0002:00006ca0       $unwind$__scrt_unhandled_exception_filter 000000018001aca0     MSVCRT:utility_desktop.obj
 0002:00006cac       $unwind$_RTC_Initialize    000000018001acac     MSVCRT:initsect.obj
 0002:00006cb8       $unwind$_RTC_Terminate     000000018001acb8     MSVCRT:initsect.obj
 0002:00006cc4       $unwind$__castguard_check_failure_os_handled_wrapper 000000018001acc4     MSVCRT:guard_support.obj
 0002:00006ccc       $unwind$__castguard_check_failure_user_handled_wrapper 000000018001accc     MSVCRT:guard_support.obj
 0002:00006cd4       $unwind$__castguard_check_failure_os_handled 000000018001acd4     MSVCRT:guard_support.obj
 0002:00006cdc       $unwind$__castguard_check_failure_user_handled 000000018001acdc     MSVCRT:guard_support.obj
 0002:00006ce4       $unwind$__castguard_slow_path_check_os_handled 000000018001ace4     MSVCRT:guard_support.obj
 0002:00006cec       $unwind$__castguard_slow_path_check_user_handled 000000018001acec     MSVCRT:guard_support.obj
 0002:00006cf4       $unwind$__isa_available_init 000000018001acf4     MSVCRT:cpu_disp.obj
 0002:00006d08       $xdatasym                  000000018001ad08     MSVCRT:guard_dispatch.obj
 0002:00006d10       $xdatasym                  000000018001ad10     MSVCRT:guard_xfg_dispatch.obj
 0002:00006d18       $xdatasym                  000000018001ad18     MSVCRT:chkstk.obj
 0002:00006d20       .edata                     000000018001ad20     zlibwapi.exp
 0002:00006d48       rgpv                       000000018001ad48     zlibwapi.exp
 0002:00007010       rgszName                   000000018001b010     zlibwapi.exp
 0002:00007220       rgwOrd                     000000018001b220     zlibwapi.exp
 0002:00007328       szName                     000000018001b328     zlibwapi.exp
 0002:00007335       $N00001                    000000018001b335     zlibwapi.exp
 0002:0000733d       $N00140                    000000018001b33d     zlibwapi.exp
 0002:0000734d       $N00174                    000000018001b34d     zlibwapi.exp
 0002:00007357       $N00002                    000000018001b357     zlibwapi.exp
 0002:00007360       $N00039                    000000018001b360     zlibwapi.exp
 0002:0000736a       $N00046                    000000018001b36a     zlibwapi.exp
 0002:00007378       $N00003                    000000018001b378     zlibwapi.exp
 0002:0000737e       $N00142                    000000018001b37e     zlibwapi.exp
 0002:0000738c       $N00176                    000000018001b38c     zlibwapi.exp
 0002:0000739e       $N00177                    000000018001b39e     zlibwapi.exp
 0002:000073b2       $N00178                    000000018001b3b2     zlibwapi.exp
 0002:000073c3       $N00175                    000000018001b3c3     zlibwapi.exp
 0002:000073cb       $N00004                    000000018001b3cb     zlibwapi.exp
 0002:000073d3       $N00047                    000000018001b3d3     zlibwapi.exp
 0002:000073e0       $N00005                    000000018001b3e0     zlibwapi.exp
 0002:000073ec       $N00006                    000000018001b3ec     zlibwapi.exp
 0002:000073f7       $N00173                    000000018001b3f7     zlibwapi.exp
 0002:0000740c       $N00007                    000000018001b40c     zlibwapi.exp
 0002:0000741a       $N00008                    000000018001b41a     zlibwapi.exp
 0002:00007427       $N00009                    000000018001b427     zlibwapi.exp
 0002:00007435       $N00052                    000000018001b435     zlibwapi.exp
 0002:00007444       $N00051                    000000018001b444     zlibwapi.exp
 0002:00007451       $N00010                    000000018001b451     zlibwapi.exp
 0002:0000745e       $N00164                    000000018001b45e     zlibwapi.exp
 0002:0000746f       $N00011                    000000018001b46f     zlibwapi.exp
 0002:00007484       $N00144                    000000018001b484     zlibwapi.exp
 0002:00007495       $N00145                    000000018001b495     zlibwapi.exp
 0002:000074a1       $N00110                    000000018001b4a1     zlibwapi.exp
 0002:000074b5       $N00111                    000000018001b4b5     zlibwapi.exp
 0002:000074cb       $N00112                    000000018001b4cb     zlibwapi.exp
 0002:000074e2       $N00113                    000000018001b4e2     zlibwapi.exp
 0002:000074f9       $N00038                    000000018001b4f9     zlibwapi.exp
 0002:00007507       $N00146                    000000018001b507     zlibwapi.exp
 0002:00007510       $N00048                    000000018001b510     zlibwapi.exp
 0002:0000751b       $N00012                    000000018001b51b     zlibwapi.exp
 0002:00007523       $N00147                    000000018001b523     zlibwapi.exp
 0002:0000752d       $N00148                    000000018001b52d     zlibwapi.exp
 0002:00007537       $N00149                    000000018001b537     zlibwapi.exp
 0002:00007540       $N00013                    000000018001b540     zlibwapi.exp
 0002:00007548       $N00034                    000000018001b548     zlibwapi.exp
 0002:0000754e       $N00014                    000000018001b54e     zlibwapi.exp
 0002:00007556       $N00015                    000000018001b556     zlibwapi.exp
 0002:0000755e       $N00171                    000000018001b55e     zlibwapi.exp
 0002:00007566       $N00172                    000000018001b566     zlibwapi.exp
 0002:0000756f       $N00030                    000000018001b56f     zlibwapi.exp
 0002:00007576       $N00161                    000000018001b576     zlibwapi.exp
 0002:0000757e       $N00041                    000000018001b57e     zlibwapi.exp
 0002:00007585       $N00150                    000000018001b585     zlibwapi.exp
 0002:0000758e       $N00016                    000000018001b58e     zlibwapi.exp
 0002:00007595       $N00165                    000000018001b595     zlibwapi.exp
 0002:0000759e       $N00028                    000000018001b59e     zlibwapi.exp
 0002:000075a7       $N00029                    000000018001b5a7     zlibwapi.exp
 0002:000075ae       $N00040                    000000018001b5ae     zlibwapi.exp
 0002:000075b5       $N00017                    000000018001b5b5     zlibwapi.exp
 0002:000075bc       $N00032                    000000018001b5bc     zlibwapi.exp
 0002:000075c5       $N00031                    000000018001b5c5     zlibwapi.exp
 0002:000075cc       $N00035                    000000018001b5cc     zlibwapi.exp
 0002:000075d8       $N00033                    000000018001b5d8     zlibwapi.exp
 0002:000075df       $N00049                    000000018001b5df     zlibwapi.exp
 0002:000075e8       $N00167                    000000018001b5e8     zlibwapi.exp
 0002:000075f2       $N00018                    000000018001b5f2     zlibwapi.exp
 0002:000075fa       $N00019                    000000018001b5fa     zlibwapi.exp
 0002:00007602       $N00044                    000000018001b602     zlibwapi.exp
 0002:0000760e       $N00045                    000000018001b60e     zlibwapi.exp
 0002:0000761d       $N00043                    000000018001b61d     zlibwapi.exp
 0002:0000762e       $N00168                    000000018001b62e     zlibwapi.exp
 0002:0000763f       $N00042                    000000018001b63f     zlibwapi.exp
 0002:0000764b       $N00020                    000000018001b64b     zlibwapi.exp
 0002:00007656       $N00166                    000000018001b656     zlibwapi.exp
 0002:0000766b       $N00156                    000000018001b66b     zlibwapi.exp
 0002:0000767c       $N00021                    000000018001b67c     zlibwapi.exp
 0002:0000768a       $N00022                    000000018001b68a     zlibwapi.exp
 0002:00007697       $N00157                    000000018001b697     zlibwapi.exp
 0002:000076a3       $N00158                    000000018001b6a3     zlibwapi.exp
 0002:000076b0       $N00023                    000000018001b6b0     zlibwapi.exp
 0002:000076bd       $N00159                    000000018001b6bd     zlibwapi.exp
 0002:000076cb       $N00163                    000000018001b6cb     zlibwapi.exp
 0002:000076dc       $N00024                    000000018001b6dc     zlibwapi.exp
 0002:000076f1       $N00025                    000000018001b6f1     zlibwapi.exp
 0002:000076fd       $N00037                    000000018001b6fd     zlibwapi.exp
 0002:0000770e       $N00160                    000000018001b70e     zlibwapi.exp
 0002:0000771f       $N00169                    000000018001b71f     zlibwapi.exp
 0002:0000772f       $N00026                    000000018001b72f     zlibwapi.exp
 0002:0000773a       $N00170                    000000018001b73a     zlibwapi.exp
 0002:00007746       $N00062                    000000018001b746     zlibwapi.exp
 0002:0000774f       $N00072                    000000018001b74f     zlibwapi.exp
 0002:00007763       $N00064                    000000018001b763     zlibwapi.exp
 0002:00007779       $N00124                    000000018001b779     zlibwapi.exp
 0002:00007791       $N00125                    000000018001b791     zlibwapi.exp
 0002:000077af       $N00100                    000000018001b7af     zlibwapi.exp
 0002:000077bd       $N00127                    000000018001b7bd     zlibwapi.exp
 0002:000077cd       $N00073                    000000018001b7cd     zlibwapi.exp
 0002:000077e1       $N00063                    000000018001b7e1     zlibwapi.exp
 0002:000077f2       $N00122                    000000018001b7f2     zlibwapi.exp
 0002:00007805       $N00076                    000000018001b805     zlibwapi.exp
 0002:0000781b       $N00101                    000000018001b81b     zlibwapi.exp
 0002:0000782a       $N00128                    000000018001b82a     zlibwapi.exp
 0002:0000783b       $N00065                    000000018001b83b     zlibwapi.exp
 0002:0000784c       $N00066                    000000018001b84c     zlibwapi.exp
 0002:0000785c       $N00075                    000000018001b85c     zlibwapi.exp
 0002:0000786a       $N00061                    000000018001b86a     zlibwapi.exp
 0002:00007872       $N00077                    000000018001b872     zlibwapi.exp
 0002:0000787b       $N00121                    000000018001b87b     zlibwapi.exp
 0002:00007887       $N00120                    000000018001b887     zlibwapi.exp
 0002:00007891       $N00067                    000000018001b891     zlibwapi.exp
 0002:000078a4       $N00078                    000000018001b8a4     zlibwapi.exp
 0002:000078b8       $N00069                    000000018001b8b8     zlibwapi.exp
 0002:000078cc       $N00079                    000000018001b8cc     zlibwapi.exp
 0002:000078e7       $N00068                    000000018001b8e7     zlibwapi.exp
 0002:000078fa       $N00074                    000000018001b8fa     zlibwapi.exp
 0002:00007913       $N00071                    000000018001b913     zlibwapi.exp
 0002:0000791a       $N00070                    000000018001b91a     zlibwapi.exp
 0002:00007922       $N00126                    000000018001b922     zlibwapi.exp
 0002:0000792c       $N00036                    000000018001b92c     zlibwapi.exp
 0002:00007933       $N00084                    000000018001b933     zlibwapi.exp
 0002:0000793c       $N00083                    000000018001b93c     zlibwapi.exp
 0002:0000794e       $N00087                    000000018001b94e     zlibwapi.exp
 0002:00007963       $N00136                    000000018001b963     zlibwapi.exp
 0002:0000797a       $N00080                    000000018001b97a     zlibwapi.exp
 0002:00007982       $N00088                    000000018001b982     zlibwapi.exp
 0002:0000798b       $N00131                    000000018001b98b     zlibwapi.exp
 0002:00007997       $N00130                    000000018001b997     zlibwapi.exp
 0002:000079a1       $N00081                    000000018001b9a1     zlibwapi.exp
 0002:000079b5       $N00086                    000000018001b9b5     zlibwapi.exp
 0002:000079ca       $N00133                    000000018001b9ca     zlibwapi.exp
 0002:000079e2       $N00089                    000000018001b9e2     zlibwapi.exp
 0002:000079f7       $N00134                    000000018001b9f7     zlibwapi.exp
 0002:00007a0f       $N00135                    000000018001ba0f     zlibwapi.exp
 0002:00007a27       $N00132                    000000018001ba27     zlibwapi.exp
 0002:00007a3d       $N00082                    000000018001ba3d     zlibwapi.exp
 0002:00007a51       $N00050                    000000018001ba51     zlibwapi.exp
 0002:00007a62       $N00027                    000000018001ba62     zlibwapi.exp
 0002:00007ddc       .idata$6                   000000018001bddc     kernel32:KERNEL32.dll
 0002:00007e60       .idata$6                   000000018001be60     vcruntime:VCRUNTIME140.dll
 0002:0000805c       .idata$6                   000000018001c05c     ucrt:api-ms-win-crt-stdio-l1-1-0.dll
 0002:0000807c       .idata$6                   000000018001c07c     ucrt:api-ms-win-crt-convert-l1-1-0.dll
 0002:0000809e       .idata$6                   000000018001c09e     ucrt:api-ms-win-crt-heap-l1-1-0.dll
 0002:000080be       .idata$6                   000000018001c0be     ucrt:api-ms-win-crt-runtime-l1-1-0.dll
 0002:000080e0       .idata$6                   000000018001c0e0     ucrt:api-ms-win-crt-utility-l1-1-0.dll
 0002:00008102       .idata$6                   000000018001c102     ucrt:api-ms-win-crt-time-l1-1-0.dll
 0003:000000b0       ?__proc_attached@@3HA      000000018001d0b0     MSVCRT:dll_dllmain.obj
 0003:000000f0       ?is_initialized_as_dll@@3_NA 000000018001d0f0     MSVCRT:utility.obj
 0003:000000f1       ?module_local_atexit_table_initialized@@3_NA 000000018001d0f1     MSVCRT:utility.obj
 0003:000000f8       ?module_local_atexit_table@@3U_onexit_table_t@@A 000000018001d0f8     MSVCRT:utility.obj
 0003:00000110       ?module_local_at_quick_exit_table@@3U_onexit_table_t@@A 000000018001d110     MSVCRT:utility.obj
 0003:0000013c       ?calls@?1??crypthead@@9@9  000000018001d13c     zip.obj
 0005:00000060       $R000000                   0000000180020060     zlib.res
