 zlibwapi

 Timestamp is 65c56f98 (Fri Feb  9 08:19:36 2024)

 Preferred load address is 0000000180000000

 Start         Length     Name                   Class
 0001:00000000 000124b0H .text$mn                CODE
 0001:000124b0 00000036H .text$mn$00             CODE
 0001:000124e6 00000092H .text$x                 CODE
 0002:00000000 00000250H .idata$5                DATA
 0002:00000250 00000038H .00cfg                  DATA
 0002:00000288 00000008H .CRT$XCA                DATA
 0002:00000290 00000008H .CRT$XCZ                DATA
 0002:00000298 00000008H .CRT$XIA                DATA
 0002:000002a0 00000008H .CRT$XIZ                DATA
 0002:000002a8 00000008H .CRT$XPA                DATA
 0002:000002b0 00000008H .CRT$XPZ                DATA
 0002:000002b8 00000008H .CRT$XTA                DATA
 0002:000002c0 00000010H .CRT$XTZ                DATA
 0002:000002c8 00000000H .gehcont$y              DATA
 0002:000002c8 00000000H .gfids$y                DATA
 0002:000002d0 00004d30H .rdata                  DATA
 0002:00005000 00000080H .rdata$CastGuardVftablesA DATA
 0002:00005080 00000080H .rdata$CastGuardVftablesC DATA
 0002:00005100 0000007cH .rdata$voltmd           DATA
 0002:0000517c 00000324H .rdata$zzzdbg           DATA
 0002:000054a0 00000008H .rtc$IAA                DATA
 0002:000054a8 00000008H .rtc$IZZ                DATA
 0002:000054b0 00000008H .rtc$TAA                DATA
 0002:000054b8 00000008H .rtc$TZZ                DATA
 0002:000054c0 00001850H .xdata                  DATA
 0002:00006d10 00000d50H .edata                  DATA
 0002:00007a60 000000a0H .idata$2                DATA
 0002:00007b00 00000018H .idata$3                DATA
 0002:00007b18 00000250H .idata$4                DATA
 0002:00007d68 0000052cH .idata$6                DATA
 0003:00000000 000000b0H .data                   DATA
 0003:000000b0 000000a8H .bss                    DATA
 0004:00000000 000011c4H .pdata                  DATA
 0005:00000000 00000060H .rsrc$01                DATA
 0005:00000060 00000338H .rsrc$02                DATA

  Address         Publics by Value              Rva+Base               Lib:Object

 0000:00000000       __AbsoluteZero             0000000000000000     <absolute>
 0000:00000000       ___safe_se_handler_count   0000000000000000     <absolute>
 0000:00000000       ___safe_se_handler_table   0000000000000000     <absolute>
 0000:00000000       __arm64x_extra_rfe_table   0000000000000000     <absolute>
 0000:00000000       __arm64x_extra_rfe_table_size 0000000000000000     <absolute>
 0000:00000000       __arm64x_native_entrypoint 0000000000000000     <absolute>
 0000:00000000       __arm64x_redirection_metadata 0000000000000000     <absolute>
 0000:00000000       __arm64x_redirection_metadata_count 0000000000000000     <absolute>
 0000:00000000       __dynamic_value_reloc_table 0000000000000000     <absolute>
 0000:00000000       __enclave_config           0000000000000000     <absolute>
 0000:00000000       __guard_check_icall_a64n_fptr 0000000000000000     <absolute>
 0000:00000000       __guard_eh_cont_count      0000000000000000     <absolute>
 0000:00000000       __guard_eh_cont_table      0000000000000000     <absolute>
 0000:00000000       __guard_fids_count         0000000000000000     <absolute>
 0000:00000000       __guard_fids_table         0000000000000000     <absolute>
 0000:00000000       __guard_iat_count          0000000000000000     <absolute>
 0000:00000000       __guard_iat_table          0000000000000000     <absolute>
 0000:00000000       __guard_longjmp_count      0000000000000000     <absolute>
 0000:00000000       __guard_longjmp_table      0000000000000000     <absolute>
 0000:00000000       __hybrid_auxiliary_delayload_iat 0000000000000000     <absolute>
 0000:00000000       __hybrid_auxiliary_delayload_iat_copy 0000000000000000     <absolute>
 0000:00000000       __hybrid_auxiliary_iat     0000000000000000     <absolute>
 0000:00000000       __hybrid_auxiliary_iat_copy 0000000000000000     <absolute>
 0000:00000000       __hybrid_code_map          0000000000000000     <absolute>
 0000:00000000       __hybrid_code_map_count    0000000000000000     <absolute>
 0000:00000000       __hybrid_image_info_bitfield 0000000000000000     <absolute>
 0000:00000000       __x64_code_ranges_to_entry_points 0000000000000000     <absolute>
 0000:00000000       __x64_code_ranges_to_entry_points_count 0000000000000000     <absolute>
 0000:00000100       __guard_flags              0000000000000100     <absolute>
 0000:00000000       __ImageBase                0000000180000000     <linker-defined>
 0001:00000000       adler32_z                  0000000180001000 f   adler32.obj
 0001:000002e0       adler32                    00000001800012e0 f   adler32.obj
 0001:000003d0       adler32_combine            00000001800013d0 f   adler32.obj
 0001:000003e0       compress2                  00000001800013e0 f   compress.obj
 0001:000004e0       compress                   00000001800014e0 f   compress.obj
 0001:00000500       compressBound              0000000180001500 f   compress.obj
 0001:000005c0       get_crc_table              00000001800015c0 f   crc32.obj
 0001:00000650       crc32_z                    0000000180001650 f   crc32.obj
 0001:00000a10       crc32                      0000000180001a10 f   crc32.obj
 0001:00000a20       crc32_combine64            0000000180001a20 f   crc32.obj
 0001:00000a50       crc32_combine              0000000180001a50 f   crc32.obj
 0001:00000a60       crc32_combine_gen64        0000000180001a60 f   crc32.obj
 0001:00000a70       crc32_combine_gen          0000000180001a70 f   crc32.obj
 0001:00000a80       crc32_combine_op           0000000180001a80 f   crc32.obj
 0001:00000df0       deflateInit_               0000000180001df0 f   deflate.obj
 0001:00000e30       deflateInit2_              0000000180001e30 f   deflate.obj
 0001:00001120       deflateSetDictionary       0000000180002120 f   deflate.obj
 0001:00001320       deflateGetDictionary       0000000180002320 f   deflate.obj
 0001:000013a0       deflateResetKeep           00000001800023a0 f   deflate.obj
 0001:000014f0       deflateReset               00000001800024f0 f   deflate.obj
 0001:00001520       deflateSetHeader           0000000180002520 f   deflate.obj
 0001:00001560       deflatePending             0000000180002560 f   deflate.obj
 0001:000015b0       deflatePrime               00000001800025b0 f   deflate.obj
 0001:00001670       deflateParams              0000000180002670 f   deflate.obj
 0001:000017f0       deflateTune                00000001800027f0 f   deflate.obj
 0001:00001840       deflateBound               0000000180002840 f   deflate.obj
 0001:00001a40       deflate                    0000000180002a40 f   deflate.obj
 0001:000023e0       deflateEnd                 00000001800033e0 f   deflate.obj
 0001:000024c0       deflateCopy                00000001800034c0 f   deflate.obj
 0001:00003bf0       gzclose                    0000000180004bf0 f   gzclose.obj
 0001:00003c10       __local_stdio_printf_options 0000000180004c10 f i gzlib.obj
 0001:00003c20       vsnprintf                  0000000180004c20 f i gzlib.obj
 0001:00003c90       snprintf                   0000000180004c90 f i gzlib.obj
 0001:00004070       gzopen                     0000000180005070 f   gzlib.obj
 0001:00004080       gzdopen                    0000000180005080 f   gzlib.obj
 0001:00004110       gzopen_w                   0000000180005110 f   gzlib.obj
 0001:00004120       gzbuffer                   0000000180005120 f   gzlib.obj
 0001:00004160       gzrewind                   0000000180005160 f   gzlib.obj
 0001:000041c0       gzseek64                   00000001800051c0 f   gzlib.obj
 0001:00004310       gzseek                     0000000180005310 f   gzlib.obj
 0001:00004340       gztell64                   0000000180005340 f   gzlib.obj
 0001:00004380       gztell                     0000000180005380 f   gzlib.obj
 0001:000043a0       gzoffset64                 00000001800053a0 f   gzlib.obj
 0001:00004400       gzoffset                   0000000180005400 f   gzlib.obj
 0001:00004420       gzeof                      0000000180005420 f   gzlib.obj
 0001:00004440       gzerror                    0000000180005440 f   gzlib.obj
 0001:00004490       gzclearerr                 0000000180005490 f   gzlib.obj
 0001:000044d0       gz_error                   00000001800054d0 f   gzlib.obj
 0001:00004c70       gzread                     0000000180005c70 f   gzread.obj
 0001:00004ce0       gzfread                    0000000180005ce0 f   gzread.obj
 0001:00004d60       gzgetc                     0000000180005d60 f   gzread.obj
 0001:00004de0       gzgetc_                    0000000180005de0 f   gzread.obj
 0001:00004df0       gzungetc                   0000000180005df0 f   gzread.obj
 0001:00004f30       gzgets                     0000000180005f30 f   gzread.obj
 0001:00005060       gzdirect                   0000000180006060 f   gzread.obj
 0001:000050a0       gzclose_r                  00000001800060a0 f   gzread.obj
 0001:00005620       gzwrite                    0000000180006620 f   gzwrite.obj
 0001:00005670       gzfwrite                   0000000180006670 f   gzwrite.obj
 0001:000056f0       gzputc                     00000001800066f0 f   gzwrite.obj
 0001:000057c0       gzputs                     00000001800067c0 f   gzwrite.obj
 0001:00005850       gzvprintf                  0000000180006850 f   gzwrite.obj
 0001:000059e0       gzprintf                   00000001800069e0 f   gzwrite.obj
 0001:00005a10       gzflush                    0000000180006a10 f   gzwrite.obj
 0001:00005a80       gzsetparams                0000000180006a80 f   gzwrite.obj
 0001:00005b90       gzclose_w                  0000000180006b90 f   gzwrite.obj
 0001:00005c60       inflateBackInit_           0000000180006c60 f   infback.obj
 0001:00005db0       inflateBack                0000000180006db0 f   infback.obj
 0001:00006cb0       inflateBackEnd             0000000180007cb0 f   infback.obj
 0001:00006d00       inflate_fast               0000000180007d00 f   inffast.obj
 0001:00007230       inflateResetKeep           0000000180008230 f   inflate.obj
 0001:000072d0       inflateReset               00000001800082d0 f   inflate.obj
 0001:00007300       inflateReset2              0000000180008300 f   inflate.obj
 0001:000073a0       inflateInit2_              00000001800083a0 f   inflate.obj
 0001:000074a0       inflateInit_               00000001800084a0 f   inflate.obj
 0001:000074b0       inflatePrime               00000001800084b0 f   inflate.obj
 0001:00007660       inflate                    0000000180008660 f   inflate.obj
 0001:00008ea0       inflateEnd                 0000000180009ea0 f   inflate.obj
 0001:00008f00       inflateGetDictionary       0000000180009f00 f   inflate.obj
 0001:00008f90       inflateSetDictionary       0000000180009f90 f   inflate.obj
 0001:00009050       inflateGetHeader           000000018000a050 f   inflate.obj
 0001:00009100       inflateSync                000000018000a100 f   inflate.obj
 0001:00009250       inflateSyncPoint           000000018000a250 f   inflate.obj
 0001:00009290       inflateCopy                000000018000a290 f   inflate.obj
 0001:00009440       inflateUndermine           000000018000a440 f   inflate.obj
 0001:00009470       inflateValidate            000000018000a470 f   inflate.obj
 0001:000094b0       inflateMark                000000018000a4b0 f   inflate.obj
 0001:00009520       inflateCodesUsed           000000018000a520 f   inflate.obj
 0001:00009560       inflate_table              000000018000a560 f   inftrees.obj
 0001:00009b20       call_zopen64               000000018000ab20 f   ioapi.obj
 0001:00009b40       call_zseek64               000000018000ab40 f   ioapi.obj
 0001:00009b70       call_ztell64               000000018000ab70 f   ioapi.obj
 0001:00009bb0       fill_zlib_filefunc64_32_def_from_filefunc32 000000018000abb0 f   ioapi.obj
 0001:00009dc0       fill_fopen64_filefunc      000000018000adc0 f   ioapi.obj
 0001:00009ef0       win32_open64_file_func     000000018000aef0 f   iowin32.obj
 0001:00009f70       win32_open64_file_funcA    000000018000af70 f   iowin32.obj
 0001:00009ff0       win32_open64_file_funcW    000000018000aff0 f   iowin32.obj
 0001:0000a070       win32_open_file_func       000000018000b070 f   iowin32.obj
 0001:0000a0f0       win32_read_file_func       000000018000b0f0 f   iowin32.obj
 0001:0000a160       win32_write_file_func      000000018000b160 f   iowin32.obj
 0001:0000a240       win32_tell_file_func       000000018000b240 f   iowin32.obj
 0001:0000a2a0       win32_tell64_file_func     000000018000b2a0 f   iowin32.obj
 0001:0000a300       win32_seek_file_func       000000018000b300 f   iowin32.obj
 0001:0000a380       win32_seek64_file_func     000000018000b380 f   iowin32.obj
 0001:0000a400       win32_close_file_func      000000018000b400 f   iowin32.obj
 0001:0000a440       win32_error_file_func      000000018000b440 f   iowin32.obj
 0001:0000a450       fill_win32_filefunc        000000018000b450 f   iowin32.obj
 0001:0000a4b0       fill_win32_filefunc64      000000018000b4b0 f   iowin32.obj
 0001:0000a510       fill_win32_filefunc64A     000000018000b510 f   iowin32.obj
 0001:0000a570       fill_win32_filefunc64W     000000018000b570 f   iowin32.obj
 0001:0000a9d0       _tr_init                   000000018000b9d0 f   trees.obj
 0001:0000b8d0       _tr_stored_block           000000018000c8d0 f   trees.obj
 0001:0000b9e0       _tr_flush_bits             000000018000c9e0 f   trees.obj
 0001:0000b9f0       _tr_align                  000000018000c9f0 f   trees.obj
 0001:0000bfd0       _tr_flush_block            000000018000cfd0 f   trees.obj
 0001:0000c200       uncompress2                000000018000d200 f   uncompr.obj
 0001:0000c360       uncompress                 000000018000d360 f   uncompr.obj
 0001:0000c6c0       unzStringFileNameCompare   000000018000d6c0 f   unzip.obj
 0001:0000cef0       unzOpen2                   000000018000def0 f   unzip.obj
 0001:0000cf40       unzOpen2_64                000000018000df40 f   unzip.obj
 0001:0000cfa0       unzOpen                    000000018000dfa0 f   unzip.obj
 0001:0000cfb0       unzOpen64                  000000018000dfb0 f   unzip.obj
 0001:0000cfc0       unzClose                   000000018000dfc0 f   unzip.obj
 0001:0000d010       unzGetGlobalInfo64         000000018000e010 f   unzip.obj
 0001:0000d030       unzGetGlobalInfo           000000018000e030 f   unzip.obj
 0001:0000d640       unzGetCurrentFileInfo64    000000018000e640 f   unzip.obj
 0001:0000d690       unzGetCurrentFileInfo      000000018000e690 f   unzip.obj
 0001:0000d790       unzGoToFirstFile           000000018000e790 f   unzip.obj
 0001:0000d810       unzGoToNextFile            000000018000e810 f   unzip.obj
 0001:0000d8d0       unzLocateFile              000000018000e8d0 f   unzip.obj
 0001:0000dac0       unzGetFilePos64            000000018000eac0 f   unzip.obj
 0001:0000db00       unzGetFilePos              000000018000eb00 f   unzip.obj
 0001:0000db30       unzGoToFilePos64           000000018000eb30 f   unzip.obj
 0001:0000dbb0       unzGoToFilePos             000000018000ebb0 f   unzip.obj
 0001:0000de10       unzOpenCurrentFile3        000000018000ee10 f   unzip.obj
 0001:0000e170       unzOpenCurrentFile         000000018000f170 f   unzip.obj
 0001:0000e190       unzOpenCurrentFilePassword 000000018000f190 f   unzip.obj
 0001:0000e1b0       unzOpenCurrentFile2        000000018000f1b0 f   unzip.obj
 0001:0000e1d0       unzGetCurrentFileZStreamPos64 000000018000f1d0 f   unzip.obj
 0001:0000e1f0       unzReadCurrentFile         000000018000f1f0 f   unzip.obj
 0001:0000e510       unztell                    000000018000f510 f   unzip.obj
 0001:0000e530       unztell64                  000000018000f530 f   unzip.obj
 0001:0000e560       unzeof                     000000018000f560 f   unzip.obj
 0001:0000e590       unzGetLocalExtrafield      000000018000f590 f   unzip.obj
 0001:0000e680       unzCloseCurrentFile        000000018000f680 f   unzip.obj
 0001:0000e730       unzGetGlobalComment        000000018000f730 f   unzip.obj
 0001:0000f730       zipOpen3                   0000000180010730 f   zip.obj
 0001:0000f8d0       zipOpen2                   00000001800108d0 f   zip.obj
 0001:0000f920       zipOpen2_64                0000000180010920 f   zip.obj
 0001:0000f980       zipOpen                    0000000180010980 f   zip.obj
 0001:0000f990       zipOpen64                  0000000180010990 f   zip.obj
 0001:0000fc00       zipOpenNewFileInZip4_64    0000000180010c00 f   zip.obj
 0001:00010200       zipOpenNewFileInZip3       0000000180011200 f   zip.obj
 0001:000102b0       zipOpenNewFileInZip3_64    00000001800112b0 f   zip.obj
 0001:00010370       zipOpenNewFileInZip2       0000000180011370 f   zip.obj
 0001:00010400       zipOpenNewFileInZip2_64    0000000180011400 f   zip.obj
 0001:000104a0       zipOpenNewFileInZip64      00000001800114a0 f   zip.obj
 0001:00010530       zipOpenNewFileInZip        0000000180011530 f   zip.obj
 0001:000106a0       zipWriteInFileInZip        00000001800116a0 f   zip.obj
 0001:00010810       zipCloseFileInZipRaw       0000000180011810 f   zip.obj
 0001:00010820       zipCloseFileInZipRaw64     0000000180011820 f   zip.obj
 0001:00010d10       zipCloseFileInZip          0000000180011d10 f   zip.obj
 0001:00011090       zipClose                   0000000180012090 f   zip.obj
 0001:00011200       zlibVersion                0000000180012200 f   zutil.obj
 0001:00011210       zlibCompileFlags           0000000180012210 f   zutil.obj
 0001:00011220       zError                     0000000180012220 f   zutil.obj
 0001:00011250       zcalloc                    0000000180012250 f   zutil.obj
 0001:00011260       zcfree                     0000000180012260 f   zutil.obj
 0001:0001126a       ReadFile                   000000018001226a f   kernel32:KERNEL32.dll
 0001:00011270       WriteFile                  0000000180012270 f   kernel32:KERNEL32.dll
 0001:00011276       SetFilePointer             0000000180012276 f   kernel32:KERNEL32.dll
 0001:0001127c       CreateFileW                000000018001227c f   kernel32:KERNEL32.dll
 0001:00011282       GetLastError               0000000180012282 f   kernel32:KERNEL32.dll
 0001:00011288       CreateFileA                0000000180012288 f   kernel32:KERNEL32.dll
 0001:0001128e       CloseHandle                000000018001228e f   kernel32:KERNEL32.dll
 0001:000115cc       _CRT_INIT                  00000001800125cc f   MSVCRT:dll_dllmain.obj
 0001:000115d4       _DllMainCRTStartup         00000001800125d4 f   MSVCRT:dll_dllmain.obj
 0001:00011680       __security_init_cookie     0000000180012680 f   MSVCRT:gs_support.obj
 0001:0001172c       DllMain                    000000018001272c f   MSVCRT:dll_dllmain_stub.obj
 0001:00011750       ?__scrt_initialize_type_info@@YAXXZ 0000000180012750 f   MSVCRT:tncleanup.obj
 0001:00011760       ?__scrt_uninitialize_type_info@@YAXXZ 0000000180012760 f   MSVCRT:tncleanup.obj
 0001:0001176c       __local_stdio_scanf_options 000000018001276c f i MSVCRT:default_local_stdio_options.obj
 0001:00011774       __scrt_initialize_default_local_stdio_options 0000000180012774 f   MSVCRT:default_local_stdio_options.obj
 0001:00011790       ?configure_argv@__scrt_narrow_argv_policy@@SAHXZ 0000000180012790 f i MSVCRT:utility.obj
 0001:000117f0       ?initialize_environment@__scrt_narrow_environment_policy@@SAHXZ 00000001800127f0 f i MSVCRT:utility.obj
 0001:00011828       NtCurrentTeb               0000000180012828 f i MSVCRT:utility.obj
 0001:00011834       __scrt_acquire_startup_lock 0000000180012834 f   MSVCRT:utility.obj
 0001:00011870       __scrt_dllmain_after_initialize_c 0000000180012870 f   MSVCRT:utility.obj
 0001:000118a4       __scrt_dllmain_before_initialize_c 00000001800128a4 f   MSVCRT:utility.obj
 0001:000118bc       __scrt_dllmain_crt_thread_attach 00000001800128bc f   MSVCRT:utility.obj
 0001:000118e4       __scrt_dllmain_crt_thread_detach 00000001800128e4 f   MSVCRT:utility.obj
 0001:000118fc       __scrt_dllmain_exception_filter 00000001800128fc f   MSVCRT:utility.obj
 0001:0001195c       __scrt_dllmain_uninitialize_c 000000018001295c f   MSVCRT:utility.obj
 0001:0001198c       __scrt_dllmain_uninitialize_critical 000000018001298c f   MSVCRT:utility.obj
 0001:000119a0       __scrt_initialize_crt      00000001800129a0 f   MSVCRT:utility.obj
 0001:000119dc       __scrt_initialize_onexit_tables 00000001800129dc f   MSVCRT:utility.obj
 0001:00011a68       __scrt_is_nonwritable_in_current_image 0000000180012a68 f   MSVCRT:utility.obj
 0001:00011b00       __scrt_release_startup_lock 0000000180012b00 f   MSVCRT:utility.obj
 0001:00011b24       __scrt_uninitialize_crt    0000000180012b24 f   MSVCRT:utility.obj
 0001:00011b50       _onexit                    0000000180012b50 f   MSVCRT:utility.obj
 0001:00011b8c       at_quick_exit              0000000180012b8c f   MSVCRT:utility.obj
 0001:00011bac       atexit                     0000000180012bac f   MSVCRT:utility.obj
 0001:00011bc4       __scrt_get_dyn_tls_init_callback 0000000180012bc4 f   MSVCRT:dyn_tls_init.obj
 0001:00011bcc       __crt_debugger_hook        0000000180012bcc f   MSVCRT:utility_desktop.obj
 0001:00011bd4       __scrt_fastfail            0000000180012bd4 f   MSVCRT:utility_desktop.obj
 0001:00011d1c       __scrt_get_show_window_mode 0000000180012d1c f   MSVCRT:utility_desktop.obj
 0001:00011d58       __scrt_initialize_mta      0000000180012d58 f   MSVCRT:utility_desktop.obj
 0001:00011d60       __scrt_initialize_winrt    0000000180012d60 f   MSVCRT:utility_desktop.obj
 0001:00011d64       __scrt_is_managed_app      0000000180012d64 f   MSVCRT:utility_desktop.obj
 0001:00011db8       __scrt_set_unhandled_exception_filter 0000000180012db8 f   MSVCRT:utility_desktop.obj
 0001:00011dc8       __scrt_exe_initialize_mta  0000000180012dc8 f   MSVCRT:utility_desktop.obj
 0001:00011dc8       __scrt_stub_for_initialize_mta 0000000180012dc8 f   MSVCRT:utility_desktop.obj
 0001:00011dcc       __scrt_unhandled_exception_filter 0000000180012dcc f   MSVCRT:utility_desktop.obj
 0001:00011e28       _RTC_Initialize            0000000180012e28 f   MSVCRT:initsect.obj
 0001:00011e64       _RTC_Terminate             0000000180012e64 f   MSVCRT:initsect.obj
 0001:00011ea0       _guard_check_icall_nop     0000000180012ea0 f i MSVCRT:guard_support.obj
 0001:00011ea4       ReadNoFence64              0000000180012ea4 f i MSVCRT:guard_support.obj
 0001:00011ea8       ReadPointerNoFence         0000000180012ea8 f i MSVCRT:guard_support.obj
 0001:00011eac       __castguard_check_failure_debugbreak 0000000180012eac f i MSVCRT:guard_support.obj
 0001:00011ec8       __castguard_check_failure_fastfail 0000000180012ec8 f i MSVCRT:guard_support.obj
 0001:00011eec       __castguard_check_failure_nop 0000000180012eec f i MSVCRT:guard_support.obj
 0001:00011ef0       __castguard_check_failure_os_handled 0000000180012ef0 f i MSVCRT:guard_support.obj
 0001:00011f3c       __castguard_check_failure_user_handled 0000000180012f3c f i MSVCRT:guard_support.obj
 0001:00011fb0       __castguard_set_user_handler 0000000180012fb0 f i MSVCRT:guard_support.obj
 0001:00011fbc       __castguard_slow_path_check_debugbreak 0000000180012fbc f i MSVCRT:guard_support.obj
 0001:00011ff0       __castguard_slow_path_check_fastfail 0000000180012ff0 f i MSVCRT:guard_support.obj
 0001:0001202c       __castguard_slow_path_check_nop 000000018001302c f i MSVCRT:guard_support.obj
 0001:00012030       __castguard_slow_path_check_os_handled 0000000180013030 f i MSVCRT:guard_support.obj
 0001:0001207c       __castguard_slow_path_check_user_handled 000000018001307c f i MSVCRT:guard_support.obj
 0001:000120e8       _guard_icall_checks_enforced 00000001800130e8 f i MSVCRT:guard_support.obj
 0001:00012100       _guard_rf_checks_enforced  0000000180013100 f i MSVCRT:guard_support.obj
 0001:00012104       __isa_available_init       0000000180013104 f   MSVCRT:cpu_disp.obj
 0001:000122b0       _get_startup_argv_mode     00000001800132b0 f   MSVCRT:argv_mode.obj
 0001:000122b8       __scrt_is_ucrt_dll_in_use  00000001800132b8 f   MSVCRT:ucrt_detection.obj
 0001:000122d0       __C_specific_handler       00000001800132d0 f   vcruntime:VCRUNTIME140.dll
 0001:000122d6       __std_type_info_destroy_list 00000001800132d6 f   vcruntime:VCRUNTIME140.dll
 0001:000122dc       __current_exception        00000001800132dc f   vcruntime:VCRUNTIME140.dll
 0001:000122e2       __current_exception_context 00000001800132e2 f   vcruntime:VCRUNTIME140.dll
 0001:000122e8       memset                     00000001800132e8 f   vcruntime:VCRUNTIME140.dll
 0001:000122ee       _lseeki64                  00000001800132ee f   ucrt:api-ms-win-crt-stdio-l1-1-0.dll
 0001:000122f4       _wopen                     00000001800132f4 f   ucrt:api-ms-win-crt-stdio-l1-1-0.dll
 0001:000122fa       _open                      00000001800132fa f   ucrt:api-ms-win-crt-stdio-l1-1-0.dll
 0001:00012300       wcstombs                   0000000180013300 f   ucrt:api-ms-win-crt-convert-l1-1-0.dll
 0001:00012306       __stdio_common_vsprintf    0000000180013306 f   ucrt:api-ms-win-crt-stdio-l1-1-0.dll
 0001:0001230c       free                       000000018001330c f   ucrt:api-ms-win-crt-heap-l1-1-0.dll
 0001:00012312       malloc                     0000000180013312 f   ucrt:api-ms-win-crt-heap-l1-1-0.dll
 0001:00012318       _read                      0000000180013318 f   ucrt:api-ms-win-crt-stdio-l1-1-0.dll
 0001:0001231e       _close                     000000018001331e f   ucrt:api-ms-win-crt-stdio-l1-1-0.dll
 0001:00012324       _errno                     0000000180013324 f   ucrt:api-ms-win-crt-runtime-l1-1-0.dll
 0001:0001232a       strerror                   000000018001332a f   ucrt:api-ms-win-crt-runtime-l1-1-0.dll
 0001:00012330       _write                     0000000180013330 f   ucrt:api-ms-win-crt-stdio-l1-1-0.dll
 0001:00012336       ftell                      0000000180013336 f   ucrt:api-ms-win-crt-stdio-l1-1-0.dll
 0001:0001233c       ferror                     000000018001333c f   ucrt:api-ms-win-crt-stdio-l1-1-0.dll
 0001:00012342       fopen                      0000000180013342 f   ucrt:api-ms-win-crt-stdio-l1-1-0.dll
 0001:00012348       fclose                     0000000180013348 f   ucrt:api-ms-win-crt-stdio-l1-1-0.dll
 0001:0001234e       fseek                      000000018001334e f   ucrt:api-ms-win-crt-stdio-l1-1-0.dll
 0001:00012354       fwrite                     0000000180013354 f   ucrt:api-ms-win-crt-stdio-l1-1-0.dll
 0001:0001235a       _ftelli64                  000000018001335a f   ucrt:api-ms-win-crt-stdio-l1-1-0.dll
 0001:00012360       fread                      0000000180013360 f   ucrt:api-ms-win-crt-stdio-l1-1-0.dll
 0001:00012366       _fseeki64                  0000000180013366 f   ucrt:api-ms-win-crt-stdio-l1-1-0.dll
 0001:0001236c       srand                      000000018001336c f   ucrt:api-ms-win-crt-utility-l1-1-0.dll
 0001:00012372       rand                       0000000180013372 f   ucrt:api-ms-win-crt-utility-l1-1-0.dll
 0001:00012378       _time64                    0000000180013378 f   ucrt:api-ms-win-crt-time-l1-1-0.dll
 0001:0001237e       _initterm                  000000018001337e f   ucrt:api-ms-win-crt-runtime-l1-1-0.dll
 0001:00012384       _initterm_e                0000000180013384 f   ucrt:api-ms-win-crt-runtime-l1-1-0.dll
 0001:0001238a       _seh_filter_dll            000000018001338a f   ucrt:api-ms-win-crt-runtime-l1-1-0.dll
 0001:00012390       _configure_narrow_argv     0000000180013390 f   ucrt:api-ms-win-crt-runtime-l1-1-0.dll
 0001:00012396       _initialize_narrow_environment 0000000180013396 f   ucrt:api-ms-win-crt-runtime-l1-1-0.dll
 0001:0001239c       _initialize_onexit_table   000000018001339c f   ucrt:api-ms-win-crt-runtime-l1-1-0.dll
 0001:000123a2       _register_onexit_function  00000001800133a2 f   ucrt:api-ms-win-crt-runtime-l1-1-0.dll
 0001:000123a8       _execute_onexit_table      00000001800133a8 f   ucrt:api-ms-win-crt-runtime-l1-1-0.dll
 0001:000123ae       _crt_atexit                00000001800133ae f   ucrt:api-ms-win-crt-runtime-l1-1-0.dll
 0001:000123b4       _crt_at_quick_exit         00000001800133b4 f   ucrt:api-ms-win-crt-runtime-l1-1-0.dll
 0001:000123ba       _cexit                     00000001800133ba f   ucrt:api-ms-win-crt-runtime-l1-1-0.dll
 0001:000123c0       terminate                  00000001800133c0 f   ucrt:api-ms-win-crt-runtime-l1-1-0.dll
 0001:000123c6       QueryPerformanceCounter    00000001800133c6 f   kernel32:KERNEL32.dll
 0001:000123cc       GetCurrentProcessId        00000001800133cc f   kernel32:KERNEL32.dll
 0001:000123d2       GetCurrentThreadId         00000001800133d2 f   kernel32:KERNEL32.dll
 0001:000123d8       GetSystemTimeAsFileTime    00000001800133d8 f   kernel32:KERNEL32.dll
 0001:000123de       DisableThreadLibraryCalls  00000001800133de f   kernel32:KERNEL32.dll
 0001:000123e4       InitializeSListHead        00000001800133e4 f   kernel32:KERNEL32.dll
 0001:000123ea       RtlCaptureContext          00000001800133ea f   kernel32:KERNEL32.dll
 0001:000123f0       RtlLookupFunctionEntry     00000001800133f0 f   kernel32:KERNEL32.dll
 0001:000123f6       RtlVirtualUnwind           00000001800133f6 f   kernel32:KERNEL32.dll
 0001:000123fc       IsDebuggerPresent          00000001800133fc f   kernel32:KERNEL32.dll
 0001:00012402       UnhandledExceptionFilter   0000000180013402 f   kernel32:KERNEL32.dll
 0001:00012408       SetUnhandledExceptionFilter 0000000180013408 f   kernel32:KERNEL32.dll
 0001:0001240e       GetStartupInfoW            000000018001340e f   kernel32:KERNEL32.dll
 0001:00012414       IsProcessorFeaturePresent  0000000180013414 f   kernel32:KERNEL32.dll
 0001:0001241a       GetModuleHandleW           000000018001341a f   kernel32:KERNEL32.dll
 0001:00012420       __acrt_initialize          0000000180013420 f   MSVCRT:ucrt_stubs.obj
 0001:00012420       __scrt_stub_for_acrt_initialize 0000000180013420 f   MSVCRT:ucrt_stubs.obj
 0001:00012420       __vcrt_initialize          0000000180013420 f   MSVCRT:ucrt_stubs.obj
 0001:00012424       __acrt_thread_attach       0000000180013424 f   MSVCRT:ucrt_stubs.obj
 0001:00012424       __scrt_stub_for_acrt_thread_attach 0000000180013424 f   MSVCRT:ucrt_stubs.obj
 0001:00012424       __vcrt_thread_attach       0000000180013424 f   MSVCRT:ucrt_stubs.obj
 0001:00012428       __acrt_thread_detach       0000000180013428 f   MSVCRT:ucrt_stubs.obj
 0001:00012428       __scrt_stub_for_acrt_thread_detach 0000000180013428 f   MSVCRT:ucrt_stubs.obj
 0001:00012428       __vcrt_thread_detach       0000000180013428 f   MSVCRT:ucrt_stubs.obj
 0001:0001242c       __acrt_uninitialize        000000018001342c f   MSVCRT:ucrt_stubs.obj
 0001:0001242c       __scrt_stub_for_acrt_uninitialize 000000018001342c f   MSVCRT:ucrt_stubs.obj
 0001:0001242c       __vcrt_uninitialize        000000018001342c f   MSVCRT:ucrt_stubs.obj
 0001:00012430       __acrt_uninitialize_critical 0000000180013430 f   MSVCRT:ucrt_stubs.obj
 0001:00012430       __scrt_stub_for_acrt_uninitialize_critical 0000000180013430 f   MSVCRT:ucrt_stubs.obj
 0001:00012430       __vcrt_uninitialize_critical 0000000180013430 f   MSVCRT:ucrt_stubs.obj
 0001:00012434       __scrt_stub_for_is_c_termination_complete 0000000180013434 f   MSVCRT:ucrt_stubs.obj
 0001:00012434       _is_c_termination_complete 0000000180013434 f   MSVCRT:ucrt_stubs.obj
 0001:00012450       __chkstk                   0000000180013450 f   MSVCRT:chkstk.obj
 0001:00012450       _alloca_probe              0000000180013450 f   MSVCRT:chkstk.obj
 0001:0001249e       memchr                     000000018001349e f   vcruntime:VCRUNTIME140.dll
 0001:000124a4       memcpy                     00000001800134a4 f   vcruntime:VCRUNTIME140.dll
 0001:000124aa       memmove                    00000001800134aa f   vcruntime:VCRUNTIME140.dll
 0001:000124c0       _guard_dispatch_icall_nop  00000001800134c0 f   MSVCRT:guard_dispatch.obj
 0001:000124e0       _guard_xfg_dispatch_icall_nop 00000001800134e0 f   MSVCRT:guard_xfg_dispatch.obj
 0002:00000000       __imp_ReadFile             0000000180014000     kernel32:KERNEL32.dll
 0002:00000008       __imp_WriteFile            0000000180014008     kernel32:KERNEL32.dll
 0002:00000010       __imp_SetFilePointer       0000000180014010     kernel32:KERNEL32.dll
 0002:00000018       __imp_CreateFileW          0000000180014018     kernel32:KERNEL32.dll
 0002:00000020       __imp_GetLastError         0000000180014020     kernel32:KERNEL32.dll
 0002:00000028       __imp_CreateFileA          0000000180014028     kernel32:KERNEL32.dll
 0002:00000030       __imp_CloseHandle          0000000180014030     kernel32:KERNEL32.dll
 0002:00000038       __imp_GetCurrentProcessId  0000000180014038     kernel32:KERNEL32.dll
 0002:00000040       __imp_GetCurrentThreadId   0000000180014040     kernel32:KERNEL32.dll
 0002:00000048       __imp_GetSystemTimeAsFileTime 0000000180014048     kernel32:KERNEL32.dll
 0002:00000050       __imp_DisableThreadLibraryCalls 0000000180014050     kernel32:KERNEL32.dll
 0002:00000058       __imp_InitializeSListHead  0000000180014058     kernel32:KERNEL32.dll
 0002:00000060       __imp_RtlCaptureContext    0000000180014060     kernel32:KERNEL32.dll
 0002:00000068       __imp_RtlLookupFunctionEntry 0000000180014068     kernel32:KERNEL32.dll
 0002:00000070       __imp_RtlVirtualUnwind     0000000180014070     kernel32:KERNEL32.dll
 0002:00000078       __imp_GetModuleHandleW     0000000180014078     kernel32:KERNEL32.dll
 0002:00000080       __imp_IsProcessorFeaturePresent 0000000180014080     kernel32:KERNEL32.dll
 0002:00000088       __imp_GetStartupInfoW      0000000180014088     kernel32:KERNEL32.dll
 0002:00000090       __imp_SetUnhandledExceptionFilter 0000000180014090     kernel32:KERNEL32.dll
 0002:00000098       __imp_UnhandledExceptionFilter 0000000180014098     kernel32:KERNEL32.dll
 0002:000000a0       __imp_IsDebuggerPresent    00000001800140a0     kernel32:KERNEL32.dll
 0002:000000a8       __imp_QueryPerformanceCounter 00000001800140a8     kernel32:KERNEL32.dll
 0002:000000b0       \177KERNEL32_NULL_THUNK_DATA 00000001800140b0     kernel32:KERNEL32.dll
 0002:000000b8       __imp___current_exception_context 00000001800140b8     vcruntime:VCRUNTIME140.dll
 0002:000000c0       __imp___current_exception  00000001800140c0     vcruntime:VCRUNTIME140.dll
 0002:000000c8       __imp___std_type_info_destroy_list 00000001800140c8     vcruntime:VCRUNTIME140.dll
 0002:000000d0       __imp___C_specific_handler 00000001800140d0     vcruntime:VCRUNTIME140.dll
 0002:000000d8       __imp_memset               00000001800140d8     vcruntime:VCRUNTIME140.dll
 0002:000000e0       __imp_memcpy               00000001800140e0     vcruntime:VCRUNTIME140.dll
 0002:000000e8       __imp_memchr               00000001800140e8     vcruntime:VCRUNTIME140.dll
 0002:000000f0       __imp_memmove              00000001800140f0     vcruntime:VCRUNTIME140.dll
 0002:000000f8       \177VCRUNTIME140_NULL_THUNK_DATA 00000001800140f8     vcruntime:VCRUNTIME140.dll
 0002:00000100       __imp_wcstombs             0000000180014100     ucrt:api-ms-win-crt-convert-l1-1-0.dll
 0002:00000108       \177api-ms-win-crt-convert-l1-1-0_NULL_THUNK_DATA 0000000180014108     ucrt:api-ms-win-crt-convert-l1-1-0.dll
 0002:00000110       __imp_malloc               0000000180014110     ucrt:api-ms-win-crt-heap-l1-1-0.dll
 0002:00000118       __imp_free                 0000000180014118     ucrt:api-ms-win-crt-heap-l1-1-0.dll
 0002:00000120       \177api-ms-win-crt-heap-l1-1-0_NULL_THUNK_DATA 0000000180014120     ucrt:api-ms-win-crt-heap-l1-1-0.dll
 0002:00000128       __imp_terminate            0000000180014128     ucrt:api-ms-win-crt-runtime-l1-1-0.dll
 0002:00000130       __imp__initterm            0000000180014130     ucrt:api-ms-win-crt-runtime-l1-1-0.dll
 0002:00000138       __imp__initterm_e          0000000180014138     ucrt:api-ms-win-crt-runtime-l1-1-0.dll
 0002:00000140       __imp__seh_filter_dll      0000000180014140     ucrt:api-ms-win-crt-runtime-l1-1-0.dll
 0002:00000148       __imp__configure_narrow_argv 0000000180014148     ucrt:api-ms-win-crt-runtime-l1-1-0.dll
 0002:00000150       __imp__initialize_narrow_environment 0000000180014150     ucrt:api-ms-win-crt-runtime-l1-1-0.dll
 0002:00000158       __imp__initialize_onexit_table 0000000180014158     ucrt:api-ms-win-crt-runtime-l1-1-0.dll
 0002:00000160       __imp__register_onexit_function 0000000180014160     ucrt:api-ms-win-crt-runtime-l1-1-0.dll
 0002:00000168       __imp__execute_onexit_table 0000000180014168     ucrt:api-ms-win-crt-runtime-l1-1-0.dll
 0002:00000170       __imp__crt_atexit          0000000180014170     ucrt:api-ms-win-crt-runtime-l1-1-0.dll
 0002:00000178       __imp__crt_at_quick_exit   0000000180014178     ucrt:api-ms-win-crt-runtime-l1-1-0.dll
 0002:00000180       __imp__cexit               0000000180014180     ucrt:api-ms-win-crt-runtime-l1-1-0.dll
 0002:00000188       __imp_strerror             0000000180014188     ucrt:api-ms-win-crt-runtime-l1-1-0.dll
 0002:00000190       __imp__errno               0000000180014190     ucrt:api-ms-win-crt-runtime-l1-1-0.dll
 0002:00000198       \177api-ms-win-crt-runtime-l1-1-0_NULL_THUNK_DATA 0000000180014198     ucrt:api-ms-win-crt-runtime-l1-1-0.dll
 0002:000001a0       __imp_fwrite               00000001800141a0     ucrt:api-ms-win-crt-stdio-l1-1-0.dll
 0002:000001a8       __imp__fseeki64            00000001800141a8     ucrt:api-ms-win-crt-stdio-l1-1-0.dll
 0002:000001b0       __imp__open                00000001800141b0     ucrt:api-ms-win-crt-stdio-l1-1-0.dll
 0002:000001b8       __imp_fread                00000001800141b8     ucrt:api-ms-win-crt-stdio-l1-1-0.dll
 0002:000001c0       __imp_fclose               00000001800141c0     ucrt:api-ms-win-crt-stdio-l1-1-0.dll
 0002:000001c8       __imp_fopen                00000001800141c8     ucrt:api-ms-win-crt-stdio-l1-1-0.dll
 0002:000001d0       __imp_ferror               00000001800141d0     ucrt:api-ms-win-crt-stdio-l1-1-0.dll
 0002:000001d8       __imp_ftell                00000001800141d8     ucrt:api-ms-win-crt-stdio-l1-1-0.dll
 0002:000001e0       __imp__write               00000001800141e0     ucrt:api-ms-win-crt-stdio-l1-1-0.dll
 0002:000001e8       __imp__lseeki64            00000001800141e8     ucrt:api-ms-win-crt-stdio-l1-1-0.dll
 0002:000001f0       __imp__wopen               00000001800141f0     ucrt:api-ms-win-crt-stdio-l1-1-0.dll
 0002:000001f8       __imp__close               00000001800141f8     ucrt:api-ms-win-crt-stdio-l1-1-0.dll
 0002:00000200       __imp__read                0000000180014200     ucrt:api-ms-win-crt-stdio-l1-1-0.dll
 0002:00000208       __imp__ftelli64            0000000180014208     ucrt:api-ms-win-crt-stdio-l1-1-0.dll
 0002:00000210       __imp_fseek                0000000180014210     ucrt:api-ms-win-crt-stdio-l1-1-0.dll
 0002:00000218       __imp___stdio_common_vsprintf 0000000180014218     ucrt:api-ms-win-crt-stdio-l1-1-0.dll
 0002:00000220       \177api-ms-win-crt-stdio-l1-1-0_NULL_THUNK_DATA 0000000180014220     ucrt:api-ms-win-crt-stdio-l1-1-0.dll
 0002:00000228       __imp__time64              0000000180014228     ucrt:api-ms-win-crt-time-l1-1-0.dll
 0002:00000230       \177api-ms-win-crt-time-l1-1-0_NULL_THUNK_DATA 0000000180014230     ucrt:api-ms-win-crt-time-l1-1-0.dll
 0002:00000238       __imp_srand                0000000180014238     ucrt:api-ms-win-crt-utility-l1-1-0.dll
 0002:00000240       __imp_rand                 0000000180014240     ucrt:api-ms-win-crt-utility-l1-1-0.dll
 0002:00000248       \177api-ms-win-crt-utility-l1-1-0_NULL_THUNK_DATA 0000000180014248     ucrt:api-ms-win-crt-utility-l1-1-0.dll
 0002:00000250       __guard_check_icall_fptr   0000000180014250     MSVCRT:guard_support.obj
 0002:00000258       __guard_xfg_check_icall_fptr 0000000180014258     MSVCRT:guard_support.obj
 0002:00000260       __guard_dispatch_icall_fptr 0000000180014260     MSVCRT:guard_support.obj
 0002:00000268       __guard_xfg_dispatch_icall_fptr 0000000180014268     MSVCRT:guard_support.obj
 0002:00000270       __guard_xfg_table_dispatch_icall_fptr 0000000180014270     MSVCRT:guard_support.obj
 0002:00000278       __castguard_check_failure_os_handled_fptr 0000000180014278     MSVCRT:guard_support.obj
 0002:00000280       __guard_memcpy_fptr        0000000180014280     vcruntime:softmemtag.obj
 0002:00000288       __xc_a                     0000000180014288     MSVCRT:initializers.obj
 0002:00000290       __xc_z                     0000000180014290     MSVCRT:initializers.obj
 0002:00000298       __xi_a                     0000000180014298     MSVCRT:initializers.obj
 0002:000002a0       __xi_z                     00000001800142a0     MSVCRT:initializers.obj
 0002:000002a8       __xp_a                     00000001800142a8     MSVCRT:initializers.obj
 0002:000002b0       __xp_z                     00000001800142b0     MSVCRT:initializers.obj
 0002:000002b8       __xt_a                     00000001800142b8     MSVCRT:initializers.obj
 0002:000002c0       __xt_z                     00000001800142c0     MSVCRT:initializers.obj
 0002:000002d0       _pDefaultRawDllMain        00000001800142d0     MSVCRT:dll_dllmain.obj
 0002:000002d0       _pRawDllMain               00000001800142d0     MSVCRT:dll_dllmain.obj
 0002:000002e0       __xmm@ffffffffffffffffffffffffffffffff 00000001800142e0     MSVCRT:utility.obj
 0002:000002f0       ??_C@_0P@CNPFHDLN@1?43?41?41?9motley@ 00000001800142f0     compress.obj
 0002:00003e90       _length_code               0000000180017e90     trees.obj
 0002:00003f90       _dist_code                 0000000180017f90     trees.obj
 0002:00004960       unz_copyright              0000000180018960     unzip.obj
 0002:000049c0       z_errmsg                   00000001800189c0     zutil.obj
 0002:00004a10       ??_C@_02DKCKIIND@?$CFs@    0000000180018a10     gzlib.obj
 0002:00004a18       ??_C@_07EBNKNFJN@?$DMfd?3?$CFd?$DO@ 0000000180018a18     gzlib.obj
 0002:00004a20       ??_C@_0O@BNNCBLEN@out?5of?5memory@ 0000000180018a20     gzlib.obj
 0002:00004a2e       ??_C@_00CNPNBAHC@@         0000000180018a2e     gzlib.obj
 0002:00004a30       ??_C@_02LMMGGCAJ@?3?5@     0000000180018a30     gzlib.obj
 0002:00004a34       ??_C@_06DIJPEION@?$CFs?$CFs?$CFs@ 0000000180018a34     gzlib.obj
 0002:00004a40       ??_C@_0BH@CFIIDOJD@unexpected?5end?5of?5file@ 0000000180018a40     gzread.obj
 0002:00004a58       ??_C@_0CH@CPOLIEKA@internal?5error?3?5inflate?5stream?5@ 0000000180018a58     gzread.obj
 0002:00004a80       ??_C@_0BG@HCKBMIHF@compressed?5data?5error@ 0000000180018a80     gzread.obj
 0002:00004a98       ??_C@_0BP@HLDABFKK@request?5does?5not?5fit?5in?5an?5int@ 0000000180018a98     gzread.obj
 0002:00004ab8       ??_C@_0CB@EGGJDMIK@request?5does?5not?5fit?5in?5a?5size_@ 0000000180018ab8     gzread.obj
 0002:00004ae0       ??_C@_0BP@IIKIGMCC@out?5of?5room?5to?5push?5characters@ 0000000180018ae0     gzread.obj
 0002:00004b00       ??_C@_0CH@DEEGAHIB@internal?5error?3?5deflate?5stream?5@ 0000000180018b00     gzwrite.obj
 0002:00004b28       ??_C@_0CF@MLPJFDMM@requested?5length?5does?5not?5fit?5i@ 0000000180018b28     gzwrite.obj
 0002:00004b50       ??_C@_0CC@ENDIFONJ@string?5length?5does?5not?5fit?5in?5i@ 0000000180018b50     gzwrite.obj
 0002:00004b78       ??_C@_0BD@PJCBIDD@invalid?5block?5type@ 0000000180018b78     infback.obj
 0002:00004b90       ??_C@_0BN@LGAADGOK@invalid?5stored?5block?5lengths@ 0000000180018b90     infback.obj
 0002:00004bb0       ??_C@_0CE@GMIGFPBB@too?5many?5length?5or?5distance?5sym@ 0000000180018bb0     infback.obj
 0002:00004bd8       ??_C@_0BJ@HDEPPGOH@invalid?5code?5lengths?5set@ 0000000180018bd8     infback.obj
 0002:00004bf8       ??_C@_0BK@BMMPFBBH@invalid?5bit?5length?5repeat@ 0000000180018bf8     infback.obj
 0002:00004c18       ??_C@_0CF@DGDMADCD@invalid?5code?5?9?9?5missing?5end?9of?9@ 0000000180018c18     infback.obj
 0002:00004c40       ??_C@_0BM@IIMGAINC@invalid?5literal?1lengths?5set@ 0000000180018c40     infback.obj
 0002:00004c60       ??_C@_0BG@GMDFCBGP@invalid?5distances?5set@ 0000000180018c60     infback.obj
 0002:00004c78       ??_C@_0BM@FFFLPBBC@invalid?5literal?1length?5code@ 0000000180018c78     infback.obj
 0002:00004c98       ??_C@_0BG@LBKINIKP@invalid?5distance?5code@ 0000000180018c98     infback.obj
 0002:00004cb0       ??_C@_0BO@ECPMAOGG@invalid?5distance?5too?5far?5back@ 0000000180018cb0     infback.obj
 0002:00004cd0       ??_C@_0BH@LIBMMIGA@incorrect?5header?5check@ 0000000180018cd0     inflate.obj
 0002:00004ce8       ??_C@_0BL@IHKGDAEE@unknown?5compression?5method@ 0000000180018ce8     inflate.obj
 0002:00004d08       ??_C@_0BE@EMOGCLGO@invalid?5window?5size@ 0000000180018d08     inflate.obj
 0002:00004d20       ??_C@_0BJ@BLBBCOMO@unknown?5header?5flags?5set@ 0000000180018d20     inflate.obj
 0002:00004d40       ??_C@_0BE@GONKLEPM@header?5crc?5mismatch@ 0000000180018d40     inflate.obj
 0002:00004d58       ??_C@_0BF@MEIGEHBE@incorrect?5data?5check@ 0000000180018d58     inflate.obj
 0002:00004d70       ??_C@_0BH@FGKKJGOC@incorrect?5length?5check@ 0000000180018d70     inflate.obj
 0002:00004d88       ??_C@_02JDPG@rb@           0000000180018d88     ioapi.obj
 0002:00004d8c       ??_C@_03HMFOOINA@r?$CLb@   0000000180018d8c     ioapi.obj
 0002:00004d90       ??_C@_02GMLFBBN@wb@        0000000180018d90     ioapi.obj
 0002:00004d94       ??_C@_01JOAMLHOP@?9@       0000000180018d94     zip.obj
 0002:00004d98       ??_C@_0BA@MOKMMFOD@need?5dictionary@ 0000000180018d98     zutil.obj
 0002:00004da8       ??_C@_0L@FNAOCBOG@stream?5end@ 0000000180018da8     zutil.obj
 0002:00004db8       ??_C@_0L@KIJFAKBJ@file?5error@ 0000000180018db8     zutil.obj
 0002:00004dc8       ??_C@_0N@MKKNPMJD@stream?5error@ 0000000180018dc8     zutil.obj
 0002:00004dd8       ??_C@_0L@HAHMBNLP@data?5error@ 0000000180018dd8     zutil.obj
 0002:00004de8       ??_C@_0BE@OGGJBMCE@insufficient?5memory@ 0000000180018de8     zutil.obj
 0002:00004e00       ??_C@_0N@DFPGLBGC@buffer?5error@ 0000000180018e00     zutil.obj
 0002:00004e10       ??_C@_0BF@CJFPCCEG@incompatible?5version@ 0000000180018e10     zutil.obj
 0002:00004e30       _load_config_used          0000000180018e30     MSVCRT:loadcfg.obj
 0002:00005000       __CastGuardVftablesStart   0000000180019000     MSVCRT:guard_support.obj
 0002:00005080       __CastGuardVftablesEnd     0000000180019080     MSVCRT:guard_support.obj
 0002:00005100       __volatile_metadata        0000000180019100     <linker-defined>
 0002:000054a0       __rtc_iaa                  00000001800194a0     MSVCRT:initsect.obj
 0002:000054a8       __rtc_izz                  00000001800194a8     MSVCRT:initsect.obj
 0002:000054b0       __rtc_taa                  00000001800194b0     MSVCRT:initsect.obj
 0002:000054b8       __rtc_tzz                  00000001800194b8     MSVCRT:initsect.obj
 0002:00007a60       __IMPORT_DESCRIPTOR_KERNEL32 000000018001ba60     kernel32:KERNEL32.dll
 0002:00007a74       __IMPORT_DESCRIPTOR_VCRUNTIME140 000000018001ba74     vcruntime:VCRUNTIME140.dll
 0002:00007a88       __IMPORT_DESCRIPTOR_api-ms-win-crt-stdio-l1-1-0 000000018001ba88     ucrt:api-ms-win-crt-stdio-l1-1-0.dll
 0002:00007a9c       __IMPORT_DESCRIPTOR_api-ms-win-crt-convert-l1-1-0 000000018001ba9c     ucrt:api-ms-win-crt-convert-l1-1-0.dll
 0002:00007ab0       __IMPORT_DESCRIPTOR_api-ms-win-crt-heap-l1-1-0 000000018001bab0     ucrt:api-ms-win-crt-heap-l1-1-0.dll
 0002:00007ac4       __IMPORT_DESCRIPTOR_api-ms-win-crt-runtime-l1-1-0 000000018001bac4     ucrt:api-ms-win-crt-runtime-l1-1-0.dll
 0002:00007ad8       __IMPORT_DESCRIPTOR_api-ms-win-crt-utility-l1-1-0 000000018001bad8     ucrt:api-ms-win-crt-utility-l1-1-0.dll
 0002:00007aec       __IMPORT_DESCRIPTOR_api-ms-win-crt-time-l1-1-0 000000018001baec     ucrt:api-ms-win-crt-time-l1-1-0.dll
 0002:00007b00       __NULL_IMPORT_DESCRIPTOR   000000018001bb00     kernel32:KERNEL32.dll
 0003:00000000       __scrt_native_dllmain_reason 000000018001d000     MSVCRT:utility.obj
 0003:00000040       __security_cookie          000000018001d040     MSVCRT:gs_cookie.obj
 0003:00000080       __security_cookie_complement 000000018001d080     MSVCRT:gs_cookie.obj
 0003:00000088       __isa_available            000000018001d088     MSVCRT:cpu_disp.obj
 0003:0000008c       __isa_enabled              000000018001d08c     MSVCRT:cpu_disp.obj
 0003:00000090       __memset_fast_string_threshold 000000018001d090     MSVCRT:cpu_disp.obj
 0003:00000098       __memset_nt_threshold      000000018001d098     MSVCRT:cpu_disp.obj
 0003:000000a0       __scrt_ucrt_dll_is_in_use  000000018001d0a0     MSVCRT:ucrt_stubs.obj
 0003:000000c0       ?__type_info_root_node@@3U__type_info_node@@A 000000018001d0c0     MSVCRT:tncleanup.obj
 0003:000000d0       ?_OptionsStorage@?1??__local_stdio_printf_options@@9@4_KA 000000018001d0d0     MSVCRT:default_local_stdio_options.obj
 0003:000000d8       ?_OptionsStorage@?1??__local_stdio_scanf_options@@9@4_KA 000000018001d0d8     MSVCRT:default_local_stdio_options.obj
 0003:000000e0       __scrt_current_native_startup_state 000000018001d0e0     MSVCRT:utility.obj
 0003:000000e8       __scrt_native_startup_lock 000000018001d0e8     MSVCRT:utility.obj
 0003:00000128       __scrt_debugger_hook_flag  000000018001d128     MSVCRT:utility_desktop.obj
 0003:00000130       __castguard_check_failure_user_handled_fptr 000000018001d130     MSVCRT:guard_support.obj
 0003:00000138       __favor                    000000018001d138     MSVCRT:cpu_disp.obj
 0003:00000140       __dyn_tls_init_callback    000000018001d140     <common>
 0003:00000148       ?_OptionsStorage@?1??__local_stdio_printf_options@@9@9 000000018001d148     <common>
 0003:00000150       ?_OptionsStorage@?1??__local_stdio_scanf_options@@9@9 000000018001d150     <common>

 entry point at        0001:000115d4

 Static symbols

 0000:fffde000       .debug$S                   0000000180000000     zlibwapi.exp
 0000:fffde000       .debug$S                   0000000180000000     ucrt:api-ms-win-crt-convert-l1-1-0.dll
 0000:fffde000       .debug$S                   0000000180000000     ucrt:api-ms-win-crt-heap-l1-1-0.dll
 0000:fffde000       .debug$S                   0000000180000000     ucrt:api-ms-win-crt-heap-l1-1-0.dll
 0000:fffde000       .debug$S                   0000000180000000     ucrt:api-ms-win-crt-runtime-l1-1-0.dll
 0000:fffde000       .debug$S                   0000000180000000     ucrt:api-ms-win-crt-runtime-l1-1-0.dll
 0000:fffde000       .debug$S                   0000000180000000     ucrt:api-ms-win-crt-runtime-l1-1-0.dll
 0000:fffde000       .debug$S                   0000000180000000     ucrt:api-ms-win-crt-runtime-l1-1-0.dll
 0000:fffde000       .debug$S                   0000000180000000     ucrt:api-ms-win-crt-runtime-l1-1-0.dll
 0000:fffde000       .debug$S                   0000000180000000     ucrt:api-ms-win-crt-runtime-l1-1-0.dll
 0000:fffde000       .debug$S                   0000000180000000     ucrt:api-ms-win-crt-runtime-l1-1-0.dll
 0000:fffde000       .debug$S                   0000000180000000     ucrt:api-ms-win-crt-runtime-l1-1-0.dll
 0000:fffde000       .debug$S                   0000000180000000     ucrt:api-ms-win-crt-runtime-l1-1-0.dll
 0000:fffde000       .debug$S                   0000000180000000     ucrt:api-ms-win-crt-runtime-l1-1-0.dll
 0000:fffde000       .debug$S                   0000000180000000     ucrt:api-ms-win-crt-runtime-l1-1-0.dll
 0000:fffde000       .debug$S                   0000000180000000     ucrt:api-ms-win-crt-runtime-l1-1-0.dll
 0000:fffde000       .debug$S                   0000000180000000     ucrt:api-ms-win-crt-runtime-l1-1-0.dll
 0000:fffde000       .debug$S                   0000000180000000     ucrt:api-ms-win-crt-runtime-l1-1-0.dll
 0000:fffde000       .debug$S                   0000000180000000     ucrt:api-ms-win-crt-stdio-l1-1-0.dll
 0000:fffde000       .debug$S                   0000000180000000     ucrt:api-ms-win-crt-stdio-l1-1-0.dll
 0000:fffde000       .debug$S                   0000000180000000     ucrt:api-ms-win-crt-stdio-l1-1-0.dll
 0000:fffde000       .debug$S                   0000000180000000     ucrt:api-ms-win-crt-stdio-l1-1-0.dll
 0000:fffde000       .debug$S                   0000000180000000     ucrt:api-ms-win-crt-stdio-l1-1-0.dll
 0000:fffde000       .debug$S                   0000000180000000     ucrt:api-ms-win-crt-stdio-l1-1-0.dll
 0000:fffde000       .debug$S                   0000000180000000     ucrt:api-ms-win-crt-stdio-l1-1-0.dll
 0000:fffde000       .debug$S                   0000000180000000     ucrt:api-ms-win-crt-stdio-l1-1-0.dll
 0000:fffde000       .debug$S                   0000000180000000     ucrt:api-ms-win-crt-stdio-l1-1-0.dll
 0000:fffde000       .debug$S                   0000000180000000     ucrt:api-ms-win-crt-stdio-l1-1-0.dll
 0000:fffde000       .debug$S                   0000000180000000     ucrt:api-ms-win-crt-stdio-l1-1-0.dll
 0000:fffde000       .debug$S                   0000000180000000     ucrt:api-ms-win-crt-stdio-l1-1-0.dll
 0000:fffde000       .debug$S                   0000000180000000     ucrt:api-ms-win-crt-stdio-l1-1-0.dll
 0000:fffde000       .debug$S                   0000000180000000     ucrt:api-ms-win-crt-stdio-l1-1-0.dll
 0000:fffde000       .debug$S                   0000000180000000     ucrt:api-ms-win-crt-stdio-l1-1-0.dll
 0000:fffde000       .debug$S                   0000000180000000     ucrt:api-ms-win-crt-stdio-l1-1-0.dll
 0000:fffde000       .debug$S                   0000000180000000     ucrt:api-ms-win-crt-time-l1-1-0.dll
 0000:fffde000       .debug$S                   0000000180000000     ucrt:api-ms-win-crt-utility-l1-1-0.dll
 0000:fffde000       .debug$S                   0000000180000000     ucrt:api-ms-win-crt-utility-l1-1-0.dll
 0000:fffde000       .debug$S                   0000000180000000     kernel32:KERNEL32.dll
 0000:fffde000       .debug$S                   0000000180000000     kernel32:KERNEL32.dll
 0000:fffde000       .debug$S                   0000000180000000     kernel32:KERNEL32.dll
 0000:fffde000       .debug$S                   0000000180000000     kernel32:KERNEL32.dll
 0000:fffde000       .debug$S                   0000000180000000     kernel32:KERNEL32.dll
 0000:fffde000       .debug$S                   0000000180000000     kernel32:KERNEL32.dll
 0000:fffde000       .debug$S                   0000000180000000     kernel32:KERNEL32.dll
 0000:fffde000       .debug$S                   0000000180000000     kernel32:KERNEL32.dll
 0000:fffde000       .debug$S                   0000000180000000     kernel32:KERNEL32.dll
 0000:fffde000       .debug$S                   0000000180000000     kernel32:KERNEL32.dll
 0000:fffde000       .debug$S                   0000000180000000     kernel32:KERNEL32.dll
 0000:fffde000       .debug$S                   0000000180000000     kernel32:KERNEL32.dll
 0000:fffde000       .debug$S                   0000000180000000     kernel32:KERNEL32.dll
 0000:fffde000       .debug$S                   0000000180000000     kernel32:KERNEL32.dll
 0000:fffde000       .debug$S                   0000000180000000     kernel32:KERNEL32.dll
 0000:fffde000       .debug$S                   0000000180000000     kernel32:KERNEL32.dll
 0000:fffde000       .debug$S                   0000000180000000     kernel32:KERNEL32.dll
 0000:fffde000       .debug$S                   0000000180000000     kernel32:KERNEL32.dll
 0000:fffde000       .debug$S                   0000000180000000     kernel32:KERNEL32.dll
 0000:fffde000       .debug$S                   0000000180000000     kernel32:KERNEL32.dll
 0000:fffde000       .debug$S                   0000000180000000     kernel32:KERNEL32.dll
 0000:fffde000       .debug$S                   0000000180000000     kernel32:KERNEL32.dll
 0000:00000000       _volmd                     0000000180000000     MSVCRT:cpu_disp.obj
 0002:fffec000       __guard_ehcont_?dllmain_dispatch@@YAHQEAUHINSTANCE__@@KQEAX@Z 0000000180000000     MSVCRT:dll_dllmain.obj
 0002:fffec000       __guard_fids_?dllmain_dispatch@@YAHQEAUHINSTANCE__@@KQEAX@Z 0000000180000000     MSVCRT:dll_dllmain.obj
 0002:fffec000       __guard_fids__             0000000180000000     MSVCRT:guard_support.obj
 0002:fffec000       __guard_fids__             0000000180000000     MSVCRT:guard_support.obj
 0002:fffec000       __guard_fids__guard_icall_checks_enforced 0000000180000000     MSVCRT:guard_support.obj
 0000:00000000       _volmd                     0000000180000000     MSVCRT:guard_support.obj
 0000:00000000       _volmd                     0000000180000000     MSVCRT:guard_support.obj
 0000:00000000       _volmd                     0000000180000000     MSVCRT:guard_support.obj
 0000:00000000       _volmd                     0000000180000000     MSVCRT:guard_support.obj
 0000:00000000       _volmd                     0000000180000000     MSVCRT:guard_support.obj
 0000:00000000       _volmd                     0000000180000000     MSVCRT:guard_support.obj
 0000:00000000       _volmd                     0000000180000000     MSVCRT:guard_support.obj
 0000:00000000       _volmd                     0000000180000000     MSVCRT:guard_support.obj
 0000:00000000       _volmd                     0000000180000000     MSVCRT:guard_support.obj
 0000:00000000       _volmd                     0000000180000000     MSVCRT:guard_support.obj
 0002:fffec000       __guard_ehcont___scrt_is_nonwritable_in_current_image 0000000180000000     MSVCRT:utility.obj
 0000:00000000       _volmd                     0000000180000000     MSVCRT:utility.obj
 0000:00000000       _volmd                     0000000180000000     MSVCRT:utility.obj
 0000:00000000       _volmd                     0000000180000000     MSVCRT:utility.obj
 0002:fffec000       __guard_fids___scrt_set_unhandled_exception_filter 0000000180000000     MSVCRT:utility_desktop.obj
 0000:00000000       _volmd                     0000000180000000     MSVCRT:utility_desktop.obj
 0002:fffec000       __guard_fids__             0000000180000000     vcruntime:softmemtag.obj
 0000:fffde000       .debug$S                   0000000180000000     vcruntime:VCRUNTIME140.dll
 0000:fffde000       .debug$S                   0000000180000000     vcruntime:VCRUNTIME140.dll
 0000:fffde000       .debug$S                   0000000180000000     vcruntime:VCRUNTIME140.dll
 0000:fffde000       .debug$S                   0000000180000000     vcruntime:VCRUNTIME140.dll
 0000:fffde000       .debug$S                   0000000180000000     vcruntime:VCRUNTIME140.dll
 0000:fffde000       .debug$S                   0000000180000000     vcruntime:VCRUNTIME140.dll
 0000:fffde000       .debug$S                   0000000180000000     vcruntime:VCRUNTIME140.dll
 0000:fffde000       .debug$S                   0000000180000000     vcruntime:VCRUNTIME140.dll
 0001:000002f0       adler32_combine_           00000001800012f0 f   adler32.obj
 0001:00000520       byte_swap                  0000000180001520 f   crc32.obj
 0001:00000530       multmodp                   0000000180001530 f   crc32.obj
 0001:00000570       x2nmodp                    0000000180001570 f   crc32.obj
 0001:000005d0       crc_word                   00000001800015d0 f   crc32.obj
 0001:00000610       crc_word_big               0000000180001610 f   crc32.obj
 0001:00000aa0       slide_hash                 0000000180001aa0 f   deflate.obj
 0001:00000b20       read_buf                   0000000180001b20 f   deflate.obj
 0001:00000bc0       fill_window                0000000180001bc0 f   deflate.obj
 0001:000010c0       deflateStateCheck          00000001800020c0 f   deflate.obj
 0001:00001440       lm_init                    0000000180002440 f   deflate.obj
 0001:00001990       putShortMSB                0000000180002990 f   deflate.obj
 0001:000019c0       flush_pending              00000001800029c0 f   deflate.obj
 0001:000026c0       longest_match              00000001800036c0 f   deflate.obj
 0001:00002880       deflate_stored             0000000180003880 f   deflate.obj
 0001:00002cc0       deflate_fast               0000000180003cc0 f   deflate.obj
 0001:00003120       deflate_slow               0000000180004120 f   deflate.obj
 0001:000036a0       deflate_rle                00000001800046a0 f   deflate.obj
 0001:00003a00       deflate_huff               0000000180004a00 f   deflate.obj
 0001:00003cf0       gz_reset                   0000000180004cf0 f   gzlib.obj
 0001:00003d40       gz_open                    0000000180004d40 f   gzlib.obj
 0001:00003ff0       $LN55                      0000000180004ff0     gzlib.obj
 0001:0000401c       $LN54                      000000018000501c     gzlib.obj
 0001:000045e0       gz_load                    00000001800055e0 f   gzread.obj
 0001:00004690       gz_avail                   0000000180005690 f   gzread.obj
 0001:00004720       gz_look                    0000000180005720 f   gzread.obj
 0001:000048b0       gz_decomp                  00000001800058b0 f   gzread.obj
 0001:000049d0       gz_fetch                   00000001800059d0 f   gzread.obj
 0001:00004a80       gz_skip                    0000000180005a80 f   gzread.obj
 0001:00004b00       gz_read                    0000000180005b00 f   gzread.obj
 0001:00005150       gz_init                    0000000180006150 f   gzwrite.obj
 0001:00005270       gz_comp                    0000000180006270 f   gzwrite.obj
 0001:00005430       gz_zero                    0000000180006430 f   gzwrite.obj
 0001:000054e0       gz_write                   00000001800064e0 f   gzwrite.obj
 0001:00005d80       fixedtables                0000000180006d80 f   infback.obj
 0001:00006c64       $LN482                     0000000180007c64     infback.obj
 0001:000071f0       inflateStateCheck          00000001800081f0 f   inflate.obj
 0001:00007520       fixedtables                0000000180008520 f   inflate.obj
 0001:00007550       updatewindow               0000000180008550 f   inflate.obj
 0001:00008e18       $LN816                     0000000180009e18     inflate.obj
 0001:00009090       syncsearch                 000000018000a090 f   inflate.obj
 0001:00009c00       fopen_file_func            000000018000ac00 f   ioapi.obj
 0001:00009c50       fopen64_file_func          000000018000ac50 f   ioapi.obj
 0001:00009ca0       fread_file_func            000000018000aca0 f   ioapi.obj
 0001:00009cc0       fwrite_file_func           000000018000acc0 f   ioapi.obj
 0001:00009ce0       ftell_file_func            000000018000ace0 f   ioapi.obj
 0001:00009cf0       ftell64_file_func          000000018000acf0 f   ioapi.obj
 0001:00009d00       fseek_file_func            000000018000ad00 f   ioapi.obj
 0001:00009d50       fseek64_file_func          000000018000ad50 f   ioapi.obj
 0001:00009da0       fclose_file_func           000000018000ada0 f   ioapi.obj
 0001:00009db0       ferror_file_func           000000018000adb0 f   ioapi.obj
 0001:00009e20       win32_translate_open_mode  000000018000ae20 f   iowin32.obj
 0001:00009e80       win32_build_iowin          000000018000ae80 f   iowin32.obj
 0001:0000a1d0       MySetFilePointerEx         000000018000b1d0 f   iowin32.obj
 0001:0000a5d0       bi_reverse                 000000018000b5d0 f   trees.obj
 0001:0000a5f0       bi_flush                   000000018000b5f0 f   trees.obj
 0001:0000a670       bi_windup                  000000018000b670 f   trees.obj
 0001:0000a6d0       gen_codes                  000000018000b6d0 f   trees.obj
 0001:0000a7f0       tr_static_init             000000018000b7f0 f   trees.obj
 0001:0000a800       init_block                 000000018000b800 f   trees.obj
 0001:0000aa40       pqdownheap                 000000018000ba40 f   trees.obj
 0001:0000ab30       gen_bitlen                 000000018000bb30 f   trees.obj
 0001:0000ad40       build_tree                 000000018000bd40 f   trees.obj
 0001:0000af80       scan_tree                  000000018000bf80 f   trees.obj
 0001:0000b090       send_tree                  000000018000c090 f   trees.obj
 0001:0000b580       build_bl_tree              000000018000c580 f   trees.obj
 0001:0000b650       send_all_trees             000000018000c650 f   trees.obj
 0001:0000bae0       compress_block             000000018000cae0 f   trees.obj
 0001:0000bf50       detect_data_type           000000018000cf50 f   trees.obj
 0001:0000c380       decrypt_byte               000000018000d380 f   unzip.obj
 0001:0000c3a0       update_keys                000000018000d3a0 f   unzip.obj
 0001:0000c400       init_keys                  000000018000d400 f   unzip.obj
 0001:0000c470       unz64local_getShort        000000018000d470 f   unzip.obj
 0001:0000c4f0       unz64local_getLong         000000018000d4f0 f   unzip.obj
 0001:0000c580       unz64local_getLong64       000000018000d580 f   unzip.obj
 0001:0000c650       strcmpcasenosensitive_internal 000000018000d650 f   unzip.obj
 0001:0000c700       unz64local_SearchCentralDir 000000018000d700 f   unzip.obj
 0001:0000c860       unz64local_SearchCentralDir64 000000018000d860 f   unzip.obj
 0001:0000ca80       unzOpenInternal            000000018000da80 f   unzip.obj
 0001:0000d050       unz64local_DosDateToTmuDate 000000018000e050 f   unzip.obj
 0001:0000d0b0       unz64local_GetCurrentFileInfoInternal 000000018000e0b0 f   unzip.obj
 0001:0000dbf0       unz64local_CheckCurrentFileCoherencyHeader 000000018000ebf0 f   unzip.obj
 0001:0000e7e0       time                       000000018000f7e0 f   zip.obj
 0001:0000e7f0       decrypt_byte               000000018000f7f0 f   zip.obj
 0001:0000e810       update_keys                000000018000f810 f   zip.obj
 0001:0000e870       init_keys                  000000018000f870 f   zip.obj
 0001:0000e8e0       crypthead                  000000018000f8e0 f   zip.obj
 0001:0000ea30       allocate_new_datablock     000000018000fa30 f   zip.obj
 0001:0000ea60       free_datablock             000000018000fa60 f   zip.obj
 0001:0000ea90       init_linkedlist            000000018000fa90 f   zip.obj
 0001:0000eaa0       free_linkedlist            000000018000faa0 f   zip.obj
 0001:0000eac0       add_data_in_datablock      000000018000fac0 f   zip.obj
 0001:0000eba0       zip64local_putValue        000000018000fba0 f   zip.obj
 0001:0000ec20       zip64local_putValue_inmemory 000000018000fc20 f   zip.obj
 0001:0000ec60       zip64local_TmzDateToDosDate 000000018000fc60 f   zip.obj
 0001:0000ecb0       zip64local_getByte         000000018000fcb0 f   zip.obj
 0001:0000ed20       zip64local_getShort        000000018000fd20 f   zip.obj
 0001:0000eda0       zip64local_getLong         000000018000fda0 f   zip.obj
 0001:0000ee70       zip64local_getLong64       000000018000fe70 f   zip.obj
 0001:0000eff0       zip64local_SearchCentralDir 000000018000fff0 f   zip.obj
 0001:0000f160       zip64local_SearchCentralDir64 0000000180010160 f   zip.obj
 0001:0000f380       LoadCentralDirectoryRecord 0000000180010380 f   zip.obj
 0001:0000f9a0       Write_LocalFileHeader      00000001800109a0 f   zip.obj
 0001:000105c0       zip64FlushWriteBuffer      00000001800115c0 f   zip.obj
 0001:00010d20       Write_Zip64EndOfCentralDirectoryLocator 0000000180011d20 f   zip.obj
 0001:00010da0       Write_Zip64EndOfCentralDirectoryRecord 0000000180011da0 f   zip.obj
 0001:00010ed0       Write_EndOfCentralDirectoryRecord 0000000180011ed0 f   zip.obj
 0001:00011000       Write_GlobalComment        0000000180012000 f   zip.obj
 0001:00011294       ?dllmain_crt_dispatch@@YAHQEAUHINSTANCE__@@KQEAX@Z 0000000180012294 f   MSVCRT:dll_dllmain.obj
 0001:000112e4       ?dllmain_crt_process_attach@@YAHQEAUHINSTANCE__@@QEAX@Z 00000001800122e4 f   MSVCRT:dll_dllmain.obj
 0001:000113fc       ?dllmain_crt_process_detach@@YAH_N@Z 00000001800123fc f   MSVCRT:dll_dllmain.obj
 0001:0001147c       ?dllmain_dispatch@@YAHQEAUHINSTANCE__@@KQEAX@Z 000000018001247c f   MSVCRT:dll_dllmain.obj
 0001:000115b0       ?dllmain_raw@@YAHQEAUHINSTANCE__@@KQEAX@Z 00000001800125b0 f   MSVCRT:dll_dllmain.obj
 0001:00011614       __get_entropy              0000000180012614 f   MSVCRT:gs_support.obj
 0001:000117a4       ?find_pe_section@@YAPEAU_IMAGE_SECTION_HEADER@@QEAE_K@Z 00000001800127a4 f   MSVCRT:utility.obj
 0001:000117f8       ?is_potentially_valid_image_base@@YA_NQEAX@Z 00000001800127f8 f   MSVCRT:utility.obj
 0001:00011f24       __castguard_check_failure_os_handled_wrapper 0000000180012f24 f   MSVCRT:guard_support.obj
 0001:00011f74       __castguard_check_failure_user_handled_wrapper 0000000180012f74 f   MSVCRT:guard_support.obj
 0001:00011f90       __castguard_compat_check   0000000180012f90 f   MSVCRT:guard_support.obj
 0001:000120cc       __castguard_slow_path_compat_check 00000001800130cc f   MSVCRT:guard_support.obj
 0001:00012440       $$000000                   0000000180013440     MSVCRT:chkstk.obj
 0001:000124b0       $$000000                   00000001800134b0     MSVCRT:guard_dispatch.obj
 0001:000124d0       $$000000                   00000001800134d0     MSVCRT:guard_xfg_dispatch.obj
 0001:000124e6       ?fin$0@?0??dllmain_crt_process_attach@@YAHQEAUHINSTANCE__@@QEAX@Z@4HA 00000001800134e6 f   MSVCRT:dll_dllmain.obj
 0001:000124fd       ?fin$0@?0??dllmain_crt_process_detach@@YAH_N@Z@4HA 00000001800134fd f   MSVCRT:dll_dllmain.obj
 0001:00012516       ?fin$1@?0??dllmain_crt_process_detach@@YAH_N@Z@4HA 0000000180013516 f   MSVCRT:dll_dllmain.obj
 0001:0001252a       ?filt$0@?0??dllmain_dispatch@@YAHQEAUHINSTANCE__@@KQEAX@Z@4HA 000000018001352a f   MSVCRT:dll_dllmain.obj
 0001:00012560       __scrt_is_nonwritable_in_current_image$filt$0 0000000180013560 f   MSVCRT:utility.obj
 0002:00000300       crc_table                  0000000180014300     crc32.obj
 0002:00000700       crc_big_table              0000000180014700     crc32.obj
 0002:00000b00       crc_braid_table            0000000180014b00     crc32.obj
 0002:00001b00       crc_braid_big_table        0000000180015b00     crc32.obj
 0002:00002b00       x2n_table                  0000000180016b00     crc32.obj
 0002:00002b80       ?my_version@?1??deflateInit2_@@9@9 0000000180016b80     deflate.obj
 0002:00002b90       configuration_table        0000000180016b90     deflate.obj
 0002:00002c30       ?lenfix@?1??fixedtables@@9@9 0000000180016c30     infback.obj
 0002:00003430       ?distfix@?1??fixedtables@@9@9 0000000180017430     infback.obj
 0002:000034b0       ?order@?1??inflateBack@@9@9 00000001800174b0     infback.obj
 0002:000034e0       ?lenfix@?1??fixedtables@@9@9 00000001800174e0     inflate.obj
 0002:00003ce0       ?distfix@?1??fixedtables@@9@9 0000000180017ce0     inflate.obj
 0002:00003d60       ?order@?1??inflate@@9@9    0000000180017d60     inflate.obj
 0002:00003d90       ?dext@?1??inflate_table@@9@9 0000000180017d90     inftrees.obj
 0002:00003dd0       ?lext@?1??inflate_table@@9@9 0000000180017dd0     inftrees.obj
 0002:00003e10       ?lbase@?1??inflate_table@@9@9 0000000180017e10     inftrees.obj
 0002:00003e50       ?dbase@?1??inflate_table@@9@9 0000000180017e50     inftrees.obj
 0002:00004190       static_dtree               0000000180018190     trees.obj
 0002:00004210       extra_blbits               0000000180018210     trees.obj
 0002:00004260       extra_lbits                0000000180018260     trees.obj
 0002:000042e0       base_dist                  00000001800182e0     trees.obj
 0002:00004360       base_length                0000000180018360     trees.obj
 0002:000043d8       static_l_desc              00000001800183d8     trees.obj
 0002:000043f8       static_bl_desc             00000001800183f8     trees.obj
 0002:00004420       extra_dbits                0000000180018420     trees.obj
 0002:000044a0       static_ltree               00000001800184a0     trees.obj
 0002:00004920       static_d_desc              0000000180018920     trees.obj
 0002:00004940       bl_order                   0000000180018940     trees.obj
 0002:000054c0       $unwind$adler32_combine_   00000001800194c0     adler32.obj
 0002:000054c8       $unwind$compress2          00000001800194c8     compress.obj
 0002:000054e0       $unwind$compress           00000001800194e0     compress.obj
 0002:000054e8       $unwind$x2nmodp            00000001800194e8     crc32.obj
 0002:000054f0       $chain$0$x2nmodp           00000001800194f0     crc32.obj
 0002:00005504       $chain$1$x2nmodp           0000000180019504     crc32.obj
 0002:00005514       $unwind$crc32_z            0000000180019514     crc32.obj
 0002:00005520       $chain$3$crc32_z           0000000180019520     crc32.obj
 0002:00005540       $chain$5$crc32_z           0000000180019540     crc32.obj
 0002:00005558       $chain$6$crc32_z           0000000180019558     crc32.obj
 0002:00005568       $chain$7$crc32_z           0000000180019568     crc32.obj
 0002:00005578       $unwind$crc32_combine64    0000000180019578     crc32.obj
 0002:00005584       $unwind$crc32_combine_op   0000000180019584     crc32.obj
 0002:0000558c       $unwind$slide_hash         000000018001958c     deflate.obj
 0002:00005594       $unwind$read_buf           0000000180019594     deflate.obj
 0002:000055a8       $unwind$fill_window        00000001800195a8     deflate.obj
 0002:000055b8       $unwind$deflateInit_       00000001800195b8     deflate.obj
 0002:000055c0       $unwind$deflateInit2_      00000001800195c0     deflate.obj
 0002:000055d4       $chain$0$deflateInit2_     00000001800195d4     deflate.obj
 0002:000055e8       $chain$1$deflateInit2_     00000001800195e8     deflate.obj
 0002:000055fc       $chain$2$deflateInit2_     00000001800195fc     deflate.obj
 0002:0000560c       $chain$4$deflateInit2_     000000018001960c     deflate.obj
 0002:00005624       $chain$5$deflateInit2_     0000000180019624     deflate.obj
 0002:00005638       $chain$6$deflateInit2_     0000000180019638     deflate.obj
 0002:00005648       $unwind$deflateSetDictionary 0000000180019648     deflate.obj
 0002:00005658       $chain$2$deflateSetDictionary 0000000180019658     deflate.obj
 0002:00005674       $chain$3$deflateSetDictionary 0000000180019674     deflate.obj
 0002:00005684       $unwind$deflateGetDictionary 0000000180019684     deflate.obj
 0002:00005690       $unwind$deflateResetKeep   0000000180019690     deflate.obj
 0002:0000569c       $unwind$lm_init            000000018001969c     deflate.obj
 0002:000056a8       $unwind$deflateReset       00000001800196a8     deflate.obj
 0002:000056b4       $unwind$deflateSetHeader   00000001800196b4     deflate.obj
 0002:000056bc       $unwind$deflatePending     00000001800196bc     deflate.obj
 0002:000056c4       $unwind$deflatePrime       00000001800196c4     deflate.obj
 0002:000056d0       $unwind$deflateParams      00000001800196d0     deflate.obj
 0002:000056e8       $unwind$deflateTune        00000001800196e8     deflate.obj
 0002:000056f0       $unwind$deflateBound       00000001800196f0     deflate.obj
 0002:000056f8       $unwind$flush_pending      00000001800196f8     deflate.obj
 0002:00005708       $chain$0$flush_pending     0000000180019708     deflate.obj
 0002:0000571c       $chain$1$flush_pending     000000018001971c     deflate.obj
 0002:0000572c       $unwind$deflate            000000018001972c     deflate.obj
 0002:00005738       $chain$4$deflate           0000000180019738     deflate.obj
 0002:0000575c       $chain$6$deflate           000000018001975c     deflate.obj
 0002:00005780       $chain$7$deflate           0000000180019780     deflate.obj
 0002:00005794       $chain$8$deflate           0000000180019794     deflate.obj
 0002:000057a4       $unwind$deflateEnd         00000001800197a4     deflate.obj
 0002:000057b8       $chain$4$deflateEnd        00000001800197b8     deflate.obj
 0002:000057d0       $chain$5$deflateEnd        00000001800197d0     deflate.obj
 0002:000057e4       $unwind$deflateCopy        00000001800197e4     deflate.obj
 0002:000057ec       $chain$1$deflateCopy       00000001800197ec     deflate.obj
 0002:00005804       $chain$3$deflateCopy       0000000180019804     deflate.obj
 0002:0000581c       $chain$4$deflateCopy       000000018001981c     deflate.obj
 0002:0000582c       $unwind$longest_match      000000018001982c     deflate.obj
 0002:00005848       $unwind$deflate_stored     0000000180019848     deflate.obj
 0002:00005854       $chain$0$deflate_stored    0000000180019854     deflate.obj
 0002:00005868       $chain$4$deflate_stored    0000000180019868     deflate.obj
 0002:00005888       $chain$5$deflate_stored    0000000180019888     deflate.obj
 0002:000058a0       $chain$6$deflate_stored    00000001800198a0     deflate.obj
 0002:000058b8       $unwind$deflate_fast       00000001800198b8     deflate.obj
 0002:000058d4       $unwind$deflate_slow       00000001800198d4     deflate.obj
 0002:000058f0       $unwind$deflate_rle        00000001800198f0     deflate.obj
 0002:00005908       $unwind$deflate_huff       0000000180019908     deflate.obj
 0002:00005918       $unwind$vsnprintf          0000000180019918     gzlib.obj
 0002:0000592c       $unwind$snprintf           000000018001992c     gzlib.obj
 0002:0000593c       $unwind$gz_reset           000000018001993c     gzlib.obj
 0002:00005948       $unwind$gz_open            0000000180019948     gzlib.obj
 0002:00005960       $chain$0$gz_open           0000000180019960     gzlib.obj
 0002:00005974       $chain$1$gz_open           0000000180019974     gzlib.obj
 0002:00005984       $chain$2$gz_open           0000000180019984     gzlib.obj
 0002:00005998       $chain$3$gz_open           0000000180019998     gzlib.obj
 0002:000059a8       $unwind$gzdopen            00000001800199a8     gzlib.obj
 0002:000059b8       $unwind$gzrewind           00000001800199b8     gzlib.obj
 0002:000059c0       $unwind$gzseek64           00000001800199c0     gzlib.obj
 0002:000059d4       $unwind$gzseek             00000001800199d4     gzlib.obj
 0002:000059dc       $unwind$gztell             00000001800199dc     gzlib.obj
 0002:000059e4       $unwind$gzoffset64         00000001800199e4     gzlib.obj
 0002:000059ec       $unwind$gzoffset           00000001800199ec     gzlib.obj
 0002:000059f4       $unwind$gz_error           00000001800199f4     gzlib.obj
 0002:00005a08       $unwind$gz_load            0000000180019a08     gzread.obj
 0002:00005a20       $unwind$gz_avail           0000000180019a20     gzread.obj
 0002:00005a28       $unwind$gz_look            0000000180019a28     gzread.obj
 0002:00005a3c       $unwind$gz_decomp          0000000180019a3c     gzread.obj
 0002:00005a50       $unwind$gz_fetch           0000000180019a50     gzread.obj
 0002:00005a58       $unwind$gz_skip            0000000180019a58     gzread.obj
 0002:00005a64       $unwind$gz_read            0000000180019a64     gzread.obj
 0002:00005a80       $unwind$gzread             0000000180019a80     gzread.obj
 0002:00005a88       $unwind$gzfread            0000000180019a88     gzread.obj
 0002:00005a90       $unwind$gzgetc             0000000180019a90     gzread.obj
 0002:00005a98       $unwind$gzungetc           0000000180019a98     gzread.obj
 0002:00005aa4       $unwind$gzgets             0000000180019aa4     gzread.obj
 0002:00005ac0       $unwind$gzdirect           0000000180019ac0     gzread.obj
 0002:00005ac8       $unwind$gzclose_r          0000000180019ac8     gzread.obj
 0002:00005ad0       $chain$1$gzclose_r         0000000180019ad0     gzread.obj
 0002:00005ae8       $chain$2$gzclose_r         0000000180019ae8     gzread.obj
 0002:00005af8       $unwind$gz_init            0000000180019af8     gzwrite.obj
 0002:00005b0c       $unwind$gz_comp            0000000180019b0c     gzwrite.obj
 0002:00005b24       $unwind$gz_zero            0000000180019b24     gzwrite.obj
[...]
 0002:000068bc       $unwind$zipOpenNewFileInZip64 000000018001a8bc     zip.obj
 0002:000068c4       $unwind$zipOpenNewFileInZip 000000018001a8c4     zip.obj
 0002:000068cc       $unwind$zip64FlushWriteBuffer 000000018001a8cc     zip.obj
 0002:000068d4       $chain$0$zip64FlushWriteBuffer 000000018001a8d4     zip.obj
 0002:000068e8       $chain$3$zip64FlushWriteBuffer 000000018001a8e8     zip.obj
 0002:00006904       $chain$4$zip64FlushWriteBuffer 000000018001a904     zip.obj
 0002:00006914       $chain$5$zip64FlushWriteBuffer 000000018001a914     zip.obj
 0002:00006924       $unwind$zipWriteInFileInZip 000000018001a924     zip.obj
 0002:00006938       $chain$0$zipWriteInFileInZip 000000018001a938     zip.obj
 0002:0000694c       $chain$2$zipWriteInFileInZip 000000018001a94c     zip.obj
 0002:00006960       $chain$3$zipWriteInFileInZip 000000018001a960     zip.obj
 0002:00006970       $unwind$zipCloseFileInZipRaw64 000000018001a970     zip.obj
 0002:00006980       $chain$2$zipCloseFileInZipRaw64 000000018001a980     zip.obj
 0002:0000699c       $chain$4$zipCloseFileInZipRaw64 000000018001a99c     zip.obj
 0002:000069b8       $chain$5$zipCloseFileInZipRaw64 000000018001a9b8     zip.obj
 0002:000069c8       $unwind$Write_Zip64EndOfCentralDirectoryLocator 000000018001a9c8     zip.obj
 0002:000069d4       $unwind$Write_Zip64EndOfCentralDirectoryRecord 000000018001a9d4     zip.obj
 0002:000069e4       $unwind$Write_EndOfCentralDirectoryRecord 000000018001a9e4     zip.obj
 0002:000069f0       $chain$0$Write_EndOfCentralDirectoryRecord 000000018001a9f0     zip.obj
 0002:00006a04       $chain$2$Write_EndOfCentralDirectoryRecord 000000018001aa04     zip.obj
 0002:00006a1c       $chain$3$Write_EndOfCentralDirectoryRecord 000000018001aa1c     zip.obj
 0002:00006a2c       $chain$4$Write_EndOfCentralDirectoryRecord 000000018001aa2c     zip.obj
 0002:00006a3c       $unwind$Write_GlobalComment 000000018001aa3c     zip.obj
 0002:00006a54       $unwind$zipClose           000000018001aa54     zip.obj
 0002:00006a68       $chain$1$zipClose          000000018001aa68     zip.obj
 0002:00006a7c       $chain$2$zipClose          000000018001aa7c     zip.obj
 0002:00006a90       $chain$3$zipClose          000000018001aa90     zip.obj
 0002:00006aa0       $chain$4$zipClose          000000018001aaa0     zip.obj
 0002:00006ab0       $unwind$?dllmain_crt_process_attach@@YAHQEAUHINSTANCE__@@QEAX@Z 000000018001aab0     MSVCRT:dll_dllmain.obj
 0002:00006aec       $unwind$?fin$0@?0??dllmain_crt_process_attach@@YAHQEAUHINSTANCE__@@QEAX@Z@4HA 000000018001aaec     MSVCRT:dll_dllmain.obj
 0002:00006af4       $unwind$?dllmain_crt_process_detach@@YAH_N@Z 000000018001aaf4     MSVCRT:dll_dllmain.obj
 0002:00006b48       $unwind$?fin$0@?0??dllmain_crt_process_detach@@YAH_N@Z@4HA 000000018001ab48     MSVCRT:dll_dllmain.obj
 0002:00006b50       $unwind$?fin$1@?0??dllmain_crt_process_detach@@YAH_N@Z@4HA 000000018001ab50     MSVCRT:dll_dllmain.obj
 0002:00006b58       $unwind$?dllmain_crt_dispatch@@YAHQEAUHINSTANCE__@@KQEAX@Z 000000018001ab58     MSVCRT:dll_dllmain.obj
 0002:00006b60       $unwind$?dllmain_dispatch@@YAHQEAUHINSTANCE__@@KQEAX@Z 000000018001ab60     MSVCRT:dll_dllmain.obj
 0002:00006b88       $unwind$?filt$0@?0??dllmain_dispatch@@YAHQEAUHINSTANCE__@@KQEAX@Z@4HA 000000018001ab88     MSVCRT:dll_dllmain.obj
 0002:00006b90       $unwind$_DllMainCRTStartup 000000018001ab90     MSVCRT:dll_dllmain.obj
 0002:00006ba0       $unwind$__security_init_cookie 000000018001aba0     MSVCRT:gs_support.obj
 0002:00006bac       $unwind$__get_entropy      000000018001abac     MSVCRT:gs_support.obj
 0002:00006bb4       $unwind$DllMain            000000018001abb4     MSVCRT:dll_dllmain_stub.obj
 0002:00006bbc       $unwind$__scrt_initialize_default_local_stdio_options 000000018001abbc     MSVCRT:default_local_stdio_options.obj
 0002:00006bc4       $unwind$atexit             000000018001abc4     MSVCRT:utility.obj
 0002:00006bcc       $unwind$_onexit            000000018001abcc     MSVCRT:utility.obj
 0002:00006bd4       $unwind$__scrt_is_nonwritable_in_current_image 000000018001abd4     MSVCRT:utility.obj
 0002:00006bf4       $unwind$__scrt_is_nonwritable_in_current_image$filt$0 000000018001abf4     MSVCRT:utility.obj
 0002:00006bfc       $unwind$__scrt_acquire_startup_lock 000000018001abfc     MSVCRT:utility.obj
 0002:00006c04       $unwind$__scrt_release_startup_lock 000000018001ac04     MSVCRT:utility.obj
 0002:00006c0c       $unwind$__scrt_initialize_crt 000000018001ac0c     MSVCRT:utility.obj
 0002:00006c14       $unwind$__scrt_uninitialize_crt 000000018001ac14     MSVCRT:utility.obj
 0002:00006c1c       $unwind$__scrt_initialize_onexit_tables 000000018001ac1c     MSVCRT:utility.obj
 0002:00006c24       $unwind$__scrt_dllmain_exception_filter 000000018001ac24     MSVCRT:utility.obj
 0002:00006c38       $unwind$__scrt_dllmain_before_initialize_c 000000018001ac38     MSVCRT:utility.obj
 0002:00006c40       $unwind$__scrt_dllmain_after_initialize_c 000000018001ac40     MSVCRT:utility.obj
 0002:00006c48       $unwind$__scrt_dllmain_uninitialize_c 000000018001ac48     MSVCRT:utility.obj
 0002:00006c50       $unwind$__scrt_dllmain_uninitialize_critical 000000018001ac50     MSVCRT:utility.obj
 0002:00006c58       $unwind$__scrt_dllmain_crt_thread_attach 000000018001ac58     MSVCRT:utility.obj
 0002:00006c60       $unwind$__scrt_dllmain_crt_thread_detach 000000018001ac60     MSVCRT:utility.obj
 0002:00006c68       $unwind$?configure_argv@__scrt_narrow_argv_policy@@SAHXZ 000000018001ac68     MSVCRT:utility.obj
 0002:00006c70       $unwind$__scrt_get_show_window_mode 000000018001ac70     MSVCRT:utility_desktop.obj
 0002:00006c78       $unwind$__scrt_is_managed_app 000000018001ac78     MSVCRT:utility_desktop.obj
 0002:00006c80       $unwind$__scrt_fastfail    000000018001ac80     MSVCRT:utility_desktop.obj
 0002:00006c90       $unwind$__scrt_unhandled_exception_filter 000000018001ac90     MSVCRT:utility_desktop.obj
 0002:00006c9c       $unwind$_RTC_Initialize    000000018001ac9c     MSVCRT:initsect.obj
 0002:00006ca8       $unwind$_RTC_Terminate     000000018001aca8     MSVCRT:initsect.obj
 0002:00006cb4       $unwind$__castguard_check_failure_os_handled_wrapper 000000018001acb4     MSVCRT:guard_support.obj
 0002:00006cbc       $unwind$__castguard_check_failure_user_handled_wrapper 000000018001acbc     MSVCRT:guard_support.obj
 0002:00006cc4       $unwind$__castguard_check_failure_os_handled 000000018001acc4     MSVCRT:guard_support.obj
 0002:00006ccc       $unwind$__castguard_check_failure_user_handled 000000018001accc     MSVCRT:guard_support.obj
 0002:00006cd4       $unwind$__castguard_slow_path_check_os_handled 000000018001acd4     MSVCRT:guard_support.obj
 0002:00006cdc       $unwind$__castguard_slow_path_check_user_handled 000000018001acdc     MSVCRT:guard_support.obj
 0002:00006ce4       $unwind$__isa_available_init 000000018001ace4     MSVCRT:cpu_disp.obj
 0002:00006cf8       $xdatasym                  000000018001acf8     MSVCRT:guard_dispatch.obj
 0002:00006d00       $xdatasym                  000000018001ad00     MSVCRT:guard_xfg_dispatch.obj
 0002:00006d08       $xdatasym                  000000018001ad08     MSVCRT:chkstk.obj
 0002:00006d10       .edata                     000000018001ad10     zlibwapi.exp
 0002:00006d38       rgpv                       000000018001ad38     zlibwapi.exp
 0002:00007000       rgszName                   000000018001b000     zlibwapi.exp
 0002:00007210       rgwOrd                     000000018001b210     zlibwapi.exp
 0002:00007318       szName                     000000018001b318     zlibwapi.exp
 0002:00007325       $N00001                    000000018001b325     zlibwapi.exp
 0002:0000732d       $N00140                    000000018001b32d     zlibwapi.exp
 0002:0000733d       $N00174                    000000018001b33d     zlibwapi.exp
 0002:00007347       $N00002                    000000018001b347     zlibwapi.exp
 0002:00007350       $N00039                    000000018001b350     zlibwapi.exp
 0002:0000735a       $N00046                    000000018001b35a     zlibwapi.exp
 0002:00007368       $N00003                    000000018001b368     zlibwapi.exp
 0002:0000736e       $N00142                    000000018001b36e     zlibwapi.exp
 0002:0000737c       $N00176                    000000018001b37c     zlibwapi.exp
 0002:0000738e       $N00177                    000000018001b38e     zlibwapi.exp
 0002:000073a2       $N00178                    000000018001b3a2     zlibwapi.exp
 0002:000073b3       $N00175                    000000018001b3b3     zlibwapi.exp
 0002:000073bb       $N00004                    000000018001b3bb     zlibwapi.exp
 0002:000073c3       $N00047                    000000018001b3c3     zlibwapi.exp
 0002:000073d0       $N00005                    000000018001b3d0     zlibwapi.exp
 0002:000073dc       $N00006                    000000018001b3dc     zlibwapi.exp
 0002:000073e7       $N00173                    000000018001b3e7     zlibwapi.exp
 0002:000073fc       $N00007                    000000018001b3fc     zlibwapi.exp
 0002:0000740a       $N00008                    000000018001b40a     zlibwapi.exp
 0002:00007417       $N00009                    000000018001b417     zlibwapi.exp
 0002:00007425       $N00052                    000000018001b425     zlibwapi.exp
 0002:00007434       $N00051                    000000018001b434     zlibwapi.exp
 0002:00007441       $N00010                    000000018001b441     zlibwapi.exp
 0002:0000744e       $N00164                    000000018001b44e     zlibwapi.exp
 0002:0000745f       $N00011                    000000018001b45f     zlibwapi.exp
 0002:00007474       $N00144                    000000018001b474     zlibwapi.exp
 0002:00007485       $N00145                    000000018001b485     zlibwapi.exp
 0002:00007491       $N00110                    000000018001b491     zlibwapi.exp
 0002:000074a5       $N00111                    000000018001b4a5     zlibwapi.exp
 0002:000074bb       $N00112                    000000018001b4bb     zlibwapi.exp
 0002:000074d2       $N00113                    000000018001b4d2     zlibwapi.exp
 0002:000074e9       $N00038                    000000018001b4e9     zlibwapi.exp
 0002:000074f7       $N00146                    000000018001b4f7     zlibwapi.exp
 0002:00007500       $N00048                    000000018001b500     zlibwapi.exp
 0002:0000750b       $N00012                    000000018001b50b     zlibwapi.exp
 0002:00007513       $N00147                    000000018001b513     zlibwapi.exp
 0002:0000751d       $N00148                    000000018001b51d     zlibwapi.exp
 0002:00007527       $N00149                    000000018001b527     zlibwapi.exp
 0002:00007530       $N00013                    000000018001b530     zlibwapi.exp
 0002:00007538       $N00034                    000000018001b538     zlibwapi.exp
 0002:0000753e       $N00014                    000000018001b53e     zlibwapi.exp
 0002:00007546       $N00015                    000000018001b546     zlibwapi.exp
 0002:0000754e       $N00171                    000000018001b54e     zlibwapi.exp
 0002:00007556       $N00172                    000000018001b556     zlibwapi.exp
 0002:0000755f       $N00030                    000000018001b55f     zlibwapi.exp
 0002:00007566       $N00161                    000000018001b566     zlibwapi.exp
 0002:0000756e       $N00041                    000000018001b56e     zlibwapi.exp
 0002:00007575       $N00150                    000000018001b575     zlibwapi.exp
 0002:0000757e       $N00016                    000000018001b57e     zlibwapi.exp
 0002:00007585       $N00165                    000000018001b585     zlibwapi.exp
 0002:0000758e       $N00028                    000000018001b58e     zlibwapi.exp
 0002:00007597       $N00029                    000000018001b597     zlibwapi.exp
 0002:0000759e       $N00040                    000000018001b59e     zlibwapi.exp
 0002:000075a5       $N00017                    000000018001b5a5     zlibwapi.exp
 0002:000075ac       $N00032                    000000018001b5ac     zlibwapi.exp
 0002:000075b5       $N00031                    000000018001b5b5     zlibwapi.exp
 0002:000075bc       $N00035                    000000018001b5bc     zlibwapi.exp
 0002:000075c8       $N00033                    000000018001b5c8     zlibwapi.exp
 0002:000075cf       $N00049                    000000018001b5cf     zlibwapi.exp
 0002:000075d8       $N00167                    000000018001b5d8     zlibwapi.exp
 0002:000075e2       $N00018                    000000018001b5e2     zlibwapi.exp
 0002:000075ea       $N00019                    000000018001b5ea     zlibwapi.exp
 0002:000075f2       $N00044                    000000018001b5f2     zlibwapi.exp
 0002:000075fe       $N00045                    000000018001b5fe     zlibwapi.exp
 0002:0000760d       $N00043                    000000018001b60d     zlibwapi.exp
 0002:0000761e       $N00168                    000000018001b61e     zlibwapi.exp
 0002:0000762f       $N00042                    000000018001b62f     zlibwapi.exp
 0002:0000763b       $N00020                    000000018001b63b     zlibwapi.exp
 0002:00007646       $N00166                    000000018001b646     zlibwapi.exp
 0002:0000765b       $N00156                    000000018001b65b     zlibwapi.exp
 0002:0000766c       $N00021                    000000018001b66c     zlibwapi.exp
 0002:0000767a       $N00022                    000000018001b67a     zlibwapi.exp
 0002:00007687       $N00157                    000000018001b687     zlibwapi.exp
 0002:00007693       $N00158                    000000018001b693     zlibwapi.exp
 0002:000076a0       $N00023                    000000018001b6a0     zlibwapi.exp
 0002:000076ad       $N00159                    000000018001b6ad     zlibwapi.exp
 0002:000076bb       $N00163                    000000018001b6bb     zlibwapi.exp
 0002:000076cc       $N00024                    000000018001b6cc     zlibwapi.exp
 0002:000076e1       $N00025                    000000018001b6e1     zlibwapi.exp
 0002:000076ed       $N00037                    000000018001b6ed     zlibwapi.exp
 0002:000076fe       $N00160                    000000018001b6fe     zlibwapi.exp
 0002:0000770f       $N00169                    000000018001b70f     zlibwapi.exp
 0002:0000771f       $N00026                    000000018001b71f     zlibwapi.exp
 0002:0000772a       $N00170                    000000018001b72a     zlibwapi.exp
 0002:00007736       $N00062                    000000018001b736     zlibwapi.exp
 0002:0000773f       $N00072                    000000018001b73f     zlibwapi.exp
 0002:00007753       $N00064                    000000018001b753     zlibwapi.exp
 0002:00007769       $N00124                    000000018001b769     zlibwapi.exp
 0002:00007781       $N00125                    000000018001b781     zlibwapi.exp
 0002:0000779f       $N00100                    000000018001b79f     zlibwapi.exp
 0002:000077ad       $N00127                    000000018001b7ad     zlibwapi.exp
 0002:000077bd       $N00073                    000000018001b7bd     zlibwapi.exp
 0002:000077d1       $N00063                    000000018001b7d1     zlibwapi.exp
 0002:000077e2       $N00122                    000000018001b7e2     zlibwapi.exp
 0002:000077f5       $N00076                    000000018001b7f5     zlibwapi.exp
 0002:0000780b       $N00101                    000000018001b80b     zlibwapi.exp
 0002:0000781a       $N00128                    000000018001b81a     zlibwapi.exp
 0002:0000782b       $N00065                    000000018001b82b     zlibwapi.exp
 0002:0000783c       $N00066                    000000018001b83c     zlibwapi.exp
 0002:0000784c       $N00075                    000000018001b84c     zlibwapi.exp
 0002:0000785a       $N00061                    000000018001b85a     zlibwapi.exp
 0002:00007862       $N00077                    000000018001b862     zlibwapi.exp
 0002:0000786b       $N00121                    000000018001b86b     zlibwapi.exp
 0002:00007877       $N00120                    000000018001b877     zlibwapi.exp
 0002:00007881       $N00067                    000000018001b881     zlibwapi.exp
 0002:00007894       $N00078                    000000018001b894     zlibwapi.exp
 0002:000078a8       $N00069                    000000018001b8a8     zlibwapi.exp
 0002:000078bc       $N00079                    000000018001b8bc     zlibwapi.exp
 0002:000078d7       $N00068                    000000018001b8d7     zlibwapi.exp
 0002:000078ea       $N00074                    000000018001b8ea     zlibwapi.exp
 0002:00007903       $N00071                    000000018001b903     zlibwapi.exp
 0002:0000790a       $N00070                    000000018001b90a     zlibwapi.exp
 0002:00007912       $N00126                    000000018001b912     zlibwapi.exp
 0002:0000791c       $N00036                    000000018001b91c     zlibwapi.exp
 0002:00007923       $N00084                    000000018001b923     zlibwapi.exp
 0002:0000792c       $N00083                    000000018001b92c     zlibwapi.exp
 0002:0000793e       $N00087                    000000018001b93e     zlibwapi.exp
 0002:00007953       $N00136                    000000018001b953     zlibwapi.exp
 0002:0000796a       $N00080                    000000018001b96a     zlibwapi.exp
 0002:00007972       $N00088                    000000018001b972     zlibwapi.exp
 0002:0000797b       $N00131                    000000018001b97b     zlibwapi.exp
 0002:00007987       $N00130                    000000018001b987     zlibwapi.exp
 0002:00007991       $N00081                    000000018001b991     zlibwapi.exp
 0002:000079a5       $N00086                    000000018001b9a5     zlibwapi.exp
 0002:000079ba       $N00133                    000000018001b9ba     zlibwapi.exp
 0002:000079d2       $N00089                    000000018001b9d2     zlibwapi.exp
 0002:000079e7       $N00134                    000000018001b9e7     zlibwapi.exp
 0002:000079ff       $N00135                    000000018001b9ff     zlibwapi.exp
 0002:00007a17       $N00132                    000000018001ba17     zlibwapi.exp
 0002:00007a2d       $N00082                    000000018001ba2d     zlibwapi.exp
 0002:00007a41       $N00050                    000000018001ba41     zlibwapi.exp
 0002:00007a52       $N00027                    000000018001ba52     zlibwapi.exp
 0002:00007dcc       .idata$6                   000000018001bdcc     kernel32:KERNEL32.dll
 0002:00007e50       .idata$6                   000000018001be50     vcruntime:VCRUNTIME140.dll
 0002:0000804c       .idata$6                   000000018001c04c     ucrt:api-ms-win-crt-stdio-l1-1-0.dll
 0002:0000806c       .idata$6                   000000018001c06c     ucrt:api-ms-win-crt-convert-l1-1-0.dll
 0002:0000808e       .idata$6                   000000018001c08e     ucrt:api-ms-win-crt-heap-l1-1-0.dll
 0002:000080ae       .idata$6                   000000018001c0ae     ucrt:api-ms-win-crt-runtime-l1-1-0.dll
 0002:000080d0       .idata$6                   000000018001c0d0     ucrt:api-ms-win-crt-utility-l1-1-0.dll
 0002:000080f2       .idata$6                   000000018001c0f2     ucrt:api-ms-win-crt-time-l1-1-0.dll
 0003:000000b0       ?__proc_attached@@3HA      000000018001d0b0     MSVCRT:dll_dllmain.obj
 0003:000000f0       ?is_initialized_as_dll@@3_NA 000000018001d0f0     MSVCRT:utility.obj
 0003:000000f1       ?module_local_atexit_table_initialized@@3_NA 000000018001d0f1     MSVCRT:utility.obj
 0003:000000f8       ?module_local_atexit_table@@3U_onexit_table_t@@A 000000018001d0f8     MSVCRT:utility.obj
 0003:00000110       ?module_local_at_quick_exit_table@@3U_onexit_table_t@@A 000000018001d110     MSVCRT:utility.obj
 0003:0000013c       ?calls@?1??crypthead@@9@9  000000018001d13c     zip.obj
 0005:00000060       $R000000                   0000000180020060     zlib.res
